[ simnibs 4.6.0 - 2026-08-03 10:49:29,904 - 80710 ]WARNING: Cannot locate subjects m2m folder
[ simnibs 4.6.0 - 2026-08-03 10:49:29,904 - 80710 ]WARNING: some postprocessing options might fail
[ simnibs 4.6.0 - 2026-08-03 10:49:29,904 - 80710 ]INFO: Head Mesh:          /Users/carl/CODELocalProjects/ear-emg-forward-model/data/mida_headneck.msh
[ simnibs 4.6.0 - 2026-08-03 10:49:29,904 - 80710 ]INFO: Subject Path:       None
[ simnibs 4.6.0 - 2026-08-03 10:49:29,904 - 80710 ]INFO: Simulation Folder:  /Users/carl/CODELocalProjects/ear-emg-forward-model/results/leadfields/iso/cg03
[ simnibs 4.6.0 - 2026-08-03 10:49:30,389 - 80710 ]INFO: Running simulations in the directory: /Users/carl/CODELocalProjects/ear-emg-forward-model/results/leadfields/iso/cg03
[ simnibs 4.6.0 - 2026-08-03 10:49:30,474 - 80710 ]INFO: Running Poslist Number: 1
[ simnibs 4.6.0 - 2026-08-03 10:49:30,474 - 80710 ]INFO: Began to run tDCS simulation
[ simnibs 4.6.0 - 2026-08-03 10:49:30,474 - 80710 ]INFO: Channels: [1, 2]
[ simnibs 4.6.0 - 2026-08-03 10:49:30,474 - 80710 ]INFO: Currents (A): [0.001, -0.001]
[ simnibs 4.6.0 - 2026-08-03 10:50:09,150 - 80710 ]INFO: Placing Electrode:
definition: plane
shape: ellipse
centre: [np.float64(76.23), np.float64(-10.82), np.float64(16.79)]
pos_ydir: []
dimensions: [10.0, 10.0]
thickness:2
channelnr: 1
number of holes: 0

[ simnibs 4.6.0 - 2026-08-03 10:50:16,230 - 80710 ]INFO: Placing Electrode:
definition: plane
shape: ellipse
centre: [np.float64(-71.65), np.float64(7.94), np.float64(-33.44)]
pos_ydir: []
dimensions: [10.0, 10.0]
thickness:2
channelnr: 2
number of holes: 0

[ simnibs 4.6.0 - 2026-08-03 10:51:05,217 - 80710 ]INFO: Using isotropic conductivities
[ simnibs 4.6.0 - 2026-08-03 10:51:08,591 - 80710 ]INFO: Simulating electrode pair 2101 - 2102
[ simnibs 4.6.0 - 2026-08-03 10:51:08,697 - 80710 ]INFO: Assembling FEM Matrix
[ simnibs 4.6.0 - 2026-08-03 10:51:19,027 - 80710 ]INFO: 10.33 s to assemble FEM matrix
[ simnibs 4.6.0 - 2026-08-03 10:51:19,038 - 80710 ]DEBUG: Solving FEM System
[ simnibs 4.6.0 - 2026-08-03 10:51:19,038 - 80710 ]INFO: Using solver options: hypre
[ simnibs 4.6.0 - 2026-08-03 10:51:22,780 - 80710 ]INFO: Time to set up KSP:   3.2065 s
[ simnibs 4.6.0 - 2026-08-03 10:51:36,175 - 80710 ]INFO: Time to solve:  13.3683 s
[ simnibs 4.6.0 - 2026-08-03 10:51:36,980 - 80710 ]WARNING: The current calibration error exceeded 10%! Estimated error value: 13.99%
[ simnibs 4.6.0 - 2026-08-03 10:51:42,282 - 80710 ]INFO: Creating visualizations
[ simnibs 4.6.0 - 2026-08-03 10:51:46,016 - 80710 ]SUMMARY: 
mida_headneck_TDCS_1
====================
Gray Matter

Field Percentiles
-----------------
Top percentiles of the field (or field magnitude for vector fields)
|Field |99.9%        |99.0%        |95.0%        |
|------|-------------|-------------|-------------|
|E     |2.60e-01 V/m |1.95e-01 V/m |1.60e-01 V/m |

Field Focality
---------------
Mesh volume or area with a field >= X% of the 99.9th percentile
|Field |75.0%        |50.0%        |
|------|-------------|-------------|
|E     |8.67e+02 mm³ |1.91e+04 mm³ |

[ simnibs 4.6.0 - 2026-08-03 10:51:46,066 - 80710 ]INFO: Finished Running Poslist Number: 1
[ simnibs 4.6.0 - 2026-08-03 10:51:46,066 - 80710 ]INFO: Result Files:
/Users/carl/CODELocalProjects/ear-emg-forward-model/results/leadfields/iso/cg03/mida_headneck_TDCS_1_scalar.msh
[ simnibs 4.6.0 - 2026-08-03 10:51:46,116 - 80710 ]INFO: =====================================
[ simnibs 4.6.0 - 2026-08-03 10:51:46,116 - 80710 ]INFO: SimNIBS finished running simulations
[ simnibs 4.6.0 - 2026-08-03 10:51:46,116 - 80710 ]INFO: Simulation Result Meshes:
[ simnibs 4.6.0 - 2026-08-03 10:51:46,116 - 80710 ]INFO: /Users/carl/CODELocalProjects/ear-emg-forward-model/results/leadfields/iso/cg03/mida_headneck_TDCS_1_scalar.msh
[ simnibs 4.6.0 - 2026-08-03 10:51:46,116 - 80710 ]INFO: =====================================
