[ simnibs 4.6.0 - 2026-08-02 22:31:37,379 - 65913 ]WARNING: Cannot locate subjects m2m folder
[ simnibs 4.6.0 - 2026-08-02 22:31:37,379 - 65913 ]WARNING: some postprocessing options might fail
[ simnibs 4.6.0 - 2026-08-02 22:31:37,379 - 65913 ]INFO: Head Mesh:          /Users/carl/CODELocalProjects/ear-emg-forward-model/data/val_sphere_medium.msh
[ simnibs 4.6.0 - 2026-08-02 22:31:37,379 - 65913 ]INFO: Subject Path:       None
[ simnibs 4.6.0 - 2026-08-02 22:31:37,379 - 65913 ]INFO: Simulation Folder:  /Users/carl/CODELocalProjects/ear-emg-forward-model/results/floor_draws/draw04/e12
[ simnibs 4.6.0 - 2026-08-02 22:31:37,405 - 65913 ]INFO: Running simulations in the directory: /Users/carl/CODELocalProjects/ear-emg-forward-model/results/floor_draws/draw04/e12
[ simnibs 4.6.0 - 2026-08-02 22:31:37,496 - 65913 ]INFO: Running Poslist Number: 1
[ simnibs 4.6.0 - 2026-08-02 22:31:37,497 - 65913 ]INFO: Began to run tDCS simulation
[ simnibs 4.6.0 - 2026-08-02 22:31:37,497 - 65913 ]INFO: Channels: [1, 2]
[ simnibs 4.6.0 - 2026-08-02 22:31:37,497 - 65913 ]INFO: Currents (A): [0.001, -0.001]
[ simnibs 4.6.0 - 2026-08-02 22:31:38,233 - 65913 ]INFO: Placing Electrode:
definition: plane
shape: ellipse
centre: [np.float64(5.6338314566455585), np.float64(77.60519765583045), np.float64(-45.229340476261605)]
pos_ydir: []
dimensions: [10.0, 10.0]
thickness:2
channelnr: 1
number of holes: 0

[ simnibs 4.6.0 - 2026-08-02 22:31:39,816 - 65913 ]INFO: Placing Electrode:
definition: plane
shape: ellipse
centre: [np.float64(-6.981496568496075), np.float64(7.085623847077827), np.float64(-89.44860334494776)]
pos_ydir: []
dimensions: [10.0, 10.0]
thickness:2
channelnr: 2
number of holes: 0

[ simnibs 4.6.0 - 2026-08-02 22:31:42,131 - 65913 ]INFO: Using isotropic conductivities
[ simnibs 4.6.0 - 2026-08-02 22:31:42,169 - 65913 ]INFO: Simulating electrode pair 2101 - 2102
[ simnibs 4.6.0 - 2026-08-02 22:31:42,175 - 65913 ]INFO: Assembling FEM Matrix
[ simnibs 4.6.0 - 2026-08-02 22:31:42,697 - 65913 ]INFO: 0.52 s to assemble FEM matrix
[ simnibs 4.6.0 - 2026-08-02 22:31:42,697 - 65913 ]DEBUG: Solving FEM System
[ simnibs 4.6.0 - 2026-08-02 22:31:42,697 - 65913 ]INFO: Using solver options: hypre
[ simnibs 4.6.0 - 2026-08-02 22:31:42,881 - 65913 ]INFO: Time to set up KSP:   0.1531 s
[ simnibs 4.6.0 - 2026-08-02 22:31:43,179 - 65913 ]INFO: Time to solve:   0.2956 s
[ simnibs 4.6.0 - 2026-08-02 22:31:43,291 - 65913 ]INFO: Estimated current calibration error: 0.8%
[ simnibs 4.6.0 - 2026-08-02 22:31:43,606 - 65913 ]INFO: Creating visualizations
[ simnibs 4.6.0 - 2026-08-02 22:31:44,086 - 65913 ]SUMMARY: 
val_sphere_medium_TDCS_1
========================
Gray Matter

Field Percentiles
-----------------
Top percentiles of the field (or field magnitude for vector fields)
|Field |99.9%        |99.0%        |95.0%        |
|------|-------------|-------------|-------------|
|E     |3.07e-01 V/m |2.94e-01 V/m |2.21e-01 V/m |

Field Focality
---------------
Mesh volume or area with a field >= X% of the 99.9th percentile
|Field |75.0%        |50.0%        |
|------|-------------|-------------|
|E     |1.44e+04 mm³ |3.42e+04 mm³ |

[ simnibs 4.6.0 - 2026-08-02 22:31:44,124 - 65913 ]INFO: Finished Running Poslist Number: 1
[ simnibs 4.6.0 - 2026-08-02 22:31:44,124 - 65913 ]INFO: Result Files:
/Users/carl/CODELocalProjects/ear-emg-forward-model/results/floor_draws/draw04/e12/val_sphere_medium_TDCS_1_scalar.msh
[ simnibs 4.6.0 - 2026-08-02 22:31:44,158 - 65913 ]INFO: =====================================
[ simnibs 4.6.0 - 2026-08-02 22:31:44,158 - 65913 ]INFO: SimNIBS finished running simulations
[ simnibs 4.6.0 - 2026-08-02 22:31:44,158 - 65913 ]INFO: Simulation Result Meshes:
[ simnibs 4.6.0 - 2026-08-02 22:31:44,158 - 65913 ]INFO: /Users/carl/CODELocalProjects/ear-emg-forward-model/results/floor_draws/draw04/e12/val_sphere_medium_TDCS_1_scalar.msh
[ simnibs 4.6.0 - 2026-08-02 22:31:44,158 - 65913 ]INFO: =====================================
