[ simnibs 4.6.0 - 2026-08-02 22:27:56,504 - 65913 ]WARNING: Cannot locate subjects m2m folder
[ simnibs 4.6.0 - 2026-08-02 22:27:56,504 - 65913 ]WARNING: some postprocessing options might fail
[ simnibs 4.6.0 - 2026-08-02 22:27:56,504 - 65913 ]INFO: Head Mesh:          /Users/carl/CODELocalProjects/ear-emg-forward-model/data/val_sphere_medium.msh
[ simnibs 4.6.0 - 2026-08-02 22:27:56,504 - 65913 ]INFO: Subject Path:       None
[ simnibs 4.6.0 - 2026-08-02 22:27:56,504 - 65913 ]INFO: Simulation Folder:  /Users/carl/CODELocalProjects/ear-emg-forward-model/results/floor_draws/draw02/e12
[ simnibs 4.6.0 - 2026-08-02 22:27:56,531 - 65913 ]INFO: Running simulations in the directory: /Users/carl/CODELocalProjects/ear-emg-forward-model/results/floor_draws/draw02/e12
[ simnibs 4.6.0 - 2026-08-02 22:27:56,617 - 65913 ]INFO: Running Poslist Number: 1
[ simnibs 4.6.0 - 2026-08-02 22:27:56,617 - 65913 ]INFO: Began to run tDCS simulation
[ simnibs 4.6.0 - 2026-08-02 22:27:56,617 - 65913 ]INFO: Channels: [1, 2]
[ simnibs 4.6.0 - 2026-08-02 22:27:56,617 - 65913 ]INFO: Currents (A): [0.001, -0.001]
[ simnibs 4.6.0 - 2026-08-02 22:27:57,426 - 65913 ]INFO: Placing Electrode:
definition: plane
shape: ellipse
centre: [np.float64(6.768121407311972), np.float64(70.61786669087324), np.float64(-55.38329564630423)]
pos_ydir: []
dimensions: [10.0, 10.0]
thickness:2
channelnr: 1
number of holes: 0

[ simnibs 4.6.0 - 2026-08-02 22:27:58,694 - 65913 ]INFO: Placing Electrode:
definition: plane
shape: ellipse
centre: [np.float64(-4.419173446097904), np.float64(-5.427003277901815), np.float64(-89.72746815482395)]
pos_ydir: []
dimensions: [10.0, 10.0]
thickness:2
channelnr: 2
number of holes: 0

[ simnibs 4.6.0 - 2026-08-02 22:28:00,987 - 65913 ]INFO: Using isotropic conductivities
[ simnibs 4.6.0 - 2026-08-02 22:28:01,025 - 65913 ]INFO: Simulating electrode pair 2101 - 2102
[ simnibs 4.6.0 - 2026-08-02 22:28:01,030 - 65913 ]INFO: Assembling FEM Matrix
[ simnibs 4.6.0 - 2026-08-02 22:28:01,612 - 65913 ]INFO: 0.58 s to assemble FEM matrix
[ simnibs 4.6.0 - 2026-08-02 22:28:01,613 - 65913 ]DEBUG: Solving FEM System
[ simnibs 4.6.0 - 2026-08-02 22:28:01,613 - 65913 ]INFO: Using solver options: hypre
[ simnibs 4.6.0 - 2026-08-02 22:28:01,823 - 65913 ]INFO: Time to set up KSP:   0.1735 s
[ simnibs 4.6.0 - 2026-08-02 22:28:02,135 - 65913 ]INFO: Time to solve:   0.3096 s
[ simnibs 4.6.0 - 2026-08-02 22:28:02,244 - 65913 ]INFO: Estimated current calibration error: 6.1%
[ simnibs 4.6.0 - 2026-08-02 22:28:02,556 - 65913 ]INFO: Creating visualizations
[ simnibs 4.6.0 - 2026-08-02 22:28:03,043 - 65913 ]SUMMARY: 
val_sphere_medium_TDCS_1
========================
Gray Matter

Field Percentiles
-----------------
Top percentiles of the field (or field magnitude for vector fields)
|Field |99.9%        |99.0%        |95.0%        |
|------|-------------|-------------|-------------|
|E     |2.81e-01 V/m |2.69e-01 V/m |2.02e-01 V/m |

Field Focality
---------------
Mesh volume or area with a field >= X% of the 99.9th percentile
|Field |75.0%        |50.0%        |
|------|-------------|-------------|
|E     |1.43e+04 mm³ |3.40e+04 mm³ |

[ simnibs 4.6.0 - 2026-08-02 22:28:03,081 - 65913 ]INFO: Finished Running Poslist Number: 1
[ simnibs 4.6.0 - 2026-08-02 22:28:03,081 - 65913 ]INFO: Result Files:
/Users/carl/CODELocalProjects/ear-emg-forward-model/results/floor_draws/draw02/e12/val_sphere_medium_TDCS_1_scalar.msh
[ simnibs 4.6.0 - 2026-08-02 22:28:03,113 - 65913 ]INFO: =====================================
[ simnibs 4.6.0 - 2026-08-02 22:28:03,113 - 65913 ]INFO: SimNIBS finished running simulations
[ simnibs 4.6.0 - 2026-08-02 22:28:03,113 - 65913 ]INFO: Simulation Result Meshes:
[ simnibs 4.6.0 - 2026-08-02 22:28:03,113 - 65913 ]INFO: /Users/carl/CODELocalProjects/ear-emg-forward-model/results/floor_draws/draw02/e12/val_sphere_medium_TDCS_1_scalar.msh
[ simnibs 4.6.0 - 2026-08-02 22:28:03,113 - 65913 ]INFO: =====================================
