[ simnibs 4.6.0 - 2026-08-02 22:01:38,436 - 37833 ]WARNING: Cannot locate subjects m2m folder
[ simnibs 4.6.0 - 2026-08-02 22:01:38,436 - 37833 ]WARNING: some postprocessing options might fail
[ simnibs 4.6.0 - 2026-08-02 22:01:38,436 - 37833 ]INFO: Head Mesh:          /Users/carl/CODELocalProjects/ear-emg-forward-model/data/val_sphere_fine.msh
[ simnibs 4.6.0 - 2026-08-02 22:01:38,436 - 37833 ]INFO: Subject Path:       None
[ simnibs 4.6.0 - 2026-08-02 22:01:38,436 - 37833 ]INFO: Simulation Folder:  /Users/carl/CODELocalProjects/ear-emg-forward-model/results/e10mm_fine/e01
[ simnibs 4.6.0 - 2026-08-02 22:01:38,460 - 37833 ]INFO: Running simulations in the directory: /Users/carl/CODELocalProjects/ear-emg-forward-model/results/e10mm_fine/e01
[ simnibs 4.6.0 - 2026-08-02 22:01:38,542 - 37833 ]INFO: Running Poslist Number: 1
[ simnibs 4.6.0 - 2026-08-02 22:01:38,543 - 37833 ]INFO: Began to run tDCS simulation
[ simnibs 4.6.0 - 2026-08-02 22:01:38,543 - 37833 ]INFO: Channels: [1, 2]
[ simnibs 4.6.0 - 2026-08-02 22:01:38,543 - 37833 ]INFO: Currents (A): [0.001, -0.001]
[ simnibs 4.6.0 - 2026-08-02 22:01:39,314 - 37833 ]INFO: Placing Electrode:
definition: plane
shape: ellipse
centre: [np.float64(-47.051062382811075), np.float64(23.214906927421033), np.float64(73.125)]
pos_ydir: []
dimensions: [10.0, 10.0]
thickness:2
channelnr: 1
number of holes: 0

[ simnibs 4.6.0 - 2026-08-02 22:01:40,613 - 37833 ]INFO: Placing Electrode:
definition: plane
shape: ellipse
centre: [np.float64(0.0), np.float64(0.0), np.float64(-90.0)]
pos_ydir: []
dimensions: [10.0, 10.0]
thickness:2
channelnr: 2
number of holes: 0

[ simnibs 4.6.0 - 2026-08-02 22:01:42,818 - 37833 ]INFO: Using isotropic conductivities
[ simnibs 4.6.0 - 2026-08-02 22:01:42,858 - 37833 ]INFO: Simulating electrode pair 2101 - 2102
[ simnibs 4.6.0 - 2026-08-02 22:01:42,864 - 37833 ]INFO: Assembling FEM Matrix
[ simnibs 4.6.0 - 2026-08-02 22:01:43,402 - 37833 ]INFO: 0.54 s to assemble FEM matrix
[ simnibs 4.6.0 - 2026-08-02 22:01:43,403 - 37833 ]DEBUG: Solving FEM System
[ simnibs 4.6.0 - 2026-08-02 22:01:43,403 - 37833 ]INFO: Using solver options: hypre
[ simnibs 4.6.0 - 2026-08-02 22:01:43,599 - 37833 ]INFO: Time to set up KSP:   0.1629 s
[ simnibs 4.6.0 - 2026-08-02 22:01:43,903 - 37833 ]INFO: Time to solve:   0.3019 s
[ simnibs 4.6.0 - 2026-08-02 22:01:44,013 - 37833 ]WARNING: The current calibration error exceeded 10%! Estimated error value: 15.78%
[ simnibs 4.6.0 - 2026-08-02 22:01:44,310 - 37833 ]INFO: Creating visualizations
[ simnibs 4.6.0 - 2026-08-02 22:01:44,800 - 37833 ]SUMMARY: 
val_sphere_fine_TDCS_1
======================
Gray Matter

Field Percentiles
-----------------
Top percentiles of the field (or field magnitude for vector fields)
|Field |99.9%        |99.0%        |95.0%        |
|------|-------------|-------------|-------------|
|E     |2.56e-01 V/m |2.16e-01 V/m |1.87e-01 V/m |

Field Focality
---------------
Mesh volume or area with a field >= X% of the 99.9th percentile
|Field |75.0%        |50.0%        |
|------|-------------|-------------|
|E     |1.24e+04 mm³ |1.09e+05 mm³ |

[ simnibs 4.6.0 - 2026-08-02 22:01:44,835 - 37833 ]INFO: Finished Running Poslist Number: 1
[ simnibs 4.6.0 - 2026-08-02 22:01:44,835 - 37833 ]INFO: Result Files:
/Users/carl/CODELocalProjects/ear-emg-forward-model/results/e10mm_fine/e01/val_sphere_fine_TDCS_1_scalar.msh
[ simnibs 4.6.0 - 2026-08-02 22:01:44,869 - 37833 ]INFO: =====================================
[ simnibs 4.6.0 - 2026-08-02 22:01:44,869 - 37833 ]INFO: SimNIBS finished running simulations
[ simnibs 4.6.0 - 2026-08-02 22:01:44,869 - 37833 ]INFO: Simulation Result Meshes:
[ simnibs 4.6.0 - 2026-08-02 22:01:44,869 - 37833 ]INFO: /Users/carl/CODELocalProjects/ear-emg-forward-model/results/e10mm_fine/e01/val_sphere_fine_TDCS_1_scalar.msh
[ simnibs 4.6.0 - 2026-08-02 22:01:44,869 - 37833 ]INFO: =====================================
