[ simnibs 4.6.0 - 2026-08-02 22:31:51,075 - 65913 ]WARNING: Cannot locate subjects m2m folder
[ simnibs 4.6.0 - 2026-08-02 22:31:51,076 - 65913 ]WARNING: some postprocessing options might fail
[ simnibs 4.6.0 - 2026-08-02 22:31:51,076 - 65913 ]INFO: Head Mesh:          /Users/carl/CODELocalProjects/ear-emg-forward-model/data/val_sphere_medium.msh
[ simnibs 4.6.0 - 2026-08-02 22:31:51,076 - 65913 ]INFO: Subject Path:       None
[ simnibs 4.6.0 - 2026-08-02 22:31:51,076 - 65913 ]INFO: Simulation Folder:  /Users/carl/CODELocalProjects/ear-emg-forward-model/results/floor_draws/draw04/e14
[ simnibs 4.6.0 - 2026-08-02 22:31:51,102 - 65913 ]INFO: Running simulations in the directory: /Users/carl/CODELocalProjects/ear-emg-forward-model/results/floor_draws/draw04/e14
[ simnibs 4.6.0 - 2026-08-02 22:31:51,183 - 65913 ]INFO: Running Poslist Number: 1
[ simnibs 4.6.0 - 2026-08-02 22:31:51,183 - 65913 ]INFO: Began to run tDCS simulation
[ simnibs 4.6.0 - 2026-08-02 22:31:51,183 - 65913 ]INFO: Channels: [1, 2]
[ simnibs 4.6.0 - 2026-08-02 22:31:51,183 - 65913 ]INFO: Currents (A): [0.001, -0.001]
[ simnibs 4.6.0 - 2026-08-02 22:31:51,986 - 65913 ]INFO: Placing Electrode:
definition: plane
shape: ellipse
centre: [np.float64(-56.75669427282653), np.float64(16.69236669229085), np.float64(-67.8236135090943)]
pos_ydir: []
dimensions: [10.0, 10.0]
thickness:2
channelnr: 1
number of holes: 0

[ simnibs 4.6.0 - 2026-08-02 22:31:53,288 - 65913 ]INFO: Placing Electrode:
definition: plane
shape: ellipse
centre: [np.float64(-6.981496568496075), np.float64(7.085623847077827), np.float64(-89.44860334494776)]
pos_ydir: []
dimensions: [10.0, 10.0]
thickness:2
channelnr: 2
number of holes: 0

[ simnibs 4.6.0 - 2026-08-02 22:31:55,593 - 65913 ]INFO: Using isotropic conductivities
[ simnibs 4.6.0 - 2026-08-02 22:31:55,651 - 65913 ]INFO: Simulating electrode pair 2101 - 2102
[ simnibs 4.6.0 - 2026-08-02 22:31:55,659 - 65913 ]INFO: Assembling FEM Matrix
[ simnibs 4.6.0 - 2026-08-02 22:31:56,224 - 65913 ]INFO: 0.56 s to assemble FEM matrix
[ simnibs 4.6.0 - 2026-08-02 22:31:56,225 - 65913 ]DEBUG: Solving FEM System
[ simnibs 4.6.0 - 2026-08-02 22:31:56,225 - 65913 ]INFO: Using solver options: hypre
[ simnibs 4.6.0 - 2026-08-02 22:31:56,411 - 65913 ]INFO: Time to set up KSP:   0.1562 s
[ simnibs 4.6.0 - 2026-08-02 22:31:56,700 - 65913 ]INFO: Time to solve:   0.2869 s
[ simnibs 4.6.0 - 2026-08-02 22:31:56,815 - 65913 ]INFO: Estimated current calibration error: 4.0%
[ simnibs 4.6.0 - 2026-08-02 22:31:57,107 - 65913 ]INFO: Creating visualizations
[ simnibs 4.6.0 - 2026-08-02 22:31:57,585 - 65913 ]SUMMARY: 
val_sphere_medium_TDCS_1
========================
Gray Matter

Field Percentiles
-----------------
Top percentiles of the field (or field magnitude for vector fields)
|Field |99.9%        |99.0%        |95.0%        |
|------|-------------|-------------|-------------|
|E     |3.32e-01 V/m |2.92e-01 V/m |1.61e-01 V/m |

Field Focality
---------------
Mesh volume or area with a field >= X% of the 99.9th percentile
|Field |75.0%        |50.0%        |
|------|-------------|-------------|
|E     |6.18e+03 mm³ |1.51e+04 mm³ |

[ simnibs 4.6.0 - 2026-08-02 22:31:57,622 - 65913 ]INFO: Finished Running Poslist Number: 1
[ simnibs 4.6.0 - 2026-08-02 22:31:57,622 - 65913 ]INFO: Result Files:
/Users/carl/CODELocalProjects/ear-emg-forward-model/results/floor_draws/draw04/e14/val_sphere_medium_TDCS_1_scalar.msh
[ simnibs 4.6.0 - 2026-08-02 22:31:57,653 - 65913 ]INFO: =====================================
[ simnibs 4.6.0 - 2026-08-02 22:31:57,653 - 65913 ]INFO: SimNIBS finished running simulations
[ simnibs 4.6.0 - 2026-08-02 22:31:57,653 - 65913 ]INFO: Simulation Result Meshes:
[ simnibs 4.6.0 - 2026-08-02 22:31:57,653 - 65913 ]INFO: /Users/carl/CODELocalProjects/ear-emg-forward-model/results/floor_draws/draw04/e14/val_sphere_medium_TDCS_1_scalar.msh
[ simnibs 4.6.0 - 2026-08-02 22:31:57,653 - 65913 ]INFO: =====================================
