[ simnibs 4.6.0 - 2026-08-02 22:29:34,550 - 65913 ]WARNING: Cannot locate subjects m2m folder
[ simnibs 4.6.0 - 2026-08-02 22:29:34,550 - 65913 ]WARNING: some postprocessing options might fail
[ simnibs 4.6.0 - 2026-08-02 22:29:34,550 - 65913 ]INFO: Head Mesh:          /Users/carl/CODELocalProjects/ear-emg-forward-model/data/val_sphere_medium.msh
[ simnibs 4.6.0 - 2026-08-02 22:29:34,550 - 65913 ]INFO: Subject Path:       None
[ simnibs 4.6.0 - 2026-08-02 22:29:34,550 - 65913 ]INFO: Simulation Folder:  /Users/carl/CODELocalProjects/ear-emg-forward-model/results/floor_draws/draw03/e10
[ simnibs 4.6.0 - 2026-08-02 22:29:34,577 - 65913 ]INFO: Running simulations in the directory: /Users/carl/CODELocalProjects/ear-emg-forward-model/results/floor_draws/draw03/e10
[ simnibs 4.6.0 - 2026-08-02 22:29:34,674 - 65913 ]INFO: Running Poslist Number: 1
[ simnibs 4.6.0 - 2026-08-02 22:29:34,674 - 65913 ]INFO: Began to run tDCS simulation
[ simnibs 4.6.0 - 2026-08-02 22:29:34,675 - 65913 ]INFO: Channels: [1, 2]
[ simnibs 4.6.0 - 2026-08-02 22:29:34,675 - 65913 ]INFO: Currents (A): [0.001, -0.001]
[ simnibs 4.6.0 - 2026-08-02 22:29:35,457 - 65913 ]INFO: Placing Electrode:
definition: plane
shape: ellipse
centre: [np.float64(83.74216219967067), np.float64(-2.4851189415371544), np.float64(-32.87969668306663)]
pos_ydir: []
dimensions: [10.0, 10.0]
thickness:2
channelnr: 1
number of holes: 0

[ simnibs 4.6.0 - 2026-08-02 22:29:36,667 - 65913 ]INFO: Placing Electrode:
definition: plane
shape: ellipse
centre: [np.float64(-4.803807650303908), np.float64(5.982866214438122), np.float64(-89.67234101950844)]
pos_ydir: []
dimensions: [10.0, 10.0]
thickness:2
channelnr: 2
number of holes: 0

[ simnibs 4.6.0 - 2026-08-02 22:29:38,967 - 65913 ]INFO: Using isotropic conductivities
[ simnibs 4.6.0 - 2026-08-02 22:29:39,007 - 65913 ]INFO: Simulating electrode pair 2101 - 2102
[ simnibs 4.6.0 - 2026-08-02 22:29:39,013 - 65913 ]INFO: Assembling FEM Matrix
[ simnibs 4.6.0 - 2026-08-02 22:29:39,558 - 65913 ]INFO: 0.54 s to assemble FEM matrix
[ simnibs 4.6.0 - 2026-08-02 22:29:39,558 - 65913 ]DEBUG: Solving FEM System
[ simnibs 4.6.0 - 2026-08-02 22:29:39,558 - 65913 ]INFO: Using solver options: hypre
[ simnibs 4.6.0 - 2026-08-02 22:29:39,750 - 65913 ]INFO: Time to set up KSP:   0.1602 s
[ simnibs 4.6.0 - 2026-08-02 22:29:40,059 - 65913 ]INFO: Time to solve:   0.3074 s
[ simnibs 4.6.0 - 2026-08-02 22:29:40,166 - 65913 ]INFO: Estimated current calibration error: 2.2%
[ simnibs 4.6.0 - 2026-08-02 22:29:40,481 - 65913 ]INFO: Creating visualizations
[ simnibs 4.6.0 - 2026-08-02 22:29:40,980 - 65913 ]SUMMARY: 
val_sphere_medium_TDCS_1
========================
Gray Matter

Field Percentiles
-----------------
Top percentiles of the field (or field magnitude for vector fields)
|Field |99.9%        |99.0%        |95.0%        |
|------|-------------|-------------|-------------|
|E     |2.86e-01 V/m |2.66e-01 V/m |2.32e-01 V/m |

Field Focality
---------------
Mesh volume or area with a field >= X% of the 99.9th percentile
|Field |75.0%        |50.0%        |
|------|-------------|-------------|
|E     |2.13e+04 mm³ |5.36e+04 mm³ |

[ simnibs 4.6.0 - 2026-08-02 22:29:41,013 - 65913 ]INFO: Finished Running Poslist Number: 1
[ simnibs 4.6.0 - 2026-08-02 22:29:41,014 - 65913 ]INFO: Result Files:
/Users/carl/CODELocalProjects/ear-emg-forward-model/results/floor_draws/draw03/e10/val_sphere_medium_TDCS_1_scalar.msh
[ simnibs 4.6.0 - 2026-08-02 22:29:41,044 - 65913 ]INFO: =====================================
[ simnibs 4.6.0 - 2026-08-02 22:29:41,044 - 65913 ]INFO: SimNIBS finished running simulations
[ simnibs 4.6.0 - 2026-08-02 22:29:41,044 - 65913 ]INFO: Simulation Result Meshes:
[ simnibs 4.6.0 - 2026-08-02 22:29:41,044 - 65913 ]INFO: /Users/carl/CODELocalProjects/ear-emg-forward-model/results/floor_draws/draw03/e10/val_sphere_medium_TDCS_1_scalar.msh
[ simnibs 4.6.0 - 2026-08-02 22:29:41,044 - 65913 ]INFO: =====================================
