[ simnibs 4.6.0 - 2026-08-03 10:38:21,357 - 80710 ]WARNING: Cannot locate subjects m2m folder
[ simnibs 4.6.0 - 2026-08-03 10:38:21,357 - 80710 ]WARNING: some postprocessing options might fail
[ simnibs 4.6.0 - 2026-08-03 10:38:21,357 - 80710 ]INFO: Head Mesh:          /Users/carl/CODELocalProjects/ear-emg-forward-model/data/mida_headneck.msh
[ simnibs 4.6.0 - 2026-08-03 10:38:21,357 - 80710 ]INFO: Subject Path:       None
[ simnibs 4.6.0 - 2026-08-03 10:38:21,357 - 80710 ]INFO: Simulation Folder:  /Users/carl/CODELocalProjects/ear-emg-forward-model/results/leadfields/iso/cg01
[ simnibs 4.6.0 - 2026-08-03 10:38:21,838 - 80710 ]INFO: Running simulations in the directory: /Users/carl/CODELocalProjects/ear-emg-forward-model/results/leadfields/iso/cg01
[ simnibs 4.6.0 - 2026-08-03 10:38:21,924 - 80710 ]INFO: Running Poslist Number: 1
[ simnibs 4.6.0 - 2026-08-03 10:38:21,924 - 80710 ]INFO: Began to run tDCS simulation
[ simnibs 4.6.0 - 2026-08-03 10:38:21,924 - 80710 ]INFO: Channels: [1, 2]
[ simnibs 4.6.0 - 2026-08-03 10:38:21,924 - 80710 ]INFO: Currents (A): [0.001, -0.001]
[ simnibs 4.6.0 - 2026-08-03 10:39:00,077 - 80710 ]INFO: Placing Electrode:
definition: plane
shape: ellipse
centre: [np.float64(75.97), np.float64(23.63), np.float64(13.68)]
pos_ydir: []
dimensions: [10.0, 10.0]
thickness:2
channelnr: 1
number of holes: 0

[ simnibs 4.6.0 - 2026-08-03 10:39:07,080 - 80710 ]INFO: Placing Electrode:
definition: plane
shape: ellipse
centre: [np.float64(-71.65), np.float64(7.94), np.float64(-33.44)]
pos_ydir: []
dimensions: [10.0, 10.0]
thickness:2
channelnr: 2
number of holes: 0

[ simnibs 4.6.0 - 2026-08-03 10:39:55,684 - 80710 ]INFO: Using isotropic conductivities
[ simnibs 4.6.0 - 2026-08-03 10:39:58,921 - 80710 ]INFO: Simulating electrode pair 2101 - 2102
[ simnibs 4.6.0 - 2026-08-03 10:39:59,027 - 80710 ]INFO: Assembling FEM Matrix
[ simnibs 4.6.0 - 2026-08-03 10:40:09,397 - 80710 ]INFO: 10.37 s to assemble FEM matrix
[ simnibs 4.6.0 - 2026-08-03 10:40:09,408 - 80710 ]DEBUG: Solving FEM System
[ simnibs 4.6.0 - 2026-08-03 10:40:09,408 - 80710 ]INFO: Using solver options: hypre
[ simnibs 4.6.0 - 2026-08-03 10:40:13,207 - 80710 ]INFO: Time to set up KSP:   3.2534 s
[ simnibs 4.6.0 - 2026-08-03 10:40:26,575 - 80710 ]INFO: Time to solve:  13.3380 s
[ simnibs 4.6.0 - 2026-08-03 10:40:27,380 - 80710 ]WARNING: The current calibration error exceeded 10%! Estimated error value: 19.67%
[ simnibs 4.6.0 - 2026-08-03 10:40:32,653 - 80710 ]INFO: Creating visualizations
[ simnibs 4.6.0 - 2026-08-03 10:40:36,426 - 80710 ]SUMMARY: 
mida_headneck_TDCS_1
====================
Gray Matter

Field Percentiles
-----------------
Top percentiles of the field (or field magnitude for vector fields)
|Field |99.9%        |99.0%        |95.0%        |
|------|-------------|-------------|-------------|
|E     |2.34e-01 V/m |1.70e-01 V/m |1.34e-01 V/m |

Field Focality
---------------
Mesh volume or area with a field >= X% of the 99.9th percentile
|Field |75.0%        |50.0%        |
|------|-------------|-------------|
|E     |7.07e+02 mm³ |1.36e+04 mm³ |

[ simnibs 4.6.0 - 2026-08-03 10:40:36,478 - 80710 ]INFO: Finished Running Poslist Number: 1
[ simnibs 4.6.0 - 2026-08-03 10:40:36,478 - 80710 ]INFO: Result Files:
/Users/carl/CODELocalProjects/ear-emg-forward-model/results/leadfields/iso/cg01/mida_headneck_TDCS_1_scalar.msh
[ simnibs 4.6.0 - 2026-08-03 10:40:36,530 - 80710 ]INFO: =====================================
[ simnibs 4.6.0 - 2026-08-03 10:40:36,530 - 80710 ]INFO: SimNIBS finished running simulations
[ simnibs 4.6.0 - 2026-08-03 10:40:36,530 - 80710 ]INFO: Simulation Result Meshes:
[ simnibs 4.6.0 - 2026-08-03 10:40:36,530 - 80710 ]INFO: /Users/carl/CODELocalProjects/ear-emg-forward-model/results/leadfields/iso/cg01/mida_headneck_TDCS_1_scalar.msh
[ simnibs 4.6.0 - 2026-08-03 10:40:36,530 - 80710 ]INFO: =====================================
