[ simnibs 4.6.0 - 2026-08-02 15:56:25,655 - 55618 ]WARNING: Cannot locate subjects m2m folder
[ simnibs 4.6.0 - 2026-08-02 15:56:25,655 - 55618 ]WARNING: some postprocessing options might fail
[ simnibs 4.6.0 - 2026-08-02 15:56:25,655 - 55618 ]INFO: Head Mesh:          /Users/carl/CODELocalProjects/ear-emg-forward-model/data/mida_headneck.msh
[ simnibs 4.6.0 - 2026-08-02 15:56:25,655 - 55618 ]INFO: Subject Path:       None
[ simnibs 4.6.0 - 2026-08-02 15:56:25,655 - 55618 ]INFO: Simulation Folder:  /Users/carl/CODELocalProjects/ear-emg-forward-model/results/cond_bound/c2_all_high__hyoid
[ simnibs 4.6.0 - 2026-08-02 15:56:26,135 - 55618 ]INFO: Running simulations in the directory: /Users/carl/CODELocalProjects/ear-emg-forward-model/results/cond_bound/c2_all_high__hyoid
[ simnibs 4.6.0 - 2026-08-02 15:56:26,219 - 55618 ]INFO: Running Poslist Number: 1
[ simnibs 4.6.0 - 2026-08-02 15:56:26,219 - 55618 ]INFO: Began to run tDCS simulation
[ simnibs 4.6.0 - 2026-08-02 15:56:26,219 - 55618 ]INFO: Channels: [1, 2]
[ simnibs 4.6.0 - 2026-08-02 15:56:26,219 - 55618 ]INFO: Currents (A): [0.001, -0.001]
[ simnibs 4.6.0 - 2026-08-02 15:57:02,012 - 55618 ]INFO: Placing Electrode:
definition: plane
shape: ellipse
centre: [np.float64(-9.33), np.float64(42.74), np.float64(-108.23)]
pos_ydir: []
dimensions: [10.0, 10.0]
thickness:2
channelnr: 1
number of holes: 0

[ simnibs 4.6.0 - 2026-08-02 15:57:09,778 - 55618 ]INFO: Placing Electrode:
definition: plane
shape: ellipse
centre: [np.float64(-71.65), np.float64(7.94), np.float64(-33.44)]
pos_ydir: []
dimensions: [10.0, 10.0]
thickness:2
channelnr: 2
number of holes: 0

[ simnibs 4.6.0 - 2026-08-02 15:58:03,592 - 55618 ]INFO: Using isotropic conductivities
[ simnibs 4.6.0 - 2026-08-02 15:58:06,888 - 55618 ]INFO: Simulating electrode pair 2101 - 2102
[ simnibs 4.6.0 - 2026-08-02 15:58:07,008 - 55618 ]INFO: Assembling FEM Matrix
[ simnibs 4.6.0 - 2026-08-02 15:58:17,001 - 55618 ]INFO: 9.99 s to assemble FEM matrix
[ simnibs 4.6.0 - 2026-08-02 15:58:17,015 - 55618 ]DEBUG: Solving FEM System
[ simnibs 4.6.0 - 2026-08-02 15:58:17,015 - 55618 ]INFO: Using solver options: hypre
[ simnibs 4.6.0 - 2026-08-02 15:58:20,643 - 55618 ]INFO: Time to set up KSP:   3.0954 s
[ simnibs 4.6.0 - 2026-08-02 15:58:31,497 - 55618 ]INFO: Time to solve:  10.8287 s
[ simnibs 4.6.0 - 2026-08-02 15:58:33,031 - 55618 ]WARNING: The current calibration error exceeded 10%! Estimated error value: 200.00%
[ simnibs 4.6.0 - 2026-08-02 15:58:38,677 - 55618 ]INFO: Creating visualizations
[ simnibs 4.6.0 - 2026-08-02 15:58:42,632 - 55618 ]SUMMARY: 
mida_headneck_TDCS_1
====================
Gray Matter

Field Percentiles
-----------------
Top percentiles of the field (or field magnitude for vector fields)
|Field |99.9%        |99.0%        |95.0%        |
|------|-------------|-------------|-------------|
|E     |9.51e+00 V/m |7.76e+00 V/m |6.64e+00 V/m |

Field Focality
---------------
Mesh volume or area with a field >= X% of the 99.9th percentile
|Field |75.0%        |50.0%        |
|------|-------------|-------------|
|E     |2.37e+03 mm³ |2.19e+04 mm³ |

[ simnibs 4.6.0 - 2026-08-02 15:58:42,707 - 55618 ]INFO: Finished Running Poslist Number: 1
[ simnibs 4.6.0 - 2026-08-02 15:58:42,707 - 55618 ]INFO: Result Files:
/Users/carl/CODELocalProjects/ear-emg-forward-model/results/cond_bound/c2_all_high__hyoid/mida_headneck_TDCS_1_scalar.msh
[ simnibs 4.6.0 - 2026-08-02 15:58:42,753 - 55618 ]INFO: =====================================
[ simnibs 4.6.0 - 2026-08-02 15:58:42,753 - 55618 ]INFO: SimNIBS finished running simulations
[ simnibs 4.6.0 - 2026-08-02 15:58:42,754 - 55618 ]INFO: Simulation Result Meshes:
[ simnibs 4.6.0 - 2026-08-02 15:58:42,754 - 55618 ]INFO: /Users/carl/CODELocalProjects/ear-emg-forward-model/results/cond_bound/c2_all_high__hyoid/mida_headneck_TDCS_1_scalar.msh
[ simnibs 4.6.0 - 2026-08-02 15:58:42,754 - 55618 ]INFO: =====================================
