[ simnibs 4.6.0 - 2026-08-02 22:25:44,596 - 65913 ]WARNING: Cannot locate subjects m2m folder
[ simnibs 4.6.0 - 2026-08-02 22:25:44,596 - 65913 ]WARNING: some postprocessing options might fail
[ simnibs 4.6.0 - 2026-08-02 22:25:44,596 - 65913 ]INFO: Head Mesh:          /Users/carl/CODELocalProjects/ear-emg-forward-model/data/val_sphere_medium.msh
[ simnibs 4.6.0 - 2026-08-02 22:25:44,596 - 65913 ]INFO: Subject Path:       None
[ simnibs 4.6.0 - 2026-08-02 22:25:44,596 - 65913 ]INFO: Simulation Folder:  /Users/carl/CODELocalProjects/ear-emg-forward-model/results/floor_draws/draw01/e09
[ simnibs 4.6.0 - 2026-08-02 22:25:44,622 - 65913 ]INFO: Running simulations in the directory: /Users/carl/CODELocalProjects/ear-emg-forward-model/results/floor_draws/draw01/e09
[ simnibs 4.6.0 - 2026-08-02 22:25:44,705 - 65913 ]INFO: Running Poslist Number: 1
[ simnibs 4.6.0 - 2026-08-02 22:25:44,705 - 65913 ]INFO: Began to run tDCS simulation
[ simnibs 4.6.0 - 2026-08-02 22:25:44,706 - 65913 ]INFO: Channels: [1, 2]
[ simnibs 4.6.0 - 2026-08-02 22:25:44,706 - 65913 ]INFO: Currents (A): [0.001, -0.001]
[ simnibs 4.6.0 - 2026-08-02 22:25:45,622 - 65913 ]INFO: Placing Electrode:
definition: plane
shape: ellipse
centre: [np.float64(-63.70403562012915), np.float64(59.378872761486335), np.float64(-22.71442967112611)]
pos_ydir: []
dimensions: [10.0, 10.0]
thickness:2
channelnr: 1
number of holes: 0

[ simnibs 4.6.0 - 2026-08-02 22:25:47,024 - 65913 ]INFO: Placing Electrode:
definition: plane
shape: ellipse
centre: [np.float64(4.130572493582126), np.float64(-4.342898261112009), np.float64(-89.80020938488336)]
pos_ydir: []
dimensions: [10.0, 10.0]
thickness:2
channelnr: 2
number of holes: 0

[ simnibs 4.6.0 - 2026-08-02 22:25:49,493 - 65913 ]INFO: Using isotropic conductivities
[ simnibs 4.6.0 - 2026-08-02 22:25:49,542 - 65913 ]INFO: Simulating electrode pair 2101 - 2102
[ simnibs 4.6.0 - 2026-08-02 22:25:49,549 - 65913 ]INFO: Assembling FEM Matrix
[ simnibs 4.6.0 - 2026-08-02 22:25:50,104 - 65913 ]INFO: 0.55 s to assemble FEM matrix
[ simnibs 4.6.0 - 2026-08-02 22:25:50,104 - 65913 ]DEBUG: Solving FEM System
[ simnibs 4.6.0 - 2026-08-02 22:25:50,105 - 65913 ]INFO: Using solver options: hypre
[ simnibs 4.6.0 - 2026-08-02 22:25:50,295 - 65913 ]INFO: Time to set up KSP:   0.1595 s
[ simnibs 4.6.0 - 2026-08-02 22:25:50,597 - 65913 ]INFO: Time to solve:   0.3001 s
[ simnibs 4.6.0 - 2026-08-02 22:25:50,719 - 65913 ]WARNING: The current calibration error exceeded 10%! Estimated error value: 12.11%
[ simnibs 4.6.0 - 2026-08-02 22:25:51,041 - 65913 ]INFO: Creating visualizations
[ simnibs 4.6.0 - 2026-08-02 22:25:51,518 - 65913 ]SUMMARY: 
val_sphere_medium_TDCS_1
========================
Gray Matter

Field Percentiles
-----------------
Top percentiles of the field (or field magnitude for vector fields)
|Field |99.9%        |99.0%        |95.0%        |
|------|-------------|-------------|-------------|
|E     |2.50e-01 V/m |2.27e-01 V/m |2.03e-01 V/m |

Field Focality
---------------
Mesh volume or area with a field >= X% of the 99.9th percentile
|Field |75.0%        |50.0%        |
|------|-------------|-------------|
|E     |2.29e+04 mm³ |6.15e+04 mm³ |

[ simnibs 4.6.0 - 2026-08-02 22:25:51,558 - 65913 ]INFO: Finished Running Poslist Number: 1
[ simnibs 4.6.0 - 2026-08-02 22:25:51,559 - 65913 ]INFO: Result Files:
/Users/carl/CODELocalProjects/ear-emg-forward-model/results/floor_draws/draw01/e09/val_sphere_medium_TDCS_1_scalar.msh
[ simnibs 4.6.0 - 2026-08-02 22:25:51,597 - 65913 ]INFO: =====================================
[ simnibs 4.6.0 - 2026-08-02 22:25:51,597 - 65913 ]INFO: SimNIBS finished running simulations
[ simnibs 4.6.0 - 2026-08-02 22:25:51,597 - 65913 ]INFO: Simulation Result Meshes:
[ simnibs 4.6.0 - 2026-08-02 22:25:51,597 - 65913 ]INFO: /Users/carl/CODELocalProjects/ear-emg-forward-model/results/floor_draws/draw01/e09/val_sphere_medium_TDCS_1_scalar.msh
[ simnibs 4.6.0 - 2026-08-02 22:25:51,597 - 65913 ]INFO: =====================================
