[ simnibs 4.6.0 - 2026-08-02 22:26:27,208 - 65913 ]WARNING: Cannot locate subjects m2m folder
[ simnibs 4.6.0 - 2026-08-02 22:26:27,208 - 65913 ]WARNING: some postprocessing options might fail
[ simnibs 4.6.0 - 2026-08-02 22:26:27,208 - 65913 ]INFO: Head Mesh:          /Users/carl/CODELocalProjects/ear-emg-forward-model/data/val_sphere_medium.msh
[ simnibs 4.6.0 - 2026-08-02 22:26:27,208 - 65913 ]INFO: Subject Path:       None
[ simnibs 4.6.0 - 2026-08-02 22:26:27,208 - 65913 ]INFO: Simulation Folder:  /Users/carl/CODELocalProjects/ear-emg-forward-model/results/floor_draws/draw01/e15
[ simnibs 4.6.0 - 2026-08-02 22:26:27,235 - 65913 ]INFO: Running simulations in the directory: /Users/carl/CODELocalProjects/ear-emg-forward-model/results/floor_draws/draw01/e15
[ simnibs 4.6.0 - 2026-08-02 22:26:27,320 - 65913 ]INFO: Running Poslist Number: 1
[ simnibs 4.6.0 - 2026-08-02 22:26:27,320 - 65913 ]INFO: Began to run tDCS simulation
[ simnibs 4.6.0 - 2026-08-02 22:26:27,320 - 65913 ]INFO: Channels: [1, 2]
[ simnibs 4.6.0 - 2026-08-02 22:26:27,320 - 65913 ]INFO: Currents (A): [0.001, -0.001]
[ simnibs 4.6.0 - 2026-08-02 22:26:28,193 - 65913 ]INFO: Placing Electrode:
definition: plane
shape: ellipse
centre: [np.float64(30.44720489429791), np.float64(12.495438512299398), np.float64(-83.76653108795891)]
pos_ydir: []
dimensions: [10.0, 10.0]
thickness:2
channelnr: 1
number of holes: 0

[ simnibs 4.6.0 - 2026-08-02 22:26:29,753 - 65913 ]INFO: Placing Electrode:
definition: plane
shape: ellipse
centre: [np.float64(4.130572493582126), np.float64(-4.342898261112009), np.float64(-89.80020938488336)]
pos_ydir: []
dimensions: [10.0, 10.0]
thickness:2
channelnr: 2
number of holes: 0

[ simnibs 4.6.0 - 2026-08-02 22:26:32,096 - 65913 ]INFO: Using isotropic conductivities
[ simnibs 4.6.0 - 2026-08-02 22:26:32,137 - 65913 ]INFO: Simulating electrode pair 2101 - 2102
[ simnibs 4.6.0 - 2026-08-02 22:26:32,143 - 65913 ]INFO: Assembling FEM Matrix
[ simnibs 4.6.0 - 2026-08-02 22:26:32,679 - 65913 ]INFO: 0.54 s to assemble FEM matrix
[ simnibs 4.6.0 - 2026-08-02 22:26:32,680 - 65913 ]DEBUG: Solving FEM System
[ simnibs 4.6.0 - 2026-08-02 22:26:32,680 - 65913 ]INFO: Using solver options: hypre
[ simnibs 4.6.0 - 2026-08-02 22:26:32,876 - 65913 ]INFO: Time to set up KSP:   0.1646 s
[ simnibs 4.6.0 - 2026-08-02 22:26:33,183 - 65913 ]INFO: Time to solve:   0.3047 s
[ simnibs 4.6.0 - 2026-08-02 22:26:33,304 - 65913 ]WARNING: The current calibration error exceeded 10%! Estimated error value: 20.48%
[ simnibs 4.6.0 - 2026-08-02 22:26:33,617 - 65913 ]INFO: Creating visualizations
[ simnibs 4.6.0 - 2026-08-02 22:26:34,089 - 65913 ]SUMMARY: 
val_sphere_medium_TDCS_1
========================
Gray Matter

Field Percentiles
-----------------
Top percentiles of the field (or field magnitude for vector fields)
|Field |99.9%        |99.0%        |95.0%        |
|------|-------------|-------------|-------------|
|E     |2.96e-01 V/m |2.03e-01 V/m |8.86e-02 V/m |

Field Focality
---------------
Mesh volume or area with a field >= X% of the 99.9th percentile
|Field |75.0%        |50.0%        |
|------|-------------|-------------|
|E     |2.46e+03 mm³ |6.58e+03 mm³ |

[ simnibs 4.6.0 - 2026-08-02 22:26:34,135 - 65913 ]INFO: Finished Running Poslist Number: 1
[ simnibs 4.6.0 - 2026-08-02 22:26:34,135 - 65913 ]INFO: Result Files:
/Users/carl/CODELocalProjects/ear-emg-forward-model/results/floor_draws/draw01/e15/val_sphere_medium_TDCS_1_scalar.msh
[ simnibs 4.6.0 - 2026-08-02 22:26:34,182 - 65913 ]INFO: =====================================
[ simnibs 4.6.0 - 2026-08-02 22:26:34,182 - 65913 ]INFO: SimNIBS finished running simulations
[ simnibs 4.6.0 - 2026-08-02 22:26:34,182 - 65913 ]INFO: Simulation Result Meshes:
[ simnibs 4.6.0 - 2026-08-02 22:26:34,182 - 65913 ]INFO: /Users/carl/CODELocalProjects/ear-emg-forward-model/results/floor_draws/draw01/e15/val_sphere_medium_TDCS_1_scalar.msh
[ simnibs 4.6.0 - 2026-08-02 22:26:34,182 - 65913 ]INFO: =====================================
