[ simnibs 4.6.0 - 2026-08-02 14:30:01,610 - 25110 ]WARNING: Cannot locate subjects m2m folder
[ simnibs 4.6.0 - 2026-08-02 14:30:01,610 - 25110 ]WARNING: some postprocessing options might fail
[ simnibs 4.6.0 - 2026-08-02 14:30:01,610 - 25110 ]INFO: Head Mesh:          /Users/carl/CODELocalProjects/ear-emg-forward-model/data/val_sphere_coarse.msh
[ simnibs 4.6.0 - 2026-08-02 14:30:01,611 - 25110 ]INFO: Subject Path:       None
[ simnibs 4.6.0 - 2026-08-02 14:30:01,611 - 25110 ]INFO: Simulation Folder:  /Users/carl/CODELocalProjects/ear-emg-forward-model/results/convergence/coarse/e15
[ simnibs 4.6.0 - 2026-08-02 14:30:01,621 - 25110 ]INFO: Running simulations in the directory: /Users/carl/CODELocalProjects/ear-emg-forward-model/results/convergence/coarse/e15
[ simnibs 4.6.0 - 2026-08-02 14:30:01,698 - 25110 ]INFO: Running Poslist Number: 1
[ simnibs 4.6.0 - 2026-08-02 14:30:01,699 - 25110 ]INFO: Began to run tDCS simulation
[ simnibs 4.6.0 - 2026-08-02 14:30:01,699 - 25110 ]INFO: Channels: [1, 2]
[ simnibs 4.6.0 - 2026-08-02 14:30:01,699 - 25110 ]INFO: Currents (A): [0.001, -0.001]
[ simnibs 4.6.0 - 2026-08-02 14:30:01,998 - 25110 ]INFO: Placing Electrode:
definition: plane
shape: ellipse
centre: [np.float64(27.489499277199208), np.float64(15.006225524390334), np.float64(-84.375)]
pos_ydir: []
dimensions: [15, 15]
thickness:2
channelnr: 1
number of holes: 0

[ simnibs 4.6.0 - 2026-08-02 14:30:02,357 - 25110 ]INFO: Placing Electrode:
definition: plane
shape: ellipse
centre: [np.float64(0.0), np.float64(0.0), np.float64(-90.0)]
pos_ydir: []
dimensions: [15, 15]
thickness:2
channelnr: 2
number of holes: 0

[ simnibs 4.6.0 - 2026-08-02 14:30:03,115 - 25110 ]INFO: Using isotropic conductivities
[ simnibs 4.6.0 - 2026-08-02 14:30:03,131 - 25110 ]INFO: Simulating electrode pair 2101 - 2102
[ simnibs 4.6.0 - 2026-08-02 14:30:03,133 - 25110 ]INFO: Assembling FEM Matrix
[ simnibs 4.6.0 - 2026-08-02 14:30:03,337 - 25110 ]INFO: 0.20 s to assemble FEM matrix
[ simnibs 4.6.0 - 2026-08-02 14:30:03,337 - 25110 ]DEBUG: Solving FEM System
[ simnibs 4.6.0 - 2026-08-02 14:30:03,338 - 25110 ]INFO: Using solver options: hypre
[ simnibs 4.6.0 - 2026-08-02 14:30:03,402 - 25110 ]INFO: Time to set up KSP:   0.0545 s
[ simnibs 4.6.0 - 2026-08-02 14:30:03,512 - 25110 ]INFO: Time to solve:   0.1094 s
[ simnibs 4.6.0 - 2026-08-02 14:30:03,580 - 25110 ]WARNING: The current calibration error exceeded 10%! Estimated error value: 37.26%
[ simnibs 4.6.0 - 2026-08-02 14:30:03,709 - 25110 ]INFO: Creating visualizations
[ simnibs 4.6.0 - 2026-08-02 14:30:03,886 - 25110 ]SUMMARY: 
val_sphere_coarse_TDCS_1
========================
Gray Matter

Field Percentiles
-----------------
Top percentiles of the field (or field magnitude for vector fields)
|Field |99.9%        |99.0%        |95.0%        |
|------|-------------|-------------|-------------|
|E     |3.23e-01 V/m |2.24e-01 V/m |1.00e-01 V/m |

Field Focality
---------------
Mesh volume or area with a field >= X% of the 99.9th percentile
|Field |75.0%        |50.0%        |
|------|-------------|-------------|
|E     |2.52e+03 mm³ |6.87e+03 mm³ |

[ simnibs 4.6.0 - 2026-08-02 14:30:03,918 - 25110 ]INFO: Finished Running Poslist Number: 1
[ simnibs 4.6.0 - 2026-08-02 14:30:03,918 - 25110 ]INFO: Result Files:
/Users/carl/CODELocalProjects/ear-emg-forward-model/results/convergence/coarse/e15/val_sphere_coarse_TDCS_1_scalar.msh
[ simnibs 4.6.0 - 2026-08-02 14:30:03,947 - 25110 ]INFO: =====================================
[ simnibs 4.6.0 - 2026-08-02 14:30:03,947 - 25110 ]INFO: SimNIBS finished running simulations
[ simnibs 4.6.0 - 2026-08-02 14:30:03,947 - 25110 ]INFO: Simulation Result Meshes:
[ simnibs 4.6.0 - 2026-08-02 14:30:03,947 - 25110 ]INFO: /Users/carl/CODELocalProjects/ear-emg-forward-model/results/convergence/coarse/e15/val_sphere_coarse_TDCS_1_scalar.msh
[ simnibs 4.6.0 - 2026-08-02 14:30:03,947 - 25110 ]INFO: =====================================
