[ simnibs 4.6.0 - 2026-08-02 16:13:50,083 - 55618 ]WARNING: Cannot locate subjects m2m folder
[ simnibs 4.6.0 - 2026-08-02 16:13:50,084 - 55618 ]WARNING: some postprocessing options might fail
[ simnibs 4.6.0 - 2026-08-02 16:13:50,084 - 55618 ]INFO: Head Mesh:          /Users/carl/CODELocalProjects/ear-emg-forward-model/data/mida_headneck.msh
[ simnibs 4.6.0 - 2026-08-02 16:13:50,084 - 55618 ]INFO: Subject Path:       None
[ simnibs 4.6.0 - 2026-08-02 16:13:50,084 - 55618 ]INFO: Simulation Folder:  /Users/carl/CODELocalProjects/ear-emg-forward-model/results/cond_bound/d_airvoids_filled__above_ear
[ simnibs 4.6.0 - 2026-08-02 16:13:50,545 - 55618 ]INFO: Running simulations in the directory: /Users/carl/CODELocalProjects/ear-emg-forward-model/results/cond_bound/d_airvoids_filled__above_ear
[ simnibs 4.6.0 - 2026-08-02 16:13:50,628 - 55618 ]INFO: Running Poslist Number: 1
[ simnibs 4.6.0 - 2026-08-02 16:13:50,628 - 55618 ]INFO: Began to run tDCS simulation
[ simnibs 4.6.0 - 2026-08-02 16:13:50,628 - 55618 ]INFO: Channels: [1, 2]
[ simnibs 4.6.0 - 2026-08-02 16:13:50,628 - 55618 ]INFO: Currents (A): [0.001, -0.001]
[ simnibs 4.6.0 - 2026-08-02 16:14:27,447 - 55618 ]INFO: Placing Electrode:
definition: plane
shape: ellipse
centre: [np.float64(78.76), np.float64(7.24), np.float64(13.61)]
pos_ydir: []
dimensions: [10.0, 10.0]
thickness:2
channelnr: 1
number of holes: 0

[ simnibs 4.6.0 - 2026-08-02 16:14:34,592 - 55618 ]INFO: Placing Electrode:
definition: plane
shape: ellipse
centre: [np.float64(-71.65), np.float64(7.94), np.float64(-33.44)]
pos_ydir: []
dimensions: [10.0, 10.0]
thickness:2
channelnr: 2
number of holes: 0

[ simnibs 4.6.0 - 2026-08-02 16:15:28,940 - 55618 ]INFO: Using isotropic conductivities
[ simnibs 4.6.0 - 2026-08-02 16:15:32,167 - 55618 ]INFO: Simulating electrode pair 2101 - 2102
[ simnibs 4.6.0 - 2026-08-02 16:15:32,274 - 55618 ]INFO: Assembling FEM Matrix
[ simnibs 4.6.0 - 2026-08-02 16:15:42,214 - 55618 ]INFO: 9.94 s to assemble FEM matrix
[ simnibs 4.6.0 - 2026-08-02 16:15:42,228 - 55618 ]DEBUG: Solving FEM System
[ simnibs 4.6.0 - 2026-08-02 16:15:42,228 - 55618 ]INFO: Using solver options: hypre
[ simnibs 4.6.0 - 2026-08-02 16:15:45,890 - 55618 ]INFO: Time to set up KSP:   3.1383 s
[ simnibs 4.6.0 - 2026-08-02 16:16:20,293 - 55618 ]INFO: Time to solve:  34.3759 s
[ simnibs 4.6.0 - 2026-08-02 16:16:21,812 - 55618 ]WARNING: The current calibration error exceeded 10%! Estimated error value: 200.00%
[ simnibs 4.6.0 - 2026-08-02 16:16:27,334 - 55618 ]INFO: Creating visualizations
[ simnibs 4.6.0 - 2026-08-02 16:16:31,879 - 55618 ]SUMMARY: 
mida_headneck_TDCS_1
====================
Gray Matter

Field Percentiles
-----------------
Top percentiles of the field (or field magnitude for vector fields)
|Field |99.9%        |99.0%        |95.0%        |
|------|-------------|-------------|-------------|
|E     |1.67e+01 V/m |1.33e+01 V/m |1.12e+01 V/m |

Field Focality
---------------
Mesh volume or area with a field >= X% of the 99.9th percentile
|Field |75.0%        |50.0%        |
|------|-------------|-------------|
|E     |1.53e+03 mm³ |2.12e+04 mm³ |

[ simnibs 4.6.0 - 2026-08-02 16:16:31,973 - 55618 ]INFO: Finished Running Poslist Number: 1
[ simnibs 4.6.0 - 2026-08-02 16:16:31,973 - 55618 ]INFO: Result Files:
/Users/carl/CODELocalProjects/ear-emg-forward-model/results/cond_bound/d_airvoids_filled__above_ear/mida_headneck_TDCS_1_scalar.msh
[ simnibs 4.6.0 - 2026-08-02 16:16:32,030 - 55618 ]INFO: =====================================
[ simnibs 4.6.0 - 2026-08-02 16:16:32,030 - 55618 ]INFO: SimNIBS finished running simulations
[ simnibs 4.6.0 - 2026-08-02 16:16:32,030 - 55618 ]INFO: Simulation Result Meshes:
[ simnibs 4.6.0 - 2026-08-02 16:16:32,030 - 55618 ]INFO: /Users/carl/CODELocalProjects/ear-emg-forward-model/results/cond_bound/d_airvoids_filled__above_ear/mida_headneck_TDCS_1_scalar.msh
[ simnibs 4.6.0 - 2026-08-02 16:16:32,030 - 55618 ]INFO: =====================================
