[ simnibs 4.6.0 - 2026-08-02 22:25:51,836 - 65913 ]WARNING: Cannot locate subjects m2m folder
[ simnibs 4.6.0 - 2026-08-02 22:25:51,837 - 65913 ]WARNING: some postprocessing options might fail
[ simnibs 4.6.0 - 2026-08-02 22:25:51,837 - 65913 ]INFO: Head Mesh:          /Users/carl/CODELocalProjects/ear-emg-forward-model/data/val_sphere_medium.msh
[ simnibs 4.6.0 - 2026-08-02 22:25:51,837 - 65913 ]INFO: Subject Path:       None
[ simnibs 4.6.0 - 2026-08-02 22:25:51,837 - 65913 ]INFO: Simulation Folder:  /Users/carl/CODELocalProjects/ear-emg-forward-model/results/floor_draws/draw01/e10
[ simnibs 4.6.0 - 2026-08-02 22:25:51,863 - 65913 ]INFO: Running simulations in the directory: /Users/carl/CODELocalProjects/ear-emg-forward-model/results/floor_draws/draw01/e10
[ simnibs 4.6.0 - 2026-08-02 22:25:51,945 - 65913 ]INFO: Running Poslist Number: 1
[ simnibs 4.6.0 - 2026-08-02 22:25:51,945 - 65913 ]INFO: Began to run tDCS simulation
[ simnibs 4.6.0 - 2026-08-02 22:25:51,945 - 65913 ]INFO: Channels: [1, 2]
[ simnibs 4.6.0 - 2026-08-02 22:25:51,945 - 65913 ]INFO: Currents (A): [0.001, -0.001]
[ simnibs 4.6.0 - 2026-08-02 22:25:52,853 - 65913 ]INFO: Placing Electrode:
definition: plane
shape: ellipse
centre: [np.float64(86.68847144247215), np.float64(-2.0770872996415104), np.float64(-24.099681062565097)]
pos_ydir: []
dimensions: [10.0, 10.0]
thickness:2
channelnr: 1
number of holes: 0

[ simnibs 4.6.0 - 2026-08-02 22:25:54,455 - 65913 ]INFO: Placing Electrode:
definition: plane
shape: ellipse
centre: [np.float64(4.130572493582126), np.float64(-4.342898261112009), np.float64(-89.80020938488336)]
pos_ydir: []
dimensions: [10.0, 10.0]
thickness:2
channelnr: 2
number of holes: 0

[ simnibs 4.6.0 - 2026-08-02 22:25:57,111 - 65913 ]INFO: Using isotropic conductivities
[ simnibs 4.6.0 - 2026-08-02 22:25:57,155 - 65913 ]INFO: Simulating electrode pair 2101 - 2102
[ simnibs 4.6.0 - 2026-08-02 22:25:57,161 - 65913 ]INFO: Assembling FEM Matrix
[ simnibs 4.6.0 - 2026-08-02 22:25:57,701 - 65913 ]INFO: 0.54 s to assemble FEM matrix
[ simnibs 4.6.0 - 2026-08-02 22:25:57,701 - 65913 ]DEBUG: Solving FEM System
[ simnibs 4.6.0 - 2026-08-02 22:25:57,701 - 65913 ]INFO: Using solver options: hypre
[ simnibs 4.6.0 - 2026-08-02 22:25:57,888 - 65913 ]INFO: Time to set up KSP:   0.1561 s
[ simnibs 4.6.0 - 2026-08-02 22:25:58,201 - 65913 ]INFO: Time to solve:   0.3112 s
[ simnibs 4.6.0 - 2026-08-02 22:25:58,329 - 65913 ]WARNING: The current calibration error exceeded 10%! Estimated error value: 21.26%
[ simnibs 4.6.0 - 2026-08-02 22:25:58,648 - 65913 ]INFO: Creating visualizations
[ simnibs 4.6.0 - 2026-08-02 22:25:59,139 - 65913 ]SUMMARY: 
val_sphere_medium_TDCS_1
========================
Gray Matter

Field Percentiles
-----------------
Top percentiles of the field (or field magnitude for vector fields)
|Field |99.9%        |99.0%        |95.0%        |
|------|-------------|-------------|-------------|
|E     |2.64e-01 V/m |2.46e-01 V/m |2.14e-01 V/m |

Field Focality
---------------
Mesh volume or area with a field >= X% of the 99.9th percentile
|Field |75.0%        |50.0%        |
|------|-------------|-------------|
|E     |2.13e+04 mm³ |5.33e+04 mm³ |

[ simnibs 4.6.0 - 2026-08-02 22:25:59,180 - 65913 ]INFO: Finished Running Poslist Number: 1
[ simnibs 4.6.0 - 2026-08-02 22:25:59,180 - 65913 ]INFO: Result Files:
/Users/carl/CODELocalProjects/ear-emg-forward-model/results/floor_draws/draw01/e10/val_sphere_medium_TDCS_1_scalar.msh
[ simnibs 4.6.0 - 2026-08-02 22:25:59,216 - 65913 ]INFO: =====================================
[ simnibs 4.6.0 - 2026-08-02 22:25:59,216 - 65913 ]INFO: SimNIBS finished running simulations
[ simnibs 4.6.0 - 2026-08-02 22:25:59,216 - 65913 ]INFO: Simulation Result Meshes:
[ simnibs 4.6.0 - 2026-08-02 22:25:59,216 - 65913 ]INFO: /Users/carl/CODELocalProjects/ear-emg-forward-model/results/floor_draws/draw01/e10/val_sphere_medium_TDCS_1_scalar.msh
[ simnibs 4.6.0 - 2026-08-02 22:25:59,216 - 65913 ]INFO: =====================================
