[ simnibs 4.6.0 - 2026-08-02 22:30:55,851 - 30868 ]WARNING: Cannot locate subjects m2m folder
[ simnibs 4.6.0 - 2026-08-02 22:30:55,851 - 30868 ]WARNING: some postprocessing options might fail
[ simnibs 4.6.0 - 2026-08-02 22:30:55,851 - 30868 ]INFO: Head Mesh:          /Users/carl/CODELocalProjects/ear-emg-forward-model/data/mida_headneck.msh
[ simnibs 4.6.0 - 2026-08-02 22:30:55,851 - 30868 ]INFO: Subject Path:       None
[ simnibs 4.6.0 - 2026-08-02 22:30:55,851 - 30868 ]INFO: Simulation Folder:  /Users/carl/CODELocalProjects/ear-emg-forward-model/results/cavity/air__above_ear
[ simnibs 4.6.0 - 2026-08-02 22:30:56,363 - 30868 ]INFO: Running simulations in the directory: /Users/carl/CODELocalProjects/ear-emg-forward-model/results/cavity/air__above_ear
[ simnibs 4.6.0 - 2026-08-02 22:30:56,448 - 30868 ]INFO: Running Poslist Number: 1
[ simnibs 4.6.0 - 2026-08-02 22:30:56,448 - 30868 ]INFO: Began to run tDCS simulation
[ simnibs 4.6.0 - 2026-08-02 22:30:56,448 - 30868 ]INFO: Channels: [1, 2]
[ simnibs 4.6.0 - 2026-08-02 22:30:56,448 - 30868 ]INFO: Currents (A): [0.001, -0.001]
[ simnibs 4.6.0 - 2026-08-02 22:31:33,396 - 30868 ]INFO: Placing Electrode:
definition: plane
shape: ellipse
centre: [np.float64(78.76), np.float64(7.24), np.float64(13.61)]
pos_ydir: []
dimensions: [10, 10]
thickness:2
channelnr: 1
number of holes: 0

[ simnibs 4.6.0 - 2026-08-02 22:31:40,534 - 30868 ]INFO: Placing Electrode:
definition: plane
shape: ellipse
centre: [np.float64(-71.65), np.float64(7.94), np.float64(-33.44)]
pos_ydir: []
dimensions: [10, 10]
thickness:2
channelnr: 2
number of holes: 0

[ simnibs 4.6.0 - 2026-08-02 22:32:27,840 - 30868 ]INFO: Using isotropic conductivities
[ simnibs 4.6.0 - 2026-08-02 22:32:31,221 - 30868 ]INFO: Simulating electrode pair 2101 - 2102
[ simnibs 4.6.0 - 2026-08-02 22:32:31,323 - 30868 ]INFO: Assembling FEM Matrix
[ simnibs 4.6.0 - 2026-08-02 22:32:41,650 - 30868 ]INFO: 10.33 s to assemble FEM matrix
[ simnibs 4.6.0 - 2026-08-02 22:32:41,664 - 30868 ]DEBUG: Solving FEM System
[ simnibs 4.6.0 - 2026-08-02 22:32:41,664 - 30868 ]INFO: Using solver options: hypre
[ simnibs 4.6.0 - 2026-08-02 22:32:45,376 - 30868 ]INFO: Time to set up KSP:   3.1666 s
[ simnibs 4.6.0 - 2026-08-02 22:32:58,388 - 30868 ]INFO: Time to solve:  12.9851 s
[ simnibs 4.6.0 - 2026-08-02 22:32:59,190 - 30868 ]INFO: Estimated current calibration error: 6.3%
[ simnibs 4.6.0 - 2026-08-02 22:33:04,206 - 30868 ]INFO: Creating visualizations
[ simnibs 4.6.0 - 2026-08-02 22:33:07,796 - 30868 ]SUMMARY: 
mida_headneck_TDCS_1
====================
Gray Matter

Field Percentiles
-----------------
Top percentiles of the field (or field magnitude for vector fields)
|Field |99.9%        |99.0%        |95.0%        |
|------|-------------|-------------|-------------|
|E     |2.35e-01 V/m |1.73e-01 V/m |1.39e-01 V/m |

Field Focality
---------------
Mesh volume or area with a field >= X% of the 99.9th percentile
|Field |75.0%        |50.0%        |
|------|-------------|-------------|
|E     |7.63e+02 mm³ |1.57e+04 mm³ |

[ simnibs 4.6.0 - 2026-08-02 22:33:07,850 - 30868 ]INFO: Finished Running Poslist Number: 1
[ simnibs 4.6.0 - 2026-08-02 22:33:07,850 - 30868 ]INFO: Result Files:
/Users/carl/CODELocalProjects/ear-emg-forward-model/results/cavity/air__above_ear/mida_headneck_TDCS_1_scalar.msh
[ simnibs 4.6.0 - 2026-08-02 22:33:07,901 - 30868 ]INFO: =====================================
[ simnibs 4.6.0 - 2026-08-02 22:33:07,901 - 30868 ]INFO: SimNIBS finished running simulations
[ simnibs 4.6.0 - 2026-08-02 22:33:07,901 - 30868 ]INFO: Simulation Result Meshes:
[ simnibs 4.6.0 - 2026-08-02 22:33:07,901 - 30868 ]INFO: /Users/carl/CODELocalProjects/ear-emg-forward-model/results/cavity/air__above_ear/mida_headneck_TDCS_1_scalar.msh
[ simnibs 4.6.0 - 2026-08-02 22:33:07,901 - 30868 ]INFO: =====================================
