[ simnibs 4.6.0 - 2026-08-02 22:41:13,427 - 30868 ]WARNING: Cannot locate subjects m2m folder
[ simnibs 4.6.0 - 2026-08-02 22:41:13,427 - 30868 ]WARNING: some postprocessing options might fail
[ simnibs 4.6.0 - 2026-08-02 22:41:13,427 - 30868 ]INFO: Head Mesh:          /Users/carl/CODELocalProjects/ear-emg-forward-model/data/mida_headneck.msh
[ simnibs 4.6.0 - 2026-08-02 22:41:13,428 - 30868 ]INFO: Subject Path:       None
[ simnibs 4.6.0 - 2026-08-02 22:41:13,428 - 30868 ]INFO: Simulation Folder:  /Users/carl/CODELocalProjects/ear-emg-forward-model/results/cavity/filled__buccal
[ simnibs 4.6.0 - 2026-08-02 22:41:13,919 - 30868 ]INFO: Running simulations in the directory: /Users/carl/CODELocalProjects/ear-emg-forward-model/results/cavity/filled__buccal
[ simnibs 4.6.0 - 2026-08-02 22:41:14,003 - 30868 ]INFO: Running Poslist Number: 1
[ simnibs 4.6.0 - 2026-08-02 22:41:14,003 - 30868 ]INFO: Began to run tDCS simulation
[ simnibs 4.6.0 - 2026-08-02 22:41:14,003 - 30868 ]INFO: Channels: [1, 2]
[ simnibs 4.6.0 - 2026-08-02 22:41:14,003 - 30868 ]INFO: Currents (A): [0.001, -0.001]
[ simnibs 4.6.0 - 2026-08-02 22:41:49,568 - 30868 ]INFO: Placing Electrode:
definition: plane
shape: ellipse
centre: [np.float64(38.72), np.float64(75.56), np.float64(-78.36)]
pos_ydir: []
dimensions: [10, 10]
thickness:2
channelnr: 1
number of holes: 0

[ simnibs 4.6.0 - 2026-08-02 22:41:56,486 - 30868 ]INFO: Placing Electrode:
definition: plane
shape: ellipse
centre: [np.float64(-71.65), np.float64(7.94), np.float64(-33.44)]
pos_ydir: []
dimensions: [10, 10]
thickness:2
channelnr: 2
number of holes: 0

[ simnibs 4.6.0 - 2026-08-02 22:42:40,338 - 30868 ]INFO: Using isotropic conductivities
[ simnibs 4.6.0 - 2026-08-02 22:42:43,306 - 30868 ]INFO: Simulating electrode pair 2101 - 2102
[ simnibs 4.6.0 - 2026-08-02 22:42:43,410 - 30868 ]INFO: Assembling FEM Matrix
[ simnibs 4.6.0 - 2026-08-02 22:42:53,457 - 30868 ]INFO: 10.05 s to assemble FEM matrix
[ simnibs 4.6.0 - 2026-08-02 22:42:53,472 - 30868 ]DEBUG: Solving FEM System
[ simnibs 4.6.0 - 2026-08-02 22:42:53,472 - 30868 ]INFO: Using solver options: hypre
[ simnibs 4.6.0 - 2026-08-02 22:42:57,052 - 30868 ]INFO: Time to set up KSP:   3.0633 s
[ simnibs 4.6.0 - 2026-08-02 22:43:09,773 - 30868 ]INFO: Time to solve:  12.6929 s
[ simnibs 4.6.0 - 2026-08-02 22:43:10,568 - 30868 ]INFO: Estimated current calibration error: 3.3%
[ simnibs 4.6.0 - 2026-08-02 22:43:15,602 - 30868 ]INFO: Creating visualizations
[ simnibs 4.6.0 - 2026-08-02 22:43:19,187 - 30868 ]SUMMARY: 
mida_headneck_TDCS_1
====================
Gray Matter

Field Percentiles
-----------------
Top percentiles of the field (or field magnitude for vector fields)
|Field |99.9%        |99.0%        |95.0%        |
|------|-------------|-------------|-------------|
|E     |1.42e-01 V/m |1.01e-01 V/m |7.80e-02 V/m |

Field Focality
---------------
Mesh volume or area with a field >= X% of the 99.9th percentile
|Field |75.0%        |50.0%        |
|------|-------------|-------------|
|E     |6.39e+02 mm³ |7.34e+03 mm³ |

[ simnibs 4.6.0 - 2026-08-02 22:43:19,245 - 30868 ]INFO: Finished Running Poslist Number: 1
[ simnibs 4.6.0 - 2026-08-02 22:43:19,246 - 30868 ]INFO: Result Files:
/Users/carl/CODELocalProjects/ear-emg-forward-model/results/cavity/filled__buccal/mida_headneck_TDCS_1_scalar.msh
[ simnibs 4.6.0 - 2026-08-02 22:43:19,293 - 30868 ]INFO: =====================================
[ simnibs 4.6.0 - 2026-08-02 22:43:19,293 - 30868 ]INFO: SimNIBS finished running simulations
[ simnibs 4.6.0 - 2026-08-02 22:43:19,293 - 30868 ]INFO: Simulation Result Meshes:
[ simnibs 4.6.0 - 2026-08-02 22:43:19,293 - 30868 ]INFO: /Users/carl/CODELocalProjects/ear-emg-forward-model/results/cavity/filled__buccal/mida_headneck_TDCS_1_scalar.msh
[ simnibs 4.6.0 - 2026-08-02 22:43:19,293 - 30868 ]INFO: =====================================
