[ simnibs 4.6.0 - 2026-08-03 11:50:16,655 - 80710 ]WARNING: Cannot locate subjects m2m folder
[ simnibs 4.6.0 - 2026-08-03 11:50:16,655 - 80710 ]WARNING: some postprocessing options might fail
[ simnibs 4.6.0 - 2026-08-03 11:50:16,655 - 80710 ]INFO: Head Mesh:          /Users/carl/CODELocalProjects/ear-emg-forward-model/data/mida_headneck.msh
[ simnibs 4.6.0 - 2026-08-03 11:50:16,655 - 80710 ]INFO: Subject Path:       None
[ simnibs 4.6.0 - 2026-08-03 11:50:16,655 - 80710 ]INFO: Simulation Folder:  /Users/carl/CODELocalProjects/ear-emg-forward-model/results/leadfields/iso/mental
[ simnibs 4.6.0 - 2026-08-03 11:50:17,259 - 80710 ]INFO: Running simulations in the directory: /Users/carl/CODELocalProjects/ear-emg-forward-model/results/leadfields/iso/mental
[ simnibs 4.6.0 - 2026-08-03 11:50:17,345 - 80710 ]INFO: Running Poslist Number: 1
[ simnibs 4.6.0 - 2026-08-03 11:50:17,345 - 80710 ]INFO: Began to run tDCS simulation
[ simnibs 4.6.0 - 2026-08-03 11:50:17,345 - 80710 ]INFO: Channels: [1, 2]
[ simnibs 4.6.0 - 2026-08-03 11:50:17,345 - 80710 ]INFO: Currents (A): [0.001, -0.001]
[ simnibs 4.6.0 - 2026-08-03 11:51:02,930 - 80710 ]INFO: Placing Electrode:
definition: plane
shape: ellipse
centre: [np.float64(-6.21), np.float64(98.22), np.float64(-100.62)]
pos_ydir: []
dimensions: [10.0, 10.0]
thickness:2
channelnr: 1
number of holes: 0

[ simnibs 4.6.0 - 2026-08-03 11:51:10,718 - 80710 ]INFO: Placing Electrode:
definition: plane
shape: ellipse
centre: [np.float64(-71.65), np.float64(7.94), np.float64(-33.44)]
pos_ydir: []
dimensions: [10.0, 10.0]
thickness:2
channelnr: 2
number of holes: 0

[ simnibs 4.6.0 - 2026-08-03 11:52:08,656 - 80710 ]INFO: Using isotropic conductivities
[ simnibs 4.6.0 - 2026-08-03 11:52:12,659 - 80710 ]INFO: Simulating electrode pair 2101 - 2102
[ simnibs 4.6.0 - 2026-08-03 11:52:12,780 - 80710 ]INFO: Assembling FEM Matrix
[ simnibs 4.6.0 - 2026-08-03 11:52:23,289 - 80710 ]INFO: 10.51 s to assemble FEM matrix
[ simnibs 4.6.0 - 2026-08-03 11:52:23,311 - 80710 ]DEBUG: Solving FEM System
[ simnibs 4.6.0 - 2026-08-03 11:52:23,312 - 80710 ]INFO: Using solver options: hypre
[ simnibs 4.6.0 - 2026-08-03 11:52:27,020 - 80710 ]INFO: Time to set up KSP:   3.1694 s
[ simnibs 4.6.0 - 2026-08-03 11:52:40,095 - 80710 ]INFO: Time to solve:  13.0468 s
[ simnibs 4.6.0 - 2026-08-03 11:52:40,903 - 80710 ]WARNING: The current calibration error exceeded 10%! Estimated error value: 32.99%
[ simnibs 4.6.0 - 2026-08-03 11:52:46,127 - 80710 ]INFO: Creating visualizations
[ simnibs 4.6.0 - 2026-08-03 11:52:49,794 - 80710 ]SUMMARY: 
mida_headneck_TDCS_1
====================
Gray Matter

Field Percentiles
-----------------
Top percentiles of the field (or field magnitude for vector fields)
|Field |99.9%        |99.0%        |95.0%        |
|------|-------------|-------------|-------------|
|E     |1.49e-01 V/m |1.08e-01 V/m |8.47e-02 V/m |

Field Focality
---------------
Mesh volume or area with a field >= X% of the 99.9th percentile
|Field |75.0%        |50.0%        |
|------|-------------|-------------|
|E     |7.12e+02 mm³ |8.77e+03 mm³ |

[ simnibs 4.6.0 - 2026-08-03 11:52:49,850 - 80710 ]INFO: Finished Running Poslist Number: 1
[ simnibs 4.6.0 - 2026-08-03 11:52:49,850 - 80710 ]INFO: Result Files:
/Users/carl/CODELocalProjects/ear-emg-forward-model/results/leadfields/iso/mental/mida_headneck_TDCS_1_scalar.msh
[ simnibs 4.6.0 - 2026-08-03 11:52:49,898 - 80710 ]INFO: =====================================
[ simnibs 4.6.0 - 2026-08-03 11:52:49,898 - 80710 ]INFO: SimNIBS finished running simulations
[ simnibs 4.6.0 - 2026-08-03 11:52:49,898 - 80710 ]INFO: Simulation Result Meshes:
[ simnibs 4.6.0 - 2026-08-03 11:52:49,898 - 80710 ]INFO: /Users/carl/CODELocalProjects/ear-emg-forward-model/results/leadfields/iso/mental/mida_headneck_TDCS_1_scalar.msh
[ simnibs 4.6.0 - 2026-08-03 11:52:49,898 - 80710 ]INFO: =====================================
