[ simnibs 4.6.0 - 2026-08-02 22:01:09,658 - 35663 ]WARNING: Cannot locate subjects m2m folder
[ simnibs 4.6.0 - 2026-08-02 22:01:09,659 - 35663 ]WARNING: some postprocessing options might fail
[ simnibs 4.6.0 - 2026-08-02 22:01:09,659 - 35663 ]INFO: Head Mesh:          /Users/carl/CODELocalProjects/ear-emg-forward-model/data/val_sphere_medium.msh
[ simnibs 4.6.0 - 2026-08-02 22:01:09,659 - 35663 ]INFO: Subject Path:       None
[ simnibs 4.6.0 - 2026-08-02 22:01:09,659 - 35663 ]INFO: Simulation Folder:  /Users/carl/CODELocalProjects/ear-emg-forward-model/results/e10mm_medium/e14
[ simnibs 4.6.0 - 2026-08-02 22:01:09,700 - 35663 ]INFO: Running simulations in the directory: /Users/carl/CODELocalProjects/ear-emg-forward-model/results/e10mm_medium/e14
[ simnibs 4.6.0 - 2026-08-02 22:01:09,833 - 35663 ]INFO: Running Poslist Number: 1
[ simnibs 4.6.0 - 2026-08-02 22:01:09,833 - 35663 ]INFO: Began to run tDCS simulation
[ simnibs 4.6.0 - 2026-08-02 22:01:09,833 - 35663 ]INFO: Channels: [1, 2]
[ simnibs 4.6.0 - 2026-08-02 22:01:09,833 - 35663 ]INFO: Currents (A): [0.001, -0.001]
[ simnibs 4.6.0 - 2026-08-02 22:01:10,966 - 35663 ]INFO: Placing Electrode:
definition: plane
shape: ellipse
centre: [np.float64(-50.93832431346133), np.float64(12.570659932423387), np.float64(-73.125)]
pos_ydir: []
dimensions: [10.0, 10.0]
thickness:2
channelnr: 1
number of holes: 0

[ simnibs 4.6.0 - 2026-08-02 22:01:12,725 - 35663 ]INFO: Placing Electrode:
definition: plane
shape: ellipse
centre: [np.float64(0.0), np.float64(0.0), np.float64(-90.0)]
pos_ydir: []
dimensions: [10.0, 10.0]
thickness:2
channelnr: 2
number of holes: 0

[ simnibs 4.6.0 - 2026-08-02 22:01:15,669 - 35663 ]INFO: Using isotropic conductivities
[ simnibs 4.6.0 - 2026-08-02 22:01:15,720 - 35663 ]INFO: Simulating electrode pair 2101 - 2102
[ simnibs 4.6.0 - 2026-08-02 22:01:15,728 - 35663 ]INFO: Assembling FEM Matrix
[ simnibs 4.6.0 - 2026-08-02 22:01:16,417 - 35663 ]INFO: 0.69 s to assemble FEM matrix
[ simnibs 4.6.0 - 2026-08-02 22:01:16,418 - 35663 ]DEBUG: Solving FEM System
[ simnibs 4.6.0 - 2026-08-02 22:01:16,418 - 35663 ]INFO: Using solver options: hypre
[ simnibs 4.6.0 - 2026-08-02 22:01:16,672 - 35663 ]INFO: Time to set up KSP:   0.2075 s
[ simnibs 4.6.0 - 2026-08-02 22:01:17,059 - 35663 ]INFO: Time to solve:   0.3840 s
[ simnibs 4.6.0 - 2026-08-02 22:01:17,217 - 35663 ]INFO: Estimated current calibration error: 8.1%
[ simnibs 4.6.0 - 2026-08-02 22:01:17,623 - 35663 ]INFO: Creating visualizations
[ simnibs 4.6.0 - 2026-08-02 22:01:18,214 - 35663 ]SUMMARY: 
val_sphere_medium_TDCS_1
========================
Gray Matter

Field Percentiles
-----------------
Top percentiles of the field (or field magnitude for vector fields)
|Field |99.9%        |99.0%        |95.0%        |
|------|-------------|-------------|-------------|
|E     |3.36e-01 V/m |2.96e-01 V/m |1.63e-01 V/m |

Field Focality
---------------
Mesh volume or area with a field >= X% of the 99.9th percentile
|Field |75.0%        |50.0%        |
|------|-------------|-------------|
|E     |6.25e+03 mm³ |1.53e+04 mm³ |

[ simnibs 4.6.0 - 2026-08-02 22:01:18,267 - 35663 ]INFO: Finished Running Poslist Number: 1
[ simnibs 4.6.0 - 2026-08-02 22:01:18,267 - 35663 ]INFO: Result Files:
/Users/carl/CODELocalProjects/ear-emg-forward-model/results/e10mm_medium/e14/val_sphere_medium_TDCS_1_scalar.msh
[ simnibs 4.6.0 - 2026-08-02 22:01:18,326 - 35663 ]INFO: =====================================
[ simnibs 4.6.0 - 2026-08-02 22:01:18,327 - 35663 ]INFO: SimNIBS finished running simulations
[ simnibs 4.6.0 - 2026-08-02 22:01:18,327 - 35663 ]INFO: Simulation Result Meshes:
[ simnibs 4.6.0 - 2026-08-02 22:01:18,327 - 35663 ]INFO: /Users/carl/CODELocalProjects/ear-emg-forward-model/results/e10mm_medium/e14/val_sphere_medium_TDCS_1_scalar.msh
[ simnibs 4.6.0 - 2026-08-02 22:01:18,327 - 35663 ]INFO: =====================================
