[ simnibs 4.6.0 - 2026-08-03 18:10:29,930 - 81120 ]WARNING: Cannot locate subjects m2m folder
[ simnibs 4.6.0 - 2026-08-03 18:10:29,930 - 81120 ]WARNING: some postprocessing options might fail
[ simnibs 4.6.0 - 2026-08-03 18:10:29,930 - 81120 ]INFO: Head Mesh:          /Users/carl/CODELocalProjects/ear-emg-forward-model/data/mida_headneck.msh
[ simnibs 4.6.0 - 2026-08-03 18:10:29,930 - 81120 ]INFO: Subject Path:       None
[ simnibs 4.6.0 - 2026-08-03 18:10:29,930 - 81120 ]INFO: Simulation Folder:  /Users/carl/CODELocalProjects/ear-emg-forward-model/results/leadfields/iso/_paired/submental_mid__2x
[ simnibs 4.6.0 - 2026-08-03 18:10:30,512 - 81120 ]INFO: Running simulations in the directory: /Users/carl/CODELocalProjects/ear-emg-forward-model/results/leadfields/iso/_paired/submental_mid__2x
[ simnibs 4.6.0 - 2026-08-03 18:10:30,595 - 81120 ]INFO: Running Poslist Number: 1
[ simnibs 4.6.0 - 2026-08-03 18:10:30,595 - 81120 ]INFO: Began to run tDCS simulation
[ simnibs 4.6.0 - 2026-08-03 18:10:30,595 - 81120 ]INFO: Channels: [1, 2]
[ simnibs 4.6.0 - 2026-08-03 18:10:30,595 - 81120 ]INFO: Currents (A): [0.002, -0.002]
[ simnibs 4.6.0 - 2026-08-03 18:11:08,539 - 81120 ]INFO: Placing Electrode:
definition: plane
shape: ellipse
centre: [np.float64(-8.14), np.float64(81.92), np.float64(-106.54)]
pos_ydir: []
dimensions: [10.0, 10.0]
thickness:2
channelnr: 1
number of holes: 0

[ simnibs 4.6.0 - 2026-08-03 18:11:15,787 - 81120 ]INFO: Placing Electrode:
definition: plane
shape: ellipse
centre: [np.float64(-71.65), np.float64(7.94), np.float64(-33.44)]
pos_ydir: []
dimensions: [10.0, 10.0]
thickness:2
channelnr: 2
number of holes: 0

[ simnibs 4.6.0 - 2026-08-03 18:12:03,591 - 81120 ]INFO: Using isotropic conductivities
[ simnibs 4.6.0 - 2026-08-03 18:12:07,030 - 81120 ]INFO: Simulating electrode pair 2101 - 2102
[ simnibs 4.6.0 - 2026-08-03 18:12:07,140 - 81120 ]INFO: Assembling FEM Matrix
[ simnibs 4.6.0 - 2026-08-03 18:12:17,556 - 81120 ]INFO: 10.41 s to assemble FEM matrix
[ simnibs 4.6.0 - 2026-08-03 18:12:17,566 - 81120 ]DEBUG: Solving FEM System
[ simnibs 4.6.0 - 2026-08-03 18:12:17,567 - 81120 ]INFO: Using solver options: hypre
[ simnibs 4.6.0 - 2026-08-03 18:12:21,326 - 81120 ]INFO: Time to set up KSP:   3.2042 s
[ simnibs 4.6.0 - 2026-08-03 18:12:34,449 - 81120 ]INFO: Time to solve:  13.0981 s
[ simnibs 4.6.0 - 2026-08-03 18:12:35,266 - 81120 ]WARNING: The current calibration error exceeded 10%! Estimated error value: 13.86%
[ simnibs 4.6.0 - 2026-08-03 18:12:40,510 - 81120 ]INFO: Creating visualizations
[ simnibs 4.6.0 - 2026-08-03 18:12:44,177 - 81120 ]SUMMARY: 
mida_headneck_TDCS_1
====================
Gray Matter

Field Percentiles
-----------------
Top percentiles of the field (or field magnitude for vector fields)
|Field |99.9%        |99.0%        |95.0%        |
|------|-------------|-------------|-------------|
|E     |2.80e-01 V/m |2.01e-01 V/m |1.54e-01 V/m |

Field Focality
---------------
Mesh volume or area with a field >= X% of the 99.9th percentile
|Field |75.0%        |50.0%        |
|------|-------------|-------------|
|E     |6.56e+02 mm³ |7.45e+03 mm³ |

[ simnibs 4.6.0 - 2026-08-03 18:12:44,227 - 81120 ]INFO: Finished Running Poslist Number: 1
[ simnibs 4.6.0 - 2026-08-03 18:12:44,227 - 81120 ]INFO: Result Files:
/Users/carl/CODELocalProjects/ear-emg-forward-model/results/leadfields/iso/_paired/submental_mid__2x/mida_headneck_TDCS_1_scalar.msh
[ simnibs 4.6.0 - 2026-08-03 18:12:44,268 - 81120 ]INFO: =====================================
[ simnibs 4.6.0 - 2026-08-03 18:12:44,268 - 81120 ]INFO: SimNIBS finished running simulations
[ simnibs 4.6.0 - 2026-08-03 18:12:44,268 - 81120 ]INFO: Simulation Result Meshes:
[ simnibs 4.6.0 - 2026-08-03 18:12:44,268 - 81120 ]INFO: /Users/carl/CODELocalProjects/ear-emg-forward-model/results/leadfields/iso/_paired/submental_mid__2x/mida_headneck_TDCS_1_scalar.msh
[ simnibs 4.6.0 - 2026-08-03 18:12:44,268 - 81120 ]INFO: =====================================
