[ simnibs 4.6.0 - 2026-08-02 22:32:52,529 - 65913 ]WARNING: Cannot locate subjects m2m folder
[ simnibs 4.6.0 - 2026-08-02 22:32:52,529 - 65913 ]WARNING: some postprocessing options might fail
[ simnibs 4.6.0 - 2026-08-02 22:32:52,529 - 65913 ]INFO: Head Mesh:          /Users/carl/CODELocalProjects/ear-emg-forward-model/data/val_sphere_medium.msh
[ simnibs 4.6.0 - 2026-08-02 22:32:52,529 - 65913 ]INFO: Subject Path:       None
[ simnibs 4.6.0 - 2026-08-02 22:32:52,529 - 65913 ]INFO: Simulation Folder:  /Users/carl/CODELocalProjects/ear-emg-forward-model/results/floor_draws/draw05/e07
[ simnibs 4.6.0 - 2026-08-02 22:32:52,554 - 65913 ]INFO: Running simulations in the directory: /Users/carl/CODELocalProjects/ear-emg-forward-model/results/floor_draws/draw05/e07
[ simnibs 4.6.0 - 2026-08-02 22:32:52,637 - 65913 ]INFO: Running Poslist Number: 1
[ simnibs 4.6.0 - 2026-08-02 22:32:52,638 - 65913 ]INFO: Began to run tDCS simulation
[ simnibs 4.6.0 - 2026-08-02 22:32:52,638 - 65913 ]INFO: Channels: [1, 2]
[ simnibs 4.6.0 - 2026-08-02 22:32:52,638 - 65913 ]INFO: Currents (A): [0.001, -0.001]
[ simnibs 4.6.0 - 2026-08-02 22:32:53,465 - 65913 ]INFO: Placing Electrode:
definition: plane
shape: ellipse
centre: [np.float64(55.631726712136675), np.float64(70.500383290902), np.float64(5.899740575825765)]
pos_ydir: []
dimensions: [10.0, 10.0]
thickness:2
channelnr: 1
number of holes: 0

[ simnibs 4.6.0 - 2026-08-02 22:32:54,703 - 65913 ]INFO: Placing Electrode:
definition: plane
shape: ellipse
centre: [np.float64(4.114319283267239), np.float64(-2.907680978695116), np.float64(-89.85887695804722)]
pos_ydir: []
dimensions: [10.0, 10.0]
thickness:2
channelnr: 2
number of holes: 0

[ simnibs 4.6.0 - 2026-08-02 22:32:56,901 - 65913 ]INFO: Using isotropic conductivities
[ simnibs 4.6.0 - 2026-08-02 22:32:56,940 - 65913 ]INFO: Simulating electrode pair 2101 - 2102
[ simnibs 4.6.0 - 2026-08-02 22:32:56,946 - 65913 ]INFO: Assembling FEM Matrix
[ simnibs 4.6.0 - 2026-08-02 22:32:57,462 - 65913 ]INFO: 0.52 s to assemble FEM matrix
[ simnibs 4.6.0 - 2026-08-02 22:32:57,463 - 65913 ]DEBUG: Solving FEM System
[ simnibs 4.6.0 - 2026-08-02 22:32:57,463 - 65913 ]INFO: Using solver options: hypre
[ simnibs 4.6.0 - 2026-08-02 22:32:57,649 - 65913 ]INFO: Time to set up KSP:   0.1578 s
[ simnibs 4.6.0 - 2026-08-02 22:32:57,939 - 65913 ]INFO: Time to solve:   0.2877 s
[ simnibs 4.6.0 - 2026-08-02 22:32:58,049 - 65913 ]WARNING: The current calibration error exceeded 10%! Estimated error value: 23.28%
[ simnibs 4.6.0 - 2026-08-02 22:32:58,351 - 65913 ]INFO: Creating visualizations
[ simnibs 4.6.0 - 2026-08-02 22:32:58,836 - 65913 ]SUMMARY: 
val_sphere_medium_TDCS_1
========================
Gray Matter

Field Percentiles
-----------------
Top percentiles of the field (or field magnitude for vector fields)
|Field |99.9%        |99.0%        |95.0%        |
|------|-------------|-------------|-------------|
|E     |2.62e-01 V/m |2.32e-01 V/m |2.06e-01 V/m |

Field Focality
---------------
Mesh volume or area with a field >= X% of the 99.9th percentile
|Field |75.0%        |50.0%        |
|------|-------------|-------------|
|E     |2.44e+04 mm³ |7.80e+04 mm³ |

[ simnibs 4.6.0 - 2026-08-02 22:32:58,875 - 65913 ]INFO: Finished Running Poslist Number: 1
[ simnibs 4.6.0 - 2026-08-02 22:32:58,875 - 65913 ]INFO: Result Files:
/Users/carl/CODELocalProjects/ear-emg-forward-model/results/floor_draws/draw05/e07/val_sphere_medium_TDCS_1_scalar.msh
[ simnibs 4.6.0 - 2026-08-02 22:32:58,906 - 65913 ]INFO: =====================================
[ simnibs 4.6.0 - 2026-08-02 22:32:58,906 - 65913 ]INFO: SimNIBS finished running simulations
[ simnibs 4.6.0 - 2026-08-02 22:32:58,906 - 65913 ]INFO: Simulation Result Meshes:
[ simnibs 4.6.0 - 2026-08-02 22:32:58,906 - 65913 ]INFO: /Users/carl/CODELocalProjects/ear-emg-forward-model/results/floor_draws/draw05/e07/val_sphere_medium_TDCS_1_scalar.msh
[ simnibs 4.6.0 - 2026-08-02 22:32:58,906 - 65913 ]INFO: =====================================
