[ simnibs 4.6.0 - 2026-08-03 09:46:02,631 - 53587 ]WARNING: Cannot locate subjects m2m folder
[ simnibs 4.6.0 - 2026-08-03 09:46:02,631 - 53587 ]WARNING: some postprocessing options might fail
[ simnibs 4.6.0 - 2026-08-03 09:46:02,631 - 53587 ]INFO: Head Mesh:          /Users/carl/CODELocalProjects/ear-emg-forward-model/data/mida_neckext.msh
[ simnibs 4.6.0 - 2026-08-03 09:46:02,631 - 53587 ]INFO: Subject Path:       None
[ simnibs 4.6.0 - 2026-08-03 09:46:02,631 - 53587 ]INFO: Simulation Folder:  /Users/carl/CODELocalProjects/ear-emg-forward-model/results/boundary_probe/above_ear
[ simnibs 4.6.0 - 2026-08-03 09:46:03,071 - 53587 ]INFO: Running simulations in the directory: /Users/carl/CODELocalProjects/ear-emg-forward-model/results/boundary_probe/above_ear
[ simnibs 4.6.0 - 2026-08-03 09:46:03,149 - 53587 ]INFO: Running Poslist Number: 1
[ simnibs 4.6.0 - 2026-08-03 09:46:03,149 - 53587 ]INFO: Began to run tDCS simulation
[ simnibs 4.6.0 - 2026-08-03 09:46:03,149 - 53587 ]INFO: Channels: [1, 2]
[ simnibs 4.6.0 - 2026-08-03 09:46:03,149 - 53587 ]INFO: Currents (A): [0.001, -0.001]
[ simnibs 4.6.0 - 2026-08-03 09:46:36,053 - 53587 ]INFO: Placing Electrode:
definition: plane
shape: ellipse
centre: [np.float64(-9.33), np.float64(42.74), np.float64(-108.23)]
pos_ydir: []
dimensions: [10.0, 10.0]
thickness:2
channelnr: 1
number of holes: 0

[ simnibs 4.6.0 - 2026-08-03 09:46:43,050 - 53587 ]INFO: Placing Electrode:
definition: plane
shape: ellipse
centre: [np.float64(-71.65), np.float64(7.94), np.float64(-33.44)]
pos_ydir: []
dimensions: [10.0, 10.0]
thickness:2
channelnr: 2
number of holes: 0

[ simnibs 4.6.0 - 2026-08-03 09:47:27,975 - 53587 ]INFO: Using isotropic conductivities
[ simnibs 4.6.0 - 2026-08-03 09:47:31,258 - 53587 ]INFO: Simulating electrode pair 2101 - 2102
[ simnibs 4.6.0 - 2026-08-03 09:47:31,371 - 53587 ]INFO: Assembling FEM Matrix
[ simnibs 4.6.0 - 2026-08-03 09:47:41,669 - 53587 ]INFO: 10.30 s to assemble FEM matrix
[ simnibs 4.6.0 - 2026-08-03 09:47:41,692 - 53587 ]DEBUG: Solving FEM System
[ simnibs 4.6.0 - 2026-08-03 09:47:41,692 - 53587 ]INFO: Using solver options: hypre
[ simnibs 4.6.0 - 2026-08-03 09:47:45,452 - 53587 ]INFO: Time to set up KSP:   3.2129 s
[ simnibs 4.6.0 - 2026-08-03 09:47:56,565 - 53587 ]INFO: Time to solve:  11.0811 s
[ simnibs 4.6.0 - 2026-08-03 09:47:57,317 - 53587 ]WARNING: The current calibration error exceeded 10%! Estimated error value: 100.49%
[ simnibs 4.6.0 - 2026-08-03 09:48:02,588 - 53587 ]INFO: Creating visualizations
[ simnibs 4.6.0 - 2026-08-03 09:48:06,353 - 53587 ]SUMMARY: 
mida_neckext_TDCS_1
===================
Gray Matter

Field Percentiles
-----------------
Top percentiles of the field (or field magnitude for vector fields)
|Field |99.9%        |99.0%        |95.0%        |
|------|-------------|-------------|-------------|
|E     |3.47e-01 V/m |2.47e-01 V/m |1.72e-01 V/m |

Field Focality
---------------
Mesh volume or area with a field >= X% of the 99.9th percentile
|Field |75.0%        |50.0%        |
|------|-------------|-------------|
|E     |6.57e+02 mm³ |4.31e+03 mm³ |

[ simnibs 4.6.0 - 2026-08-03 09:48:06,404 - 53587 ]INFO: Finished Running Poslist Number: 1
[ simnibs 4.6.0 - 2026-08-03 09:48:06,404 - 53587 ]INFO: Result Files:
/Users/carl/CODELocalProjects/ear-emg-forward-model/results/boundary_probe/above_ear/mida_neckext_TDCS_1_scalar.msh
[ simnibs 4.6.0 - 2026-08-03 09:48:06,447 - 53587 ]INFO: =====================================
[ simnibs 4.6.0 - 2026-08-03 09:48:06,447 - 53587 ]INFO: SimNIBS finished running simulations
[ simnibs 4.6.0 - 2026-08-03 09:48:06,447 - 53587 ]INFO: Simulation Result Meshes:
[ simnibs 4.6.0 - 2026-08-03 09:48:06,447 - 53587 ]INFO: /Users/carl/CODELocalProjects/ear-emg-forward-model/results/boundary_probe/above_ear/mida_neckext_TDCS_1_scalar.msh
[ simnibs 4.6.0 - 2026-08-03 09:48:06,447 - 53587 ]INFO: =====================================
