[ simnibs 4.6.0 - 2026-08-03 17:29:01,965 - 65254 ]WARNING: Cannot locate subjects m2m folder
[ simnibs 4.6.0 - 2026-08-03 17:29:01,965 - 65254 ]WARNING: some postprocessing options might fail
[ simnibs 4.6.0 - 2026-08-03 17:29:01,965 - 65254 ]INFO: Head Mesh:          /Users/carl/CODELocalProjects/ear-emg-forward-model/data/mida_neckext.msh
[ simnibs 4.6.0 - 2026-08-03 17:29:01,965 - 65254 ]INFO: Subject Path:       None
[ simnibs 4.6.0 - 2026-08-03 17:29:01,965 - 65254 ]INFO: Simulation Folder:  /Users/carl/CODELocalProjects/ear-emg-forward-model/results/boundary_probe/above_ear
[ simnibs 4.6.0 - 2026-08-03 17:29:02,416 - 65254 ]INFO: Running simulations in the directory: /Users/carl/CODELocalProjects/ear-emg-forward-model/results/boundary_probe/above_ear
[ simnibs 4.6.0 - 2026-08-03 17:29:02,495 - 65254 ]INFO: Running Poslist Number: 1
[ simnibs 4.6.0 - 2026-08-03 17:29:02,496 - 65254 ]INFO: Began to run tDCS simulation
[ simnibs 4.6.0 - 2026-08-03 17:29:02,496 - 65254 ]INFO: Channels: [1, 2]
[ simnibs 4.6.0 - 2026-08-03 17:29:02,496 - 65254 ]INFO: Currents (A): [0.001, -0.001]
[ simnibs 4.6.0 - 2026-08-03 17:29:41,846 - 65254 ]INFO: Placing Electrode:
definition: plane
shape: ellipse
centre: [np.float64(78.76), np.float64(7.24), np.float64(13.61)]
pos_ydir: []
dimensions: [10.0, 10.0]
thickness:2
channelnr: 1
number of holes: 0

[ simnibs 4.6.0 - 2026-08-03 17:29:48,922 - 65254 ]INFO: Placing Electrode:
definition: plane
shape: ellipse
centre: [np.float64(-71.65), np.float64(7.94), np.float64(-33.44)]
pos_ydir: []
dimensions: [10.0, 10.0]
thickness:2
channelnr: 2
number of holes: 0

[ simnibs 4.6.0 - 2026-08-03 17:30:37,986 - 65254 ]INFO: Using isotropic conductivities
[ simnibs 4.6.0 - 2026-08-03 17:30:41,370 - 65254 ]INFO: Simulating electrode pair 2101 - 2102
[ simnibs 4.6.0 - 2026-08-03 17:30:41,480 - 65254 ]INFO: Assembling FEM Matrix
[ simnibs 4.6.0 - 2026-08-03 17:30:51,783 - 65254 ]INFO: 10.30 s to assemble FEM matrix
[ simnibs 4.6.0 - 2026-08-03 17:30:51,793 - 65254 ]DEBUG: Solving FEM System
[ simnibs 4.6.0 - 2026-08-03 17:30:51,793 - 65254 ]INFO: Using solver options: hypre
[ simnibs 4.6.0 - 2026-08-03 17:30:55,661 - 65254 ]INFO: Time to set up KSP:   3.3212 s
[ simnibs 4.6.0 - 2026-08-03 17:31:11,292 - 65254 ]INFO: Time to solve:  15.6037 s
[ simnibs 4.6.0 - 2026-08-03 17:31:12,080 - 65254 ]WARNING: The current calibration error exceeded 10%! Estimated error value: 15.75%
[ simnibs 4.6.0 - 2026-08-03 17:31:17,204 - 65254 ]INFO: Creating visualizations
[ simnibs 4.6.0 - 2026-08-03 17:31:21,009 - 65254 ]SUMMARY: 
mida_neckext_TDCS_1
===================
Gray Matter

Field Percentiles
-----------------
Top percentiles of the field (or field magnitude for vector fields)
|Field |99.9%        |99.0%        |95.0%        |
|------|-------------|-------------|-------------|
|E     |2.45e-01 V/m |1.81e-01 V/m |1.46e-01 V/m |

Field Focality
---------------
Mesh volume or area with a field >= X% of the 99.9th percentile
|Field |75.0%        |50.0%        |
|------|-------------|-------------|
|E     |7.93e+02 mm³ |1.56e+04 mm³ |

[ simnibs 4.6.0 - 2026-08-03 17:31:21,057 - 65254 ]INFO: Finished Running Poslist Number: 1
[ simnibs 4.6.0 - 2026-08-03 17:31:21,057 - 65254 ]INFO: Result Files:
/Users/carl/CODELocalProjects/ear-emg-forward-model/results/boundary_probe/above_ear/mida_neckext_TDCS_1_scalar.msh
[ simnibs 4.6.0 - 2026-08-03 17:31:21,102 - 65254 ]INFO: =====================================
[ simnibs 4.6.0 - 2026-08-03 17:31:21,102 - 65254 ]INFO: SimNIBS finished running simulations
[ simnibs 4.6.0 - 2026-08-03 17:31:21,102 - 65254 ]INFO: Simulation Result Meshes:
[ simnibs 4.6.0 - 2026-08-03 17:31:21,102 - 65254 ]INFO: /Users/carl/CODELocalProjects/ear-emg-forward-model/results/boundary_probe/above_ear/mida_neckext_TDCS_1_scalar.msh
[ simnibs 4.6.0 - 2026-08-03 17:31:21,102 - 65254 ]INFO: =====================================
