[ simnibs 4.6.0 - 2026-08-02 16:03:18,711 - 74750 ]WARNING: Cannot locate subjects m2m folder
[ simnibs 4.6.0 - 2026-08-02 16:03:18,711 - 74750 ]WARNING: some postprocessing options might fail
[ simnibs 4.6.0 - 2026-08-02 16:03:18,711 - 74750 ]INFO: Head Mesh:          /Users/carl/CODELocalProjects/ear-emg-forward-model/data/val_sphere_vcoarse.msh
[ simnibs 4.6.0 - 2026-08-02 16:03:18,711 - 74750 ]INFO: Subject Path:       None
[ simnibs 4.6.0 - 2026-08-02 16:03:18,711 - 74750 ]INFO: Simulation Folder:  /Users/carl/CODELocalProjects/ear-emg-forward-model/results/convergence/vcoarse/e01
[ simnibs 4.6.0 - 2026-08-02 16:03:18,716 - 74750 ]INFO: Running simulations in the directory: /Users/carl/CODELocalProjects/ear-emg-forward-model/results/convergence/vcoarse/e01
[ simnibs 4.6.0 - 2026-08-02 16:03:18,799 - 74750 ]INFO: Running Poslist Number: 1
[ simnibs 4.6.0 - 2026-08-02 16:03:18,799 - 74750 ]INFO: Began to run tDCS simulation
[ simnibs 4.6.0 - 2026-08-02 16:03:18,799 - 74750 ]INFO: Channels: [1, 2]
[ simnibs 4.6.0 - 2026-08-02 16:03:18,799 - 74750 ]INFO: Currents (A): [0.001, -0.001]
[ simnibs 4.6.0 - 2026-08-02 16:03:18,980 - 74750 ]INFO: Placing Electrode:
definition: plane
shape: ellipse
centre: [np.float64(-47.051062382811075), np.float64(23.214906927421033), np.float64(73.125)]
pos_ydir: []
dimensions: [15, 15]
thickness:2
channelnr: 1
number of holes: 0

[ simnibs 4.6.0 - 2026-08-02 16:03:19,490 - 74750 ]INFO: Placing Electrode:
definition: plane
shape: ellipse
centre: [np.float64(0.0), np.float64(0.0), np.float64(-90.0)]
pos_ydir: []
dimensions: [15, 15]
thickness:2
channelnr: 2
number of holes: 0

[ simnibs 4.6.0 - 2026-08-02 16:03:20,177 - 74750 ]INFO: Using isotropic conductivities
[ simnibs 4.6.0 - 2026-08-02 16:03:20,186 - 74750 ]INFO: Simulating electrode pair 2101 - 2102
[ simnibs 4.6.0 - 2026-08-02 16:03:20,187 - 74750 ]INFO: Assembling FEM Matrix
[ simnibs 4.6.0 - 2026-08-02 16:03:20,282 - 74750 ]INFO: 0.09 s to assemble FEM matrix
[ simnibs 4.6.0 - 2026-08-02 16:03:20,282 - 74750 ]DEBUG: Solving FEM System
[ simnibs 4.6.0 - 2026-08-02 16:03:20,282 - 74750 ]INFO: Using solver options: hypre
[ simnibs 4.6.0 - 2026-08-02 16:03:20,315 - 74750 ]INFO: Time to set up KSP:   0.0279 s
[ simnibs 4.6.0 - 2026-08-02 16:03:20,360 - 74750 ]INFO: Time to solve:   0.0444 s
[ simnibs 4.6.0 - 2026-08-02 16:03:20,447 - 74750 ]INFO: Estimated current calibration error: 0.5%
[ simnibs 4.6.0 - 2026-08-02 16:03:20,530 - 74750 ]INFO: Creating visualizations
[ simnibs 4.6.0 - 2026-08-02 16:03:20,622 - 74750 ]SUMMARY: 
val_sphere_vcoarse_TDCS_1
=========================
Gray Matter

Field Percentiles
-----------------
Top percentiles of the field (or field magnitude for vector fields)
|Field |99.9%        |99.0%        |95.0%        |
|------|-------------|-------------|-------------|
|E     |2.31e-01 V/m |2.14e-01 V/m |1.91e-01 V/m |

Field Focality
---------------
Mesh volume or area with a field >= X% of the 99.9th percentile
|Field |75.0%        |50.0%        |
|------|-------------|-------------|
|E     |3.19e+04 mm³ |1.60e+05 mm³ |

[ simnibs 4.6.0 - 2026-08-02 16:03:20,657 - 74750 ]INFO: Finished Running Poslist Number: 1
[ simnibs 4.6.0 - 2026-08-02 16:03:20,657 - 74750 ]INFO: Result Files:
/Users/carl/CODELocalProjects/ear-emg-forward-model/results/convergence/vcoarse/e01/val_sphere_vcoarse_TDCS_1_scalar.msh
[ simnibs 4.6.0 - 2026-08-02 16:03:20,695 - 74750 ]INFO: =====================================
[ simnibs 4.6.0 - 2026-08-02 16:03:20,695 - 74750 ]INFO: SimNIBS finished running simulations
[ simnibs 4.6.0 - 2026-08-02 16:03:20,695 - 74750 ]INFO: Simulation Result Meshes:
[ simnibs 4.6.0 - 2026-08-02 16:03:20,695 - 74750 ]INFO: /Users/carl/CODELocalProjects/ear-emg-forward-model/results/convergence/vcoarse/e01/val_sphere_vcoarse_TDCS_1_scalar.msh
[ simnibs 4.6.0 - 2026-08-02 16:03:20,695 - 74750 ]INFO: =====================================
