[ simnibs 4.6.0 - 2026-08-02 20:30:53,386 - 91223 ]WARNING: Cannot locate subjects m2m folder
[ simnibs 4.6.0 - 2026-08-02 20:30:53,387 - 91223 ]WARNING: some postprocessing options might fail
[ simnibs 4.6.0 - 2026-08-02 20:30:53,387 - 91223 ]INFO: Head Mesh:          /Users/carl/CODELocalProjects/ear-emg-forward-model/data/mida_headneck.msh
[ simnibs 4.6.0 - 2026-08-02 20:30:53,387 - 91223 ]INFO: Subject Path:       None
[ simnibs 4.6.0 - 2026-08-02 20:30:53,387 - 91223 ]INFO: Simulation Folder:  /Users/carl/CODELocalProjects/ear-emg-forward-model/results/cavity/air__buccal
[ simnibs 4.6.0 - 2026-08-02 20:30:53,814 - 91223 ]INFO: Running simulations in the directory: /Users/carl/CODELocalProjects/ear-emg-forward-model/results/cavity/air__buccal
[ simnibs 4.6.0 - 2026-08-02 20:30:53,892 - 91223 ]INFO: Running Poslist Number: 1
[ simnibs 4.6.0 - 2026-08-02 20:30:53,892 - 91223 ]INFO: Began to run tDCS simulation
[ simnibs 4.6.0 - 2026-08-02 20:30:53,892 - 91223 ]INFO: Channels: [1, 2]
[ simnibs 4.6.0 - 2026-08-02 20:30:53,892 - 91223 ]INFO: Currents (A): [0.001, -0.001]
[ simnibs 4.6.0 - 2026-08-02 20:31:27,613 - 91223 ]INFO: Placing Electrode:
definition: plane
shape: ellipse
centre: [np.float64(38.72), np.float64(75.56), np.float64(-78.36)]
pos_ydir: []
dimensions: [10, 10]
thickness:2
channelnr: 1
number of holes: 0

[ simnibs 4.6.0 - 2026-08-02 20:31:34,304 - 91223 ]INFO: Placing Electrode:
definition: plane
shape: ellipse
centre: [np.float64(-71.65), np.float64(7.94), np.float64(-33.44)]
pos_ydir: []
dimensions: [10, 10]
thickness:2
channelnr: 2
number of holes: 0

[ simnibs 4.6.0 - 2026-08-02 20:32:15,074 - 91223 ]INFO: Using isotropic conductivities
[ simnibs 4.6.0 - 2026-08-02 20:32:18,193 - 91223 ]INFO: Simulating electrode pair 2101 - 2102
[ simnibs 4.6.0 - 2026-08-02 20:32:18,300 - 91223 ]INFO: Assembling FEM Matrix
[ simnibs 4.6.0 - 2026-08-02 20:32:27,909 - 91223 ]INFO: 9.61 s to assemble FEM matrix
[ simnibs 4.6.0 - 2026-08-02 20:32:27,918 - 91223 ]DEBUG: Solving FEM System
[ simnibs 4.6.0 - 2026-08-02 20:32:27,918 - 91223 ]INFO: Using solver options: hypre
[ simnibs 4.6.0 - 2026-08-02 20:32:31,356 - 91223 ]INFO: Time to set up KSP:   2.9620 s
[ simnibs 4.6.0 - 2026-08-02 20:32:43,756 - 91223 ]INFO: Time to solve:  12.3754 s
[ simnibs 4.6.0 - 2026-08-02 20:32:44,432 - 91223 ]INFO: Estimated current calibration error: 3.1%
[ simnibs 4.6.0 - 2026-08-02 20:32:49,208 - 91223 ]INFO: Creating visualizations
[ simnibs 4.6.0 - 2026-08-02 20:32:52,769 - 91223 ]SUMMARY: 
mida_headneck_TDCS_1
====================
Gray Matter

Field Percentiles
-----------------
Top percentiles of the field (or field magnitude for vector fields)
|Field |99.9%        |99.0%        |95.0%        |
|------|-------------|-------------|-------------|
|E     |1.54e-01 V/m |1.07e-01 V/m |8.18e-02 V/m |

Field Focality
---------------
Mesh volume or area with a field >= X% of the 99.9th percentile
|Field |75.0%        |50.0%        |
|------|-------------|-------------|
|E     |5.52e+02 mm³ |6.16e+03 mm³ |

[ simnibs 4.6.0 - 2026-08-02 20:32:52,818 - 91223 ]INFO: Finished Running Poslist Number: 1
[ simnibs 4.6.0 - 2026-08-02 20:32:52,818 - 91223 ]INFO: Result Files:
/Users/carl/CODELocalProjects/ear-emg-forward-model/results/cavity/air__buccal/mida_headneck_TDCS_1_scalar.msh
[ simnibs 4.6.0 - 2026-08-02 20:32:52,858 - 91223 ]INFO: =====================================
[ simnibs 4.6.0 - 2026-08-02 20:32:52,859 - 91223 ]INFO: SimNIBS finished running simulations
[ simnibs 4.6.0 - 2026-08-02 20:32:52,859 - 91223 ]INFO: Simulation Result Meshes:
[ simnibs 4.6.0 - 2026-08-02 20:32:52,859 - 91223 ]INFO: /Users/carl/CODELocalProjects/ear-emg-forward-model/results/cavity/air__buccal/mida_headneck_TDCS_1_scalar.msh
[ simnibs 4.6.0 - 2026-08-02 20:32:52,859 - 91223 ]INFO: =====================================
