[ simnibs 4.6.0 - 2026-08-03 18:07:46,118 - 81120 ]WARNING: Cannot locate subjects m2m folder
[ simnibs 4.6.0 - 2026-08-03 18:07:46,118 - 81120 ]WARNING: some postprocessing options might fail
[ simnibs 4.6.0 - 2026-08-03 18:07:46,118 - 81120 ]INFO: Head Mesh:          /Users/carl/CODELocalProjects/ear-emg-forward-model/data/mida_headneck.msh
[ simnibs 4.6.0 - 2026-08-03 18:07:46,118 - 81120 ]INFO: Subject Path:       None
[ simnibs 4.6.0 - 2026-08-03 18:07:46,118 - 81120 ]INFO: Simulation Folder:  /Users/carl/CODELocalProjects/ear-emg-forward-model/results/leadfields/iso/_paired/above_ear__swap
[ simnibs 4.6.0 - 2026-08-03 18:07:46,634 - 81120 ]INFO: Running simulations in the directory: /Users/carl/CODELocalProjects/ear-emg-forward-model/results/leadfields/iso/_paired/above_ear__swap
[ simnibs 4.6.0 - 2026-08-03 18:07:46,719 - 81120 ]INFO: Running Poslist Number: 1
[ simnibs 4.6.0 - 2026-08-03 18:07:46,719 - 81120 ]INFO: Began to run tDCS simulation
[ simnibs 4.6.0 - 2026-08-03 18:07:46,719 - 81120 ]INFO: Channels: [1, 2]
[ simnibs 4.6.0 - 2026-08-03 18:07:46,719 - 81120 ]INFO: Currents (A): [0.001, -0.001]
[ simnibs 4.6.0 - 2026-08-03 18:08:25,897 - 81120 ]INFO: Placing Electrode:
definition: plane
shape: ellipse
centre: [np.float64(-71.65), np.float64(7.94), np.float64(-33.44)]
pos_ydir: []
dimensions: [10.0, 10.0]
thickness:2
channelnr: 1
number of holes: 0

[ simnibs 4.6.0 - 2026-08-03 18:08:33,313 - 81120 ]INFO: Placing Electrode:
definition: plane
shape: ellipse
centre: [np.float64(78.76), np.float64(7.24), np.float64(13.61)]
pos_ydir: []
dimensions: [10.0, 10.0]
thickness:2
channelnr: 2
number of holes: 0

[ simnibs 4.6.0 - 2026-08-03 18:09:24,036 - 81120 ]INFO: Using isotropic conductivities
[ simnibs 4.6.0 - 2026-08-03 18:09:27,803 - 81120 ]INFO: Simulating electrode pair 2101 - 2102
[ simnibs 4.6.0 - 2026-08-03 18:09:27,922 - 81120 ]INFO: Assembling FEM Matrix
[ simnibs 4.6.0 - 2026-08-03 18:09:39,099 - 81120 ]INFO: 11.18 s to assemble FEM matrix
[ simnibs 4.6.0 - 2026-08-03 18:09:39,109 - 81120 ]DEBUG: Solving FEM System
[ simnibs 4.6.0 - 2026-08-03 18:09:39,111 - 81120 ]INFO: Using solver options: hypre
[ simnibs 4.6.0 - 2026-08-03 18:09:43,150 - 81120 ]INFO: Time to set up KSP:   3.3561 s
[ simnibs 4.6.0 - 2026-08-03 18:09:56,616 - 81120 ]INFO: Time to solve:  13.4344 s
[ simnibs 4.6.0 - 2026-08-03 18:09:57,702 - 81120 ]INFO: Estimated current calibration error: 6.3%
[ simnibs 4.6.0 - 2026-08-03 18:10:03,535 - 81120 ]INFO: Creating visualizations
[ simnibs 4.6.0 - 2026-08-03 18:10:07,477 - 81120 ]SUMMARY: 
mida_headneck_TDCS_1
====================
Gray Matter

Field Percentiles
-----------------
Top percentiles of the field (or field magnitude for vector fields)
|Field |99.9%        |99.0%        |95.0%        |
|------|-------------|-------------|-------------|
|E     |2.35e-01 V/m |1.73e-01 V/m |1.39e-01 V/m |

Field Focality
---------------
Mesh volume or area with a field >= X% of the 99.9th percentile
|Field |75.0%        |50.0%        |
|------|-------------|-------------|
|E     |7.63e+02 mm³ |1.57e+04 mm³ |

[ simnibs 4.6.0 - 2026-08-03 18:10:07,534 - 81120 ]INFO: Finished Running Poslist Number: 1
[ simnibs 4.6.0 - 2026-08-03 18:10:07,534 - 81120 ]INFO: Result Files:
/Users/carl/CODELocalProjects/ear-emg-forward-model/results/leadfields/iso/_paired/above_ear__swap/mida_headneck_TDCS_1_scalar.msh
[ simnibs 4.6.0 - 2026-08-03 18:10:07,585 - 81120 ]INFO: =====================================
[ simnibs 4.6.0 - 2026-08-03 18:10:07,585 - 81120 ]INFO: SimNIBS finished running simulations
[ simnibs 4.6.0 - 2026-08-03 18:10:07,585 - 81120 ]INFO: Simulation Result Meshes:
[ simnibs 4.6.0 - 2026-08-03 18:10:07,585 - 81120 ]INFO: /Users/carl/CODELocalProjects/ear-emg-forward-model/results/leadfields/iso/_paired/above_ear__swap/mida_headneck_TDCS_1_scalar.msh
[ simnibs 4.6.0 - 2026-08-03 18:10:07,585 - 81120 ]INFO: =====================================
