[ simnibs 4.6.0 - 2026-08-02 15:28:50,737 - 55618 ]WARNING: Cannot locate subjects m2m folder
[ simnibs 4.6.0 - 2026-08-02 15:28:50,737 - 55618 ]WARNING: some postprocessing options might fail
[ simnibs 4.6.0 - 2026-08-02 15:28:50,737 - 55618 ]INFO: Head Mesh:          /Users/carl/CODELocalProjects/ear-emg-forward-model/data/mida_headneck.msh
[ simnibs 4.6.0 - 2026-08-02 15:28:50,737 - 55618 ]INFO: Subject Path:       None
[ simnibs 4.6.0 - 2026-08-02 15:28:50,737 - 55618 ]INFO: Simulation Folder:  /Users/carl/CODELocalProjects/ear-emg-forward-model/results/cond_bound/a_baseline__submental_mid
[ simnibs 4.6.0 - 2026-08-02 15:28:51,222 - 55618 ]INFO: Running simulations in the directory: /Users/carl/CODELocalProjects/ear-emg-forward-model/results/cond_bound/a_baseline__submental_mid
[ simnibs 4.6.0 - 2026-08-02 15:28:51,311 - 55618 ]INFO: Running Poslist Number: 1
[ simnibs 4.6.0 - 2026-08-02 15:28:51,311 - 55618 ]INFO: Began to run tDCS simulation
[ simnibs 4.6.0 - 2026-08-02 15:28:51,311 - 55618 ]INFO: Channels: [1, 2]
[ simnibs 4.6.0 - 2026-08-02 15:28:51,311 - 55618 ]INFO: Currents (A): [0.001, -0.001]
[ simnibs 4.6.0 - 2026-08-02 15:29:31,067 - 55618 ]INFO: Placing Electrode:
definition: plane
shape: ellipse
centre: [np.float64(-8.14), np.float64(81.92), np.float64(-106.54)]
pos_ydir: []
dimensions: [10.0, 10.0]
thickness:2
channelnr: 1
number of holes: 0

[ simnibs 4.6.0 - 2026-08-02 15:29:38,848 - 55618 ]INFO: Placing Electrode:
definition: plane
shape: ellipse
centre: [np.float64(-71.65), np.float64(7.94), np.float64(-33.44)]
pos_ydir: []
dimensions: [10.0, 10.0]
thickness:2
channelnr: 2
number of holes: 0

[ simnibs 4.6.0 - 2026-08-02 15:30:33,239 - 55618 ]INFO: Using isotropic conductivities
[ simnibs 4.6.0 - 2026-08-02 15:30:36,999 - 55618 ]INFO: Simulating electrode pair 2101 - 2102
[ simnibs 4.6.0 - 2026-08-02 15:30:37,118 - 55618 ]INFO: Assembling FEM Matrix
[ simnibs 4.6.0 - 2026-08-02 15:30:50,321 - 55618 ]INFO: 13.20 s to assemble FEM matrix
[ simnibs 4.6.0 - 2026-08-02 15:30:50,349 - 55618 ]DEBUG: Solving FEM System
[ simnibs 4.6.0 - 2026-08-02 15:30:50,349 - 55618 ]INFO: Using solver options: hypre
[ simnibs 4.6.0 - 2026-08-02 15:30:54,228 - 55618 ]INFO: Time to set up KSP:   3.2908 s
[ simnibs 4.6.0 - 2026-08-02 15:31:06,861 - 55618 ]INFO: Time to solve:  12.5969 s
[ simnibs 4.6.0 - 2026-08-02 15:31:09,650 - 55618 ]WARNING: The current calibration error exceeded 10%! Estimated error value: 200.00%
[ simnibs 4.6.0 - 2026-08-02 15:31:21,032 - 55618 ]INFO: Creating visualizations
[ simnibs 4.6.0 - 2026-08-02 15:31:29,629 - 55618 ]SUMMARY: 
mida_headneck_TDCS_1
====================
Gray Matter

Field Percentiles
-----------------
Top percentiles of the field (or field magnitude for vector fields)
|Field |99.9%        |99.0%        |95.0%        |
|------|-------------|-------------|-------------|
|E     |2.23e+02 V/m |1.88e+02 V/m |1.58e+02 V/m |

Field Focality
---------------
Mesh volume or area with a field >= X% of the 99.9th percentile
|Field |75.0%        |50.0%        |
|------|-------------|-------------|
|E     |3.00e+03 mm³ |2.47e+04 mm³ |

[ simnibs 4.6.0 - 2026-08-02 15:31:29,801 - 55618 ]INFO: Finished Running Poslist Number: 1
[ simnibs 4.6.0 - 2026-08-02 15:31:29,801 - 55618 ]INFO: Result Files:
/Users/carl/CODELocalProjects/ear-emg-forward-model/results/cond_bound/a_baseline__submental_mid/mida_headneck_TDCS_1_scalar.msh
[ simnibs 4.6.0 - 2026-08-02 15:31:29,923 - 55618 ]INFO: =====================================
[ simnibs 4.6.0 - 2026-08-02 15:31:29,923 - 55618 ]INFO: SimNIBS finished running simulations
[ simnibs 4.6.0 - 2026-08-02 15:31:29,923 - 55618 ]INFO: Simulation Result Meshes:
[ simnibs 4.6.0 - 2026-08-02 15:31:29,923 - 55618 ]INFO: /Users/carl/CODELocalProjects/ear-emg-forward-model/results/cond_bound/a_baseline__submental_mid/mida_headneck_TDCS_1_scalar.msh
[ simnibs 4.6.0 - 2026-08-02 15:31:29,923 - 55618 ]INFO: =====================================
