[ simnibs 4.6.0 - 2026-08-02 22:28:38,097 - 65913 ]WARNING: Cannot locate subjects m2m folder
[ simnibs 4.6.0 - 2026-08-02 22:28:38,097 - 65913 ]WARNING: some postprocessing options might fail
[ simnibs 4.6.0 - 2026-08-02 22:28:38,097 - 65913 ]INFO: Head Mesh:          /Users/carl/CODELocalProjects/ear-emg-forward-model/data/val_sphere_medium.msh
[ simnibs 4.6.0 - 2026-08-02 22:28:38,097 - 65913 ]INFO: Subject Path:       None
[ simnibs 4.6.0 - 2026-08-02 22:28:38,097 - 65913 ]INFO: Simulation Folder:  /Users/carl/CODELocalProjects/ear-emg-forward-model/results/floor_draws/draw03/e02
[ simnibs 4.6.0 - 2026-08-02 22:28:38,124 - 65913 ]INFO: Running simulations in the directory: /Users/carl/CODELocalProjects/ear-emg-forward-model/results/floor_draws/draw03/e02
[ simnibs 4.6.0 - 2026-08-02 22:28:38,209 - 65913 ]INFO: Running Poslist Number: 1
[ simnibs 4.6.0 - 2026-08-02 22:28:38,209 - 65913 ]INFO: Began to run tDCS simulation
[ simnibs 4.6.0 - 2026-08-02 22:28:38,209 - 65913 ]INFO: Channels: [1, 2]
[ simnibs 4.6.0 - 2026-08-02 22:28:38,209 - 65913 ]INFO: Currents (A): [0.001, -0.001]
[ simnibs 4.6.0 - 2026-08-02 22:28:38,953 - 65913 ]INFO: Placing Electrode:
definition: plane
shape: ellipse
centre: [np.float64(65.73700096109899), np.float64(15.100769082134557), np.float64(59.5870244077393)]
pos_ydir: []
dimensions: [10.0, 10.0]
thickness:2
channelnr: 1
number of holes: 0

[ simnibs 4.6.0 - 2026-08-02 22:28:40,164 - 65913 ]INFO: Placing Electrode:
definition: plane
shape: ellipse
centre: [np.float64(-4.803807650303908), np.float64(5.982866214438122), np.float64(-89.67234101950844)]
pos_ydir: []
dimensions: [10.0, 10.0]
thickness:2
channelnr: 2
number of holes: 0

[ simnibs 4.6.0 - 2026-08-02 22:28:42,424 - 65913 ]INFO: Using isotropic conductivities
[ simnibs 4.6.0 - 2026-08-02 22:28:42,463 - 65913 ]INFO: Simulating electrode pair 2101 - 2102
[ simnibs 4.6.0 - 2026-08-02 22:28:42,469 - 65913 ]INFO: Assembling FEM Matrix
[ simnibs 4.6.0 - 2026-08-02 22:28:43,000 - 65913 ]INFO: 0.53 s to assemble FEM matrix
[ simnibs 4.6.0 - 2026-08-02 22:28:43,000 - 65913 ]DEBUG: Solving FEM System
[ simnibs 4.6.0 - 2026-08-02 22:28:43,000 - 65913 ]INFO: Using solver options: hypre
[ simnibs 4.6.0 - 2026-08-02 22:28:43,188 - 65913 ]INFO: Time to set up KSP:   0.1572 s
[ simnibs 4.6.0 - 2026-08-02 22:28:43,501 - 65913 ]INFO: Time to solve:   0.3108 s
[ simnibs 4.6.0 - 2026-08-02 22:28:43,640 - 65913 ]WARNING: The current calibration error exceeded 10%! Estimated error value: 13.76%
[ simnibs 4.6.0 - 2026-08-02 22:28:43,967 - 65913 ]INFO: Creating visualizations
[ simnibs 4.6.0 - 2026-08-02 22:28:44,451 - 65913 ]SUMMARY: 
val_sphere_medium_TDCS_1
========================
Gray Matter

Field Percentiles
-----------------
Top percentiles of the field (or field magnitude for vector fields)
|Field |99.9%        |99.0%        |95.0%        |
|------|-------------|-------------|-------------|
|E     |2.50e-01 V/m |2.12e-01 V/m |1.84e-01 V/m |

Field Focality
---------------
Mesh volume or area with a field >= X% of the 99.9th percentile
|Field |75.0%        |50.0%        |
|------|-------------|-------------|
|E     |1.37e+04 mm³ |1.13e+05 mm³ |

[ simnibs 4.6.0 - 2026-08-02 22:28:44,491 - 65913 ]INFO: Finished Running Poslist Number: 1
[ simnibs 4.6.0 - 2026-08-02 22:28:44,491 - 65913 ]INFO: Result Files:
/Users/carl/CODELocalProjects/ear-emg-forward-model/results/floor_draws/draw03/e02/val_sphere_medium_TDCS_1_scalar.msh
[ simnibs 4.6.0 - 2026-08-02 22:28:44,523 - 65913 ]INFO: =====================================
[ simnibs 4.6.0 - 2026-08-02 22:28:44,523 - 65913 ]INFO: SimNIBS finished running simulations
[ simnibs 4.6.0 - 2026-08-02 22:28:44,523 - 65913 ]INFO: Simulation Result Meshes:
[ simnibs 4.6.0 - 2026-08-02 22:28:44,523 - 65913 ]INFO: /Users/carl/CODELocalProjects/ear-emg-forward-model/results/floor_draws/draw03/e02/val_sphere_medium_TDCS_1_scalar.msh
[ simnibs 4.6.0 - 2026-08-02 22:28:44,523 - 65913 ]INFO: =====================================
