[ simnibs 4.6.0 - 2026-08-02 23:10:15,708 - 30868 ]WARNING: Cannot locate subjects m2m folder
[ simnibs 4.6.0 - 2026-08-02 23:10:15,708 - 30868 ]WARNING: some postprocessing options might fail
[ simnibs 4.6.0 - 2026-08-02 23:10:15,708 - 30868 ]INFO: Head Mesh:          /Users/carl/CODELocalProjects/ear-emg-forward-model/data/mida_headneck.msh
[ simnibs 4.6.0 - 2026-08-02 23:10:15,708 - 30868 ]INFO: Subject Path:       None
[ simnibs 4.6.0 - 2026-08-02 23:10:15,708 - 30868 ]INFO: Simulation Folder:  /Users/carl/CODELocalProjects/ear-emg-forward-model/results/cavity/filled__above_ear
[ simnibs 4.6.0 - 2026-08-02 23:10:16,129 - 30868 ]INFO: Running simulations in the directory: /Users/carl/CODELocalProjects/ear-emg-forward-model/results/cavity/filled__above_ear
[ simnibs 4.6.0 - 2026-08-02 23:10:16,208 - 30868 ]INFO: Running Poslist Number: 1
[ simnibs 4.6.0 - 2026-08-02 23:10:16,208 - 30868 ]INFO: Began to run tDCS simulation
[ simnibs 4.6.0 - 2026-08-02 23:10:16,208 - 30868 ]INFO: Channels: [1, 2]
[ simnibs 4.6.0 - 2026-08-02 23:10:16,208 - 30868 ]INFO: Currents (A): [0.001, -0.001]
[ simnibs 4.6.0 - 2026-08-02 23:10:47,041 - 30868 ]INFO: Placing Electrode:
definition: plane
shape: ellipse
centre: [np.float64(78.76), np.float64(7.24), np.float64(13.61)]
pos_ydir: []
dimensions: [10, 10]
thickness:2
channelnr: 1
number of holes: 0

[ simnibs 4.6.0 - 2026-08-02 23:10:53,411 - 30868 ]INFO: Placing Electrode:
definition: plane
shape: ellipse
centre: [np.float64(-71.65), np.float64(7.94), np.float64(-33.44)]
pos_ydir: []
dimensions: [10, 10]
thickness:2
channelnr: 2
number of holes: 0

[ simnibs 4.6.0 - 2026-08-02 23:11:33,508 - 30868 ]INFO: Using isotropic conductivities
[ simnibs 4.6.0 - 2026-08-02 23:11:36,518 - 30868 ]INFO: Simulating electrode pair 2101 - 2102
[ simnibs 4.6.0 - 2026-08-02 23:11:36,616 - 30868 ]INFO: Assembling FEM Matrix
[ simnibs 4.6.0 - 2026-08-02 23:11:46,092 - 30868 ]INFO: 9.48 s to assemble FEM matrix
[ simnibs 4.6.0 - 2026-08-02 23:11:46,104 - 30868 ]DEBUG: Solving FEM System
[ simnibs 4.6.0 - 2026-08-02 23:11:46,104 - 30868 ]INFO: Using solver options: hypre
[ simnibs 4.6.0 - 2026-08-02 23:11:49,568 - 30868 ]INFO: Time to set up KSP:   2.9550 s
[ simnibs 4.6.0 - 2026-08-02 23:12:01,494 - 30868 ]INFO: Time to solve:  11.8993 s
[ simnibs 4.6.0 - 2026-08-02 23:12:02,201 - 30868 ]INFO: Estimated current calibration error: 6.3%
[ simnibs 4.6.0 - 2026-08-02 23:12:07,023 - 30868 ]INFO: Creating visualizations
[ simnibs 4.6.0 - 2026-08-02 23:12:10,459 - 30868 ]SUMMARY: 
mida_headneck_TDCS_1
====================
Gray Matter

Field Percentiles
-----------------
Top percentiles of the field (or field magnitude for vector fields)
|Field |99.9%        |99.0%        |95.0%        |
|------|-------------|-------------|-------------|
|E     |2.27e-01 V/m |1.67e-01 V/m |1.36e-01 V/m |

Field Focality
---------------
Mesh volume or area with a field >= X% of the 99.9th percentile
|Field |75.0%        |50.0%        |
|------|-------------|-------------|
|E     |7.91e+02 mm³ |1.66e+04 mm³ |

[ simnibs 4.6.0 - 2026-08-02 23:12:10,513 - 30868 ]INFO: Finished Running Poslist Number: 1
[ simnibs 4.6.0 - 2026-08-02 23:12:10,513 - 30868 ]INFO: Result Files:
/Users/carl/CODELocalProjects/ear-emg-forward-model/results/cavity/filled__above_ear/mida_headneck_TDCS_1_scalar.msh
[ simnibs 4.6.0 - 2026-08-02 23:12:10,561 - 30868 ]INFO: =====================================
[ simnibs 4.6.0 - 2026-08-02 23:12:10,561 - 30868 ]INFO: SimNIBS finished running simulations
[ simnibs 4.6.0 - 2026-08-02 23:12:10,561 - 30868 ]INFO: Simulation Result Meshes:
[ simnibs 4.6.0 - 2026-08-02 23:12:10,561 - 30868 ]INFO: /Users/carl/CODELocalProjects/ear-emg-forward-model/results/cavity/filled__above_ear/mida_headneck_TDCS_1_scalar.msh
[ simnibs 4.6.0 - 2026-08-02 23:12:10,561 - 30868 ]INFO: =====================================
