[ simnibs 4.6.0 - 2026-08-02 16:03:16,780 - 74750 ]WARNING: Cannot locate subjects m2m folder
[ simnibs 4.6.0 - 2026-08-02 16:03:16,781 - 74750 ]WARNING: some postprocessing options might fail
[ simnibs 4.6.0 - 2026-08-02 16:03:16,781 - 74750 ]INFO: Head Mesh:          /Users/carl/CODELocalProjects/ear-emg-forward-model/data/val_sphere_vcoarse.msh
[ simnibs 4.6.0 - 2026-08-02 16:03:16,781 - 74750 ]INFO: Subject Path:       None
[ simnibs 4.6.0 - 2026-08-02 16:03:16,781 - 74750 ]INFO: Simulation Folder:  /Users/carl/CODELocalProjects/ear-emg-forward-model/results/convergence/vcoarse/e00
[ simnibs 4.6.0 - 2026-08-02 16:03:16,788 - 74750 ]INFO: Running simulations in the directory: /Users/carl/CODELocalProjects/ear-emg-forward-model/results/convergence/vcoarse/e00
[ simnibs 4.6.0 - 2026-08-02 16:03:16,873 - 74750 ]INFO: Running Poslist Number: 1
[ simnibs 4.6.0 - 2026-08-02 16:03:16,873 - 74750 ]INFO: Began to run tDCS simulation
[ simnibs 4.6.0 - 2026-08-02 16:03:16,873 - 74750 ]INFO: Channels: [1, 2]
[ simnibs 4.6.0 - 2026-08-02 16:03:16,873 - 74750 ]INFO: Currents (A): [0.001, -0.001]
[ simnibs 4.6.0 - 2026-08-02 16:03:17,051 - 74750 ]INFO: Placing Electrode:
definition: plane
shape: ellipse
centre: [np.float64(11.349101244231797), np.float64(-29.190020142990242), np.float64(84.375)]
pos_ydir: []
dimensions: [15, 15]
thickness:2
channelnr: 1
number of holes: 0

[ simnibs 4.6.0 - 2026-08-02 16:03:17,463 - 74750 ]INFO: Placing Electrode:
definition: plane
shape: ellipse
centre: [np.float64(0.0), np.float64(0.0), np.float64(-90.0)]
pos_ydir: []
dimensions: [15, 15]
thickness:2
channelnr: 2
number of holes: 0

[ simnibs 4.6.0 - 2026-08-02 16:03:18,163 - 74750 ]INFO: Using isotropic conductivities
[ simnibs 4.6.0 - 2026-08-02 16:03:18,175 - 74750 ]INFO: Simulating electrode pair 2101 - 2102
[ simnibs 4.6.0 - 2026-08-02 16:03:18,176 - 74750 ]INFO: Assembling FEM Matrix
[ simnibs 4.6.0 - 2026-08-02 16:03:18,269 - 74750 ]INFO: 0.09 s to assemble FEM matrix
[ simnibs 4.6.0 - 2026-08-02 16:03:18,269 - 74750 ]DEBUG: Solving FEM System
[ simnibs 4.6.0 - 2026-08-02 16:03:18,269 - 74750 ]INFO: Using solver options: hypre
[ simnibs 4.6.0 - 2026-08-02 16:03:18,303 - 74750 ]INFO: Time to set up KSP:   0.0277 s
[ simnibs 4.6.0 - 2026-08-02 16:03:18,351 - 74750 ]INFO: Time to solve:   0.0473 s
[ simnibs 4.6.0 - 2026-08-02 16:03:18,434 - 74750 ]WARNING: The current calibration error exceeded 10%! Estimated error value: 32.73%
[ simnibs 4.6.0 - 2026-08-02 16:03:18,514 - 74750 ]INFO: Creating visualizations
[ simnibs 4.6.0 - 2026-08-02 16:03:18,606 - 74750 ]SUMMARY: 
val_sphere_vcoarse_TDCS_1
=========================
Gray Matter

Field Percentiles
-----------------
Top percentiles of the field (or field magnitude for vector fields)
|Field |99.9%        |99.0%        |95.0%        |
|------|-------------|-------------|-------------|
|E     |1.93e-01 V/m |1.78e-01 V/m |1.59e-01 V/m |

Field Focality
---------------
Mesh volume or area with a field >= X% of the 99.9th percentile
|Field |75.0%        |50.0%        |
|------|-------------|-------------|
|E     |3.09e+04 mm³ |1.67e+05 mm³ |

[ simnibs 4.6.0 - 2026-08-02 16:03:18,639 - 74750 ]INFO: Finished Running Poslist Number: 1
[ simnibs 4.6.0 - 2026-08-02 16:03:18,639 - 74750 ]INFO: Result Files:
/Users/carl/CODELocalProjects/ear-emg-forward-model/results/convergence/vcoarse/e00/val_sphere_vcoarse_TDCS_1_scalar.msh
[ simnibs 4.6.0 - 2026-08-02 16:03:18,668 - 74750 ]INFO: =====================================
[ simnibs 4.6.0 - 2026-08-02 16:03:18,668 - 74750 ]INFO: SimNIBS finished running simulations
[ simnibs 4.6.0 - 2026-08-02 16:03:18,668 - 74750 ]INFO: Simulation Result Meshes:
[ simnibs 4.6.0 - 2026-08-02 16:03:18,668 - 74750 ]INFO: /Users/carl/CODELocalProjects/ear-emg-forward-model/results/convergence/vcoarse/e00/val_sphere_vcoarse_TDCS_1_scalar.msh
[ simnibs 4.6.0 - 2026-08-02 16:03:18,668 - 74750 ]INFO: =====================================
