[ simnibs 4.6.0 - 2026-08-02 22:25:59,455 - 65913 ]WARNING: Cannot locate subjects m2m folder
[ simnibs 4.6.0 - 2026-08-02 22:25:59,455 - 65913 ]WARNING: some postprocessing options might fail
[ simnibs 4.6.0 - 2026-08-02 22:25:59,455 - 65913 ]INFO: Head Mesh:          /Users/carl/CODELocalProjects/ear-emg-forward-model/data/val_sphere_medium.msh
[ simnibs 4.6.0 - 2026-08-02 22:25:59,455 - 65913 ]INFO: Subject Path:       None
[ simnibs 4.6.0 - 2026-08-02 22:25:59,455 - 65913 ]INFO: Simulation Folder:  /Users/carl/CODELocalProjects/ear-emg-forward-model/results/floor_draws/draw01/e11
[ simnibs 4.6.0 - 2026-08-02 22:25:59,482 - 65913 ]INFO: Running simulations in the directory: /Users/carl/CODELocalProjects/ear-emg-forward-model/results/floor_draws/draw01/e11
[ simnibs 4.6.0 - 2026-08-02 22:25:59,566 - 65913 ]INFO: Running Poslist Number: 1
[ simnibs 4.6.0 - 2026-08-02 22:25:59,566 - 65913 ]INFO: Began to run tDCS simulation
[ simnibs 4.6.0 - 2026-08-02 22:25:59,566 - 65913 ]INFO: Channels: [1, 2]
[ simnibs 4.6.0 - 2026-08-02 22:25:59,566 - 65913 ]INFO: Currents (A): [0.001, -0.001]
[ simnibs 4.6.0 - 2026-08-02 22:26:00,435 - 65913 ]INFO: Placing Electrode:
definition: plane
shape: ellipse
centre: [np.float64(-58.38322897765278), np.float64(-55.99906992711965), np.float64(-39.43986234053726)]
pos_ydir: []
dimensions: [10.0, 10.0]
thickness:2
channelnr: 1
number of holes: 0

[ simnibs 4.6.0 - 2026-08-02 22:26:01,712 - 65913 ]INFO: Placing Electrode:
definition: plane
shape: ellipse
centre: [np.float64(4.130572493582126), np.float64(-4.342898261112009), np.float64(-89.80020938488336)]
pos_ydir: []
dimensions: [10.0, 10.0]
thickness:2
channelnr: 2
number of holes: 0

[ simnibs 4.6.0 - 2026-08-02 22:26:04,074 - 65913 ]INFO: Using isotropic conductivities
[ simnibs 4.6.0 - 2026-08-02 22:26:04,117 - 65913 ]INFO: Simulating electrode pair 2101 - 2102
[ simnibs 4.6.0 - 2026-08-02 22:26:04,122 - 65913 ]INFO: Assembling FEM Matrix
[ simnibs 4.6.0 - 2026-08-02 22:26:04,687 - 65913 ]INFO: 0.56 s to assemble FEM matrix
[ simnibs 4.6.0 - 2026-08-02 22:26:04,688 - 65913 ]DEBUG: Solving FEM System
[ simnibs 4.6.0 - 2026-08-02 22:26:04,688 - 65913 ]INFO: Using solver options: hypre
[ simnibs 4.6.0 - 2026-08-02 22:26:04,878 - 65913 ]INFO: Time to set up KSP:   0.1592 s
[ simnibs 4.6.0 - 2026-08-02 22:26:05,170 - 65913 ]INFO: Time to solve:   0.2904 s
[ simnibs 4.6.0 - 2026-08-02 22:26:05,282 - 65913 ]WARNING: The current calibration error exceeded 10%! Estimated error value: 19.64%
[ simnibs 4.6.0 - 2026-08-02 22:26:05,592 - 65913 ]INFO: Creating visualizations
[ simnibs 4.6.0 - 2026-08-02 22:26:06,078 - 65913 ]SUMMARY: 
val_sphere_medium_TDCS_1
========================
Gray Matter

Field Percentiles
-----------------
Top percentiles of the field (or field magnitude for vector fields)
|Field |99.9%        |99.0%        |95.0%        |
|------|-------------|-------------|-------------|
|E     |2.70e-01 V/m |2.55e-01 V/m |2.10e-01 V/m |

Field Focality
---------------
Mesh volume or area with a field >= X% of the 99.9th percentile
|Field |75.0%        |50.0%        |
|------|-------------|-------------|
|E     |1.79e+04 mm³ |4.35e+04 mm³ |

[ simnibs 4.6.0 - 2026-08-02 22:26:06,117 - 65913 ]INFO: Finished Running Poslist Number: 1
[ simnibs 4.6.0 - 2026-08-02 22:26:06,117 - 65913 ]INFO: Result Files:
/Users/carl/CODELocalProjects/ear-emg-forward-model/results/floor_draws/draw01/e11/val_sphere_medium_TDCS_1_scalar.msh
[ simnibs 4.6.0 - 2026-08-02 22:26:06,153 - 65913 ]INFO: =====================================
[ simnibs 4.6.0 - 2026-08-02 22:26:06,153 - 65913 ]INFO: SimNIBS finished running simulations
[ simnibs 4.6.0 - 2026-08-02 22:26:06,153 - 65913 ]INFO: Simulation Result Meshes:
[ simnibs 4.6.0 - 2026-08-02 22:26:06,153 - 65913 ]INFO: /Users/carl/CODELocalProjects/ear-emg-forward-model/results/floor_draws/draw01/e11/val_sphere_medium_TDCS_1_scalar.msh
[ simnibs 4.6.0 - 2026-08-02 22:26:06,153 - 65913 ]INFO: =====================================
