[ simnibs 4.6.0 - 2026-08-02 20:23:07,314 - 82043 ]WARNING: Cannot locate subjects m2m folder
[ simnibs 4.6.0 - 2026-08-02 20:23:07,314 - 82043 ]WARNING: some postprocessing options might fail
[ simnibs 4.6.0 - 2026-08-02 20:23:07,314 - 82043 ]INFO: Head Mesh:          /Users/carl/CODELocalProjects/ear-emg-forward-model/data/mida_headneck.msh
[ simnibs 4.6.0 - 2026-08-02 20:23:07,314 - 82043 ]INFO: Subject Path:       None
[ simnibs 4.6.0 - 2026-08-02 20:23:07,314 - 82043 ]INFO: Simulation Folder:  /Users/carl/CODELocalProjects/ear-emg-forward-model/results/cavity/filled__mastoid
[ simnibs 4.6.0 - 2026-08-02 20:23:07,754 - 82043 ]INFO: Running simulations in the directory: /Users/carl/CODELocalProjects/ear-emg-forward-model/results/cavity/filled__mastoid
[ simnibs 4.6.0 - 2026-08-02 20:23:07,835 - 82043 ]INFO: Running Poslist Number: 1
[ simnibs 4.6.0 - 2026-08-02 20:23:07,835 - 82043 ]INFO: Began to run tDCS simulation
[ simnibs 4.6.0 - 2026-08-02 20:23:07,835 - 82043 ]INFO: Channels: [1, 2]
[ simnibs 4.6.0 - 2026-08-02 20:23:07,835 - 82043 ]INFO: Currents (A): [0.001, -0.001]
[ simnibs 4.6.0 - 2026-08-02 20:23:42,535 - 82043 ]INFO: Placing Electrode:
definition: plane
shape: ellipse
centre: [np.float64(69.41), np.float64(-12.38), np.float64(-22.98)]
pos_ydir: []
dimensions: [10, 10]
thickness:2
channelnr: 1
number of holes: 0

[ simnibs 4.6.0 - 2026-08-02 20:23:48,983 - 82043 ]INFO: Placing Electrode:
definition: plane
shape: ellipse
centre: [np.float64(-71.65), np.float64(7.94), np.float64(-33.44)]
pos_ydir: []
dimensions: [10, 10]
thickness:2
channelnr: 2
number of holes: 0

[ simnibs 4.6.0 - 2026-08-02 20:24:32,626 - 82043 ]INFO: Using isotropic conductivities
[ simnibs 4.6.0 - 2026-08-02 20:24:35,754 - 82043 ]INFO: Simulating electrode pair 2101 - 2102
[ simnibs 4.6.0 - 2026-08-02 20:24:35,859 - 82043 ]INFO: Assembling FEM Matrix
[ simnibs 4.6.0 - 2026-08-02 20:24:45,612 - 82043 ]INFO: 9.75 s to assemble FEM matrix
[ simnibs 4.6.0 - 2026-08-02 20:24:45,621 - 82043 ]DEBUG: Solving FEM System
[ simnibs 4.6.0 - 2026-08-02 20:24:45,621 - 82043 ]INFO: Using solver options: hypre
[ simnibs 4.6.0 - 2026-08-02 20:24:49,199 - 82043 ]INFO: Time to set up KSP:   3.0579 s
[ simnibs 4.6.0 - 2026-08-02 20:25:01,955 - 82043 ]INFO: Time to solve:  12.7311 s
[ simnibs 4.6.0 - 2026-08-02 20:25:02,658 - 82043 ]INFO: Estimated current calibration error: 4.3%
[ simnibs 4.6.0 - 2026-08-02 20:25:07,495 - 82043 ]INFO: Creating visualizations
[ simnibs 4.6.0 - 2026-08-02 20:25:10,990 - 82043 ]SUMMARY: 
mida_headneck_TDCS_1
====================
Gray Matter

Field Percentiles
-----------------
Top percentiles of the field (or field magnitude for vector fields)
|Field |99.9%        |99.0%        |95.0%        |
|------|-------------|-------------|-------------|
|E     |2.34e-01 V/m |1.72e-01 V/m |1.38e-01 V/m |

Field Focality
---------------
Mesh volume or area with a field >= X% of the 99.9th percentile
|Field |75.0%        |50.0%        |
|------|-------------|-------------|
|E     |7.77e+02 mm³ |1.39e+04 mm³ |

[ simnibs 4.6.0 - 2026-08-02 20:25:11,039 - 82043 ]INFO: Finished Running Poslist Number: 1
[ simnibs 4.6.0 - 2026-08-02 20:25:11,039 - 82043 ]INFO: Result Files:
/Users/carl/CODELocalProjects/ear-emg-forward-model/results/cavity/filled__mastoid/mida_headneck_TDCS_1_scalar.msh
[ simnibs 4.6.0 - 2026-08-02 20:25:11,078 - 82043 ]INFO: =====================================
[ simnibs 4.6.0 - 2026-08-02 20:25:11,078 - 82043 ]INFO: SimNIBS finished running simulations
[ simnibs 4.6.0 - 2026-08-02 20:25:11,078 - 82043 ]INFO: Simulation Result Meshes:
[ simnibs 4.6.0 - 2026-08-02 20:25:11,078 - 82043 ]INFO: /Users/carl/CODELocalProjects/ear-emg-forward-model/results/cavity/filled__mastoid/mida_headneck_TDCS_1_scalar.msh
[ simnibs 4.6.0 - 2026-08-02 20:25:11,078 - 82043 ]INFO: =====================================
