[ simnibs 4.6.0 - 2026-08-02 23:05:26,435 - 30868 ]WARNING: Cannot locate subjects m2m folder
[ simnibs 4.6.0 - 2026-08-02 23:05:26,435 - 30868 ]WARNING: some postprocessing options might fail
[ simnibs 4.6.0 - 2026-08-02 23:05:26,435 - 30868 ]INFO: Head Mesh:          /Users/carl/CODELocalProjects/ear-emg-forward-model/data/mida_headneck.msh
[ simnibs 4.6.0 - 2026-08-02 23:05:26,435 - 30868 ]INFO: Subject Path:       None
[ simnibs 4.6.0 - 2026-08-02 23:05:26,435 - 30868 ]INFO: Simulation Folder:  /Users/carl/CODELocalProjects/ear-emg-forward-model/results/cavity/filled__mastoid
[ simnibs 4.6.0 - 2026-08-02 23:05:26,863 - 30868 ]INFO: Running simulations in the directory: /Users/carl/CODELocalProjects/ear-emg-forward-model/results/cavity/filled__mastoid
[ simnibs 4.6.0 - 2026-08-02 23:05:26,948 - 30868 ]INFO: Running Poslist Number: 1
[ simnibs 4.6.0 - 2026-08-02 23:05:26,948 - 30868 ]INFO: Began to run tDCS simulation
[ simnibs 4.6.0 - 2026-08-02 23:05:26,948 - 30868 ]INFO: Channels: [1, 2]
[ simnibs 4.6.0 - 2026-08-02 23:05:26,948 - 30868 ]INFO: Currents (A): [0.001, -0.001]
[ simnibs 4.6.0 - 2026-08-02 23:05:59,166 - 30868 ]INFO: Placing Electrode:
definition: plane
shape: ellipse
centre: [np.float64(69.41), np.float64(-12.38), np.float64(-22.98)]
pos_ydir: []
dimensions: [10, 10]
thickness:2
channelnr: 1
number of holes: 0

[ simnibs 4.6.0 - 2026-08-02 23:06:05,437 - 30868 ]INFO: Placing Electrode:
definition: plane
shape: ellipse
centre: [np.float64(-71.65), np.float64(7.94), np.float64(-33.44)]
pos_ydir: []
dimensions: [10, 10]
thickness:2
channelnr: 2
number of holes: 0

[ simnibs 4.6.0 - 2026-08-02 23:06:45,672 - 30868 ]INFO: Using isotropic conductivities
[ simnibs 4.6.0 - 2026-08-02 23:06:48,620 - 30868 ]INFO: Simulating electrode pair 2101 - 2102
[ simnibs 4.6.0 - 2026-08-02 23:06:48,723 - 30868 ]INFO: Assembling FEM Matrix
[ simnibs 4.6.0 - 2026-08-02 23:06:58,241 - 30868 ]INFO: 9.52 s to assemble FEM matrix
[ simnibs 4.6.0 - 2026-08-02 23:06:58,251 - 30868 ]DEBUG: Solving FEM System
[ simnibs 4.6.0 - 2026-08-02 23:06:58,252 - 30868 ]INFO: Using solver options: hypre
[ simnibs 4.6.0 - 2026-08-02 23:07:01,704 - 30868 ]INFO: Time to set up KSP:   2.9409 s
[ simnibs 4.6.0 - 2026-08-02 23:07:13,956 - 30868 ]INFO: Time to solve:  12.2274 s
[ simnibs 4.6.0 - 2026-08-02 23:07:14,666 - 30868 ]INFO: Estimated current calibration error: 4.3%
[ simnibs 4.6.0 - 2026-08-02 23:07:19,497 - 30868 ]INFO: Creating visualizations
[ simnibs 4.6.0 - 2026-08-02 23:07:22,937 - 30868 ]SUMMARY: 
mida_headneck_TDCS_1
====================
Gray Matter

Field Percentiles
-----------------
Top percentiles of the field (or field magnitude for vector fields)
|Field |99.9%        |99.0%        |95.0%        |
|------|-------------|-------------|-------------|
|E     |2.34e-01 V/m |1.72e-01 V/m |1.38e-01 V/m |

Field Focality
---------------
Mesh volume or area with a field >= X% of the 99.9th percentile
|Field |75.0%        |50.0%        |
|------|-------------|-------------|
|E     |7.77e+02 mm³ |1.39e+04 mm³ |

[ simnibs 4.6.0 - 2026-08-02 23:07:22,988 - 30868 ]INFO: Finished Running Poslist Number: 1
[ simnibs 4.6.0 - 2026-08-02 23:07:22,988 - 30868 ]INFO: Result Files:
/Users/carl/CODELocalProjects/ear-emg-forward-model/results/cavity/filled__mastoid/mida_headneck_TDCS_1_scalar.msh
[ simnibs 4.6.0 - 2026-08-02 23:07:23,025 - 30868 ]INFO: =====================================
[ simnibs 4.6.0 - 2026-08-02 23:07:23,026 - 30868 ]INFO: SimNIBS finished running simulations
[ simnibs 4.6.0 - 2026-08-02 23:07:23,026 - 30868 ]INFO: Simulation Result Meshes:
[ simnibs 4.6.0 - 2026-08-02 23:07:23,026 - 30868 ]INFO: /Users/carl/CODELocalProjects/ear-emg-forward-model/results/cavity/filled__mastoid/mida_headneck_TDCS_1_scalar.msh
[ simnibs 4.6.0 - 2026-08-02 23:07:23,026 - 30868 ]INFO: =====================================
