[ simnibs 4.6.0 - 2026-08-02 15:46:15,166 - 55618 ]WARNING: Cannot locate subjects m2m folder
[ simnibs 4.6.0 - 2026-08-02 15:46:15,166 - 55618 ]WARNING: some postprocessing options might fail
[ simnibs 4.6.0 - 2026-08-02 15:46:15,166 - 55618 ]INFO: Head Mesh:          /Users/carl/CODELocalProjects/ear-emg-forward-model/data/mida_headneck.msh
[ simnibs 4.6.0 - 2026-08-02 15:46:15,166 - 55618 ]INFO: Subject Path:       None
[ simnibs 4.6.0 - 2026-08-02 15:46:15,166 - 55618 ]INFO: Simulation Folder:  /Users/carl/CODELocalProjects/ear-emg-forward-model/results/cond_bound/c1_all_low__hyoid
[ simnibs 4.6.0 - 2026-08-02 15:46:15,649 - 55618 ]INFO: Running simulations in the directory: /Users/carl/CODELocalProjects/ear-emg-forward-model/results/cond_bound/c1_all_low__hyoid
[ simnibs 4.6.0 - 2026-08-02 15:46:15,734 - 55618 ]INFO: Running Poslist Number: 1
[ simnibs 4.6.0 - 2026-08-02 15:46:15,734 - 55618 ]INFO: Began to run tDCS simulation
[ simnibs 4.6.0 - 2026-08-02 15:46:15,734 - 55618 ]INFO: Channels: [1, 2]
[ simnibs 4.6.0 - 2026-08-02 15:46:15,734 - 55618 ]INFO: Currents (A): [0.001, -0.001]
[ simnibs 4.6.0 - 2026-08-02 15:46:56,074 - 55618 ]INFO: Placing Electrode:
definition: plane
shape: ellipse
centre: [np.float64(-9.33), np.float64(42.74), np.float64(-108.23)]
pos_ydir: []
dimensions: [10.0, 10.0]
thickness:2
channelnr: 1
number of holes: 0

[ simnibs 4.6.0 - 2026-08-02 15:47:05,062 - 55618 ]INFO: Placing Electrode:
definition: plane
shape: ellipse
centre: [np.float64(-71.65), np.float64(7.94), np.float64(-33.44)]
pos_ydir: []
dimensions: [10.0, 10.0]
thickness:2
channelnr: 2
number of holes: 0

[ simnibs 4.6.0 - 2026-08-02 15:47:57,465 - 55618 ]INFO: Using isotropic conductivities
[ simnibs 4.6.0 - 2026-08-02 15:48:00,716 - 55618 ]INFO: Simulating electrode pair 2101 - 2102
[ simnibs 4.6.0 - 2026-08-02 15:48:00,830 - 55618 ]INFO: Assembling FEM Matrix
[ simnibs 4.6.0 - 2026-08-02 15:48:11,968 - 55618 ]INFO: 11.14 s to assemble FEM matrix
[ simnibs 4.6.0 - 2026-08-02 15:48:11,990 - 55618 ]DEBUG: Solving FEM System
[ simnibs 4.6.0 - 2026-08-02 15:48:11,991 - 55618 ]INFO: Using solver options: hypre
[ simnibs 4.6.0 - 2026-08-02 15:48:15,842 - 55618 ]INFO: Time to set up KSP:   3.2916 s
[ simnibs 4.6.0 - 2026-08-02 15:48:46,305 - 55618 ]INFO: Time to solve:  30.3987 s
[ simnibs 4.6.0 - 2026-08-02 15:48:48,660 - 55618 ]WARNING: The current calibration error exceeded 10%! Estimated error value: 200.00%
[ simnibs 4.6.0 - 2026-08-02 15:48:54,029 - 55618 ]INFO: Creating visualizations
[ simnibs 4.6.0 - 2026-08-02 15:48:57,681 - 55618 ]SUMMARY: 
mida_headneck_TDCS_1
====================
Gray Matter

Field Percentiles
-----------------
Top percentiles of the field (or field magnitude for vector fields)
|Field |99.9%        |99.0%        |95.0%        |
|------|-------------|-------------|-------------|
|E     |2.69e+01 V/m |1.96e+01 V/m |1.25e+01 V/m |

Field Focality
---------------
Mesh volume or area with a field >= X% of the 99.9th percentile
|Field |75.0%        |50.0%        |
|------|-------------|-------------|
|E     |7.51e+02 mm³ |3.74e+03 mm³ |

[ simnibs 4.6.0 - 2026-08-02 15:48:57,749 - 55618 ]INFO: Finished Running Poslist Number: 1
[ simnibs 4.6.0 - 2026-08-02 15:48:57,749 - 55618 ]INFO: Result Files:
/Users/carl/CODELocalProjects/ear-emg-forward-model/results/cond_bound/c1_all_low__hyoid/mida_headneck_TDCS_1_scalar.msh
[ simnibs 4.6.0 - 2026-08-02 15:48:57,797 - 55618 ]INFO: =====================================
[ simnibs 4.6.0 - 2026-08-02 15:48:57,797 - 55618 ]INFO: SimNIBS finished running simulations
[ simnibs 4.6.0 - 2026-08-02 15:48:57,797 - 55618 ]INFO: Simulation Result Meshes:
[ simnibs 4.6.0 - 2026-08-02 15:48:57,797 - 55618 ]INFO: /Users/carl/CODELocalProjects/ear-emg-forward-model/results/cond_bound/c1_all_low__hyoid/mida_headneck_TDCS_1_scalar.msh
[ simnibs 4.6.0 - 2026-08-02 15:48:57,797 - 55618 ]INFO: =====================================
