[ simnibs 4.6.0 - 2026-08-03 11:28:14,595 - 80710 ]WARNING: Cannot locate subjects m2m folder
[ simnibs 4.6.0 - 2026-08-03 11:28:14,595 - 80710 ]WARNING: some postprocessing options might fail
[ simnibs 4.6.0 - 2026-08-03 11:28:14,595 - 80710 ]INFO: Head Mesh:          /Users/carl/CODELocalProjects/ear-emg-forward-model/data/mida_headneck.msh
[ simnibs 4.6.0 - 2026-08-03 11:28:14,595 - 80710 ]INFO: Subject Path:       None
[ simnibs 4.6.0 - 2026-08-03 11:28:14,595 - 80710 ]INFO: Simulation Folder:  /Users/carl/CODELocalProjects/ear-emg-forward-model/results/leadfields/iso/cg10
[ simnibs 4.6.0 - 2026-08-03 11:28:15,071 - 80710 ]INFO: Running simulations in the directory: /Users/carl/CODELocalProjects/ear-emg-forward-model/results/leadfields/iso/cg10
[ simnibs 4.6.0 - 2026-08-03 11:28:15,156 - 80710 ]INFO: Running Poslist Number: 1
[ simnibs 4.6.0 - 2026-08-03 11:28:15,156 - 80710 ]INFO: Began to run tDCS simulation
[ simnibs 4.6.0 - 2026-08-03 11:28:15,156 - 80710 ]INFO: Channels: [1, 2]
[ simnibs 4.6.0 - 2026-08-03 11:28:15,156 - 80710 ]INFO: Currents (A): [0.001, -0.001]
[ simnibs 4.6.0 - 2026-08-03 11:28:53,164 - 80710 ]INFO: Placing Electrode:
definition: plane
shape: ellipse
centre: [np.float64(65.18), np.float64(21.96), np.float64(-39.47)]
pos_ydir: []
dimensions: [10.0, 10.0]
thickness:2
channelnr: 1
number of holes: 0

[ simnibs 4.6.0 - 2026-08-03 11:29:00,429 - 80710 ]INFO: Placing Electrode:
definition: plane
shape: ellipse
centre: [np.float64(-71.65), np.float64(7.94), np.float64(-33.44)]
pos_ydir: []
dimensions: [10.0, 10.0]
thickness:2
channelnr: 2
number of holes: 0

[ simnibs 4.6.0 - 2026-08-03 11:29:49,064 - 80710 ]INFO: Using isotropic conductivities
[ simnibs 4.6.0 - 2026-08-03 11:29:52,360 - 80710 ]INFO: Simulating electrode pair 2101 - 2102
[ simnibs 4.6.0 - 2026-08-03 11:29:52,463 - 80710 ]INFO: Assembling FEM Matrix
[ simnibs 4.6.0 - 2026-08-03 11:30:02,736 - 80710 ]INFO: 10.27 s to assemble FEM matrix
[ simnibs 4.6.0 - 2026-08-03 11:30:02,749 - 80710 ]DEBUG: Solving FEM System
[ simnibs 4.6.0 - 2026-08-03 11:30:02,749 - 80710 ]INFO: Using solver options: hypre
[ simnibs 4.6.0 - 2026-08-03 11:30:06,478 - 80710 ]INFO: Time to set up KSP:   3.1720 s
[ simnibs 4.6.0 - 2026-08-03 11:30:19,615 - 80710 ]INFO: Time to solve:  13.1083 s
[ simnibs 4.6.0 - 2026-08-03 11:30:20,410 - 80710 ]WARNING: The current calibration error exceeded 10%! Estimated error value: 11.90%
[ simnibs 4.6.0 - 2026-08-03 11:30:25,666 - 80710 ]INFO: Creating visualizations
[ simnibs 4.6.0 - 2026-08-03 11:30:29,356 - 80710 ]SUMMARY: 
mida_headneck_TDCS_1
====================
Gray Matter

Field Percentiles
-----------------
Top percentiles of the field (or field magnitude for vector fields)
|Field |99.9%        |99.0%        |95.0%        |
|------|-------------|-------------|-------------|
|E     |2.41e-01 V/m |1.56e-01 V/m |1.16e-01 V/m |

Field Focality
---------------
Mesh volume or area with a field >= X% of the 99.9th percentile
|Field |75.0%        |50.0%        |
|------|-------------|-------------|
|E     |4.04e+02 mm³ |3.52e+03 mm³ |

[ simnibs 4.6.0 - 2026-08-03 11:30:29,411 - 80710 ]INFO: Finished Running Poslist Number: 1
[ simnibs 4.6.0 - 2026-08-03 11:30:29,411 - 80710 ]INFO: Result Files:
/Users/carl/CODELocalProjects/ear-emg-forward-model/results/leadfields/iso/cg10/mida_headneck_TDCS_1_scalar.msh
[ simnibs 4.6.0 - 2026-08-03 11:30:29,459 - 80710 ]INFO: =====================================
[ simnibs 4.6.0 - 2026-08-03 11:30:29,460 - 80710 ]INFO: SimNIBS finished running simulations
[ simnibs 4.6.0 - 2026-08-03 11:30:29,460 - 80710 ]INFO: Simulation Result Meshes:
[ simnibs 4.6.0 - 2026-08-03 11:30:29,460 - 80710 ]INFO: /Users/carl/CODELocalProjects/ear-emg-forward-model/results/leadfields/iso/cg10/mida_headneck_TDCS_1_scalar.msh
[ simnibs 4.6.0 - 2026-08-03 11:30:29,460 - 80710 ]INFO: =====================================
