[ simnibs 4.6.0 - 2026-08-02 22:46:11,575 - 30868 ]WARNING: Cannot locate subjects m2m folder
[ simnibs 4.6.0 - 2026-08-02 22:46:11,575 - 30868 ]WARNING: some postprocessing options might fail
[ simnibs 4.6.0 - 2026-08-02 22:46:11,575 - 30868 ]INFO: Head Mesh:          /Users/carl/CODELocalProjects/ear-emg-forward-model/data/mida_headneck.msh
[ simnibs 4.6.0 - 2026-08-02 22:46:11,575 - 30868 ]INFO: Subject Path:       None
[ simnibs 4.6.0 - 2026-08-02 22:46:11,575 - 30868 ]INFO: Simulation Folder:  /Users/carl/CODELocalProjects/ear-emg-forward-model/results/cavity/filled__submental_lat
[ simnibs 4.6.0 - 2026-08-02 22:46:12,007 - 30868 ]INFO: Running simulations in the directory: /Users/carl/CODELocalProjects/ear-emg-forward-model/results/cavity/filled__submental_lat
[ simnibs 4.6.0 - 2026-08-02 22:46:12,087 - 30868 ]INFO: Running Poslist Number: 1
[ simnibs 4.6.0 - 2026-08-02 22:46:12,087 - 30868 ]INFO: Began to run tDCS simulation
[ simnibs 4.6.0 - 2026-08-02 22:46:12,087 - 30868 ]INFO: Channels: [1, 2]
[ simnibs 4.6.0 - 2026-08-02 22:46:12,087 - 30868 ]INFO: Currents (A): [0.001, -0.001]
[ simnibs 4.6.0 - 2026-08-02 22:46:45,377 - 30868 ]INFO: Placing Electrode:
definition: plane
shape: ellipse
centre: [np.float64(3.45), np.float64(79.44), np.float64(-107.85)]
pos_ydir: []
dimensions: [10, 10]
thickness:2
channelnr: 1
number of holes: 0

[ simnibs 4.6.0 - 2026-08-02 22:46:51,903 - 30868 ]INFO: Placing Electrode:
definition: plane
shape: ellipse
centre: [np.float64(-71.65), np.float64(7.94), np.float64(-33.44)]
pos_ydir: []
dimensions: [10, 10]
thickness:2
channelnr: 2
number of holes: 0

[ simnibs 4.6.0 - 2026-08-02 22:47:33,691 - 30868 ]INFO: Using isotropic conductivities
[ simnibs 4.6.0 - 2026-08-02 22:47:36,675 - 30868 ]INFO: Simulating electrode pair 2101 - 2102
[ simnibs 4.6.0 - 2026-08-02 22:47:36,777 - 30868 ]INFO: Assembling FEM Matrix
[ simnibs 4.6.0 - 2026-08-02 22:47:46,499 - 30868 ]INFO: 9.72 s to assemble FEM matrix
[ simnibs 4.6.0 - 2026-08-02 22:47:46,517 - 30868 ]DEBUG: Solving FEM System
[ simnibs 4.6.0 - 2026-08-02 22:47:46,517 - 30868 ]INFO: Using solver options: hypre
[ simnibs 4.6.0 - 2026-08-02 22:47:50,031 - 30868 ]INFO: Time to set up KSP:   2.9928 s
[ simnibs 4.6.0 - 2026-08-02 22:48:02,264 - 30868 ]INFO: Time to solve:  12.2073 s
[ simnibs 4.6.0 - 2026-08-02 22:48:02,979 - 30868 ]INFO: Estimated current calibration error: 7.7%
[ simnibs 4.6.0 - 2026-08-02 22:48:07,950 - 30868 ]INFO: Creating visualizations
[ simnibs 4.6.0 - 2026-08-02 22:48:11,463 - 30868 ]SUMMARY: 
mida_headneck_TDCS_1
====================
Gray Matter

Field Percentiles
-----------------
Top percentiles of the field (or field magnitude for vector fields)
|Field |99.9%        |99.0%        |95.0%        |
|------|-------------|-------------|-------------|
|E     |1.36e-01 V/m |9.87e-02 V/m |7.60e-02 V/m |

Field Focality
---------------
Mesh volume or area with a field >= X% of the 99.9th percentile
|Field |75.0%        |50.0%        |
|------|-------------|-------------|
|E     |6.97e+02 mm³ |8.02e+03 mm³ |

[ simnibs 4.6.0 - 2026-08-02 22:48:11,515 - 30868 ]INFO: Finished Running Poslist Number: 1
[ simnibs 4.6.0 - 2026-08-02 22:48:11,515 - 30868 ]INFO: Result Files:
/Users/carl/CODELocalProjects/ear-emg-forward-model/results/cavity/filled__submental_lat/mida_headneck_TDCS_1_scalar.msh
[ simnibs 4.6.0 - 2026-08-02 22:48:11,563 - 30868 ]INFO: =====================================
[ simnibs 4.6.0 - 2026-08-02 22:48:11,563 - 30868 ]INFO: SimNIBS finished running simulations
[ simnibs 4.6.0 - 2026-08-02 22:48:11,563 - 30868 ]INFO: Simulation Result Meshes:
[ simnibs 4.6.0 - 2026-08-02 22:48:11,563 - 30868 ]INFO: /Users/carl/CODELocalProjects/ear-emg-forward-model/results/cavity/filled__submental_lat/mida_headneck_TDCS_1_scalar.msh
[ simnibs 4.6.0 - 2026-08-02 22:48:11,563 - 30868 ]INFO: =====================================
