[ simnibs 4.6.0 - 2026-08-02 21:59:20,183 - 35663 ]WARNING: Cannot locate subjects m2m folder
[ simnibs 4.6.0 - 2026-08-02 21:59:20,183 - 35663 ]WARNING: some postprocessing options might fail
[ simnibs 4.6.0 - 2026-08-02 21:59:20,183 - 35663 ]INFO: Head Mesh:          /Users/carl/CODELocalProjects/ear-emg-forward-model/data/val_sphere_medium.msh
[ simnibs 4.6.0 - 2026-08-02 21:59:20,183 - 35663 ]INFO: Subject Path:       None
[ simnibs 4.6.0 - 2026-08-02 21:59:20,183 - 35663 ]INFO: Simulation Folder:  /Users/carl/CODELocalProjects/ear-emg-forward-model/results/e10mm_medium/e01
[ simnibs 4.6.0 - 2026-08-02 21:59:20,208 - 35663 ]INFO: Running simulations in the directory: /Users/carl/CODELocalProjects/ear-emg-forward-model/results/e10mm_medium/e01
[ simnibs 4.6.0 - 2026-08-02 21:59:20,291 - 35663 ]INFO: Running Poslist Number: 1
[ simnibs 4.6.0 - 2026-08-02 21:59:20,291 - 35663 ]INFO: Began to run tDCS simulation
[ simnibs 4.6.0 - 2026-08-02 21:59:20,291 - 35663 ]INFO: Channels: [1, 2]
[ simnibs 4.6.0 - 2026-08-02 21:59:20,291 - 35663 ]INFO: Currents (A): [0.001, -0.001]
[ simnibs 4.6.0 - 2026-08-02 21:59:21,152 - 35663 ]INFO: Placing Electrode:
definition: plane
shape: ellipse
centre: [np.float64(-47.051062382811075), np.float64(23.214906927421033), np.float64(73.125)]
pos_ydir: []
dimensions: [10.0, 10.0]
thickness:2
channelnr: 1
number of holes: 0

[ simnibs 4.6.0 - 2026-08-02 21:59:22,405 - 35663 ]INFO: Placing Electrode:
definition: plane
shape: ellipse
centre: [np.float64(0.0), np.float64(0.0), np.float64(-90.0)]
pos_ydir: []
dimensions: [10.0, 10.0]
thickness:2
channelnr: 2
number of holes: 0

[ simnibs 4.6.0 - 2026-08-02 21:59:24,788 - 35663 ]INFO: Using isotropic conductivities
[ simnibs 4.6.0 - 2026-08-02 21:59:24,828 - 35663 ]INFO: Simulating electrode pair 2101 - 2102
[ simnibs 4.6.0 - 2026-08-02 21:59:24,834 - 35663 ]INFO: Assembling FEM Matrix
[ simnibs 4.6.0 - 2026-08-02 21:59:25,373 - 35663 ]INFO: 0.54 s to assemble FEM matrix
[ simnibs 4.6.0 - 2026-08-02 21:59:25,373 - 35663 ]DEBUG: Solving FEM System
[ simnibs 4.6.0 - 2026-08-02 21:59:25,373 - 35663 ]INFO: Using solver options: hypre
[ simnibs 4.6.0 - 2026-08-02 21:59:25,582 - 35663 ]INFO: Time to set up KSP:   0.1758 s
[ simnibs 4.6.0 - 2026-08-02 21:59:25,906 - 35663 ]INFO: Time to solve:   0.3214 s
[ simnibs 4.6.0 - 2026-08-02 21:59:26,042 - 35663 ]WARNING: The current calibration error exceeded 10%! Estimated error value: 13.86%
[ simnibs 4.6.0 - 2026-08-02 21:59:26,367 - 35663 ]INFO: Creating visualizations
[ simnibs 4.6.0 - 2026-08-02 21:59:26,841 - 35663 ]SUMMARY: 
val_sphere_medium_TDCS_1
========================
Gray Matter

Field Percentiles
-----------------
Top percentiles of the field (or field magnitude for vector fields)
|Field |99.9%        |99.0%        |95.0%        |
|------|-------------|-------------|-------------|
|E     |2.58e-01 V/m |2.18e-01 V/m |1.89e-01 V/m |

Field Focality
---------------
Mesh volume or area with a field >= X% of the 99.9th percentile
|Field |75.0%        |50.0%        |
|------|-------------|-------------|
|E     |1.31e+04 mm³ |1.11e+05 mm³ |

[ simnibs 4.6.0 - 2026-08-02 21:59:26,878 - 35663 ]INFO: Finished Running Poslist Number: 1
[ simnibs 4.6.0 - 2026-08-02 21:59:26,879 - 35663 ]INFO: Result Files:
/Users/carl/CODELocalProjects/ear-emg-forward-model/results/e10mm_medium/e01/val_sphere_medium_TDCS_1_scalar.msh
[ simnibs 4.6.0 - 2026-08-02 21:59:26,915 - 35663 ]INFO: =====================================
[ simnibs 4.6.0 - 2026-08-02 21:59:26,915 - 35663 ]INFO: SimNIBS finished running simulations
[ simnibs 4.6.0 - 2026-08-02 21:59:26,915 - 35663 ]INFO: Simulation Result Meshes:
[ simnibs 4.6.0 - 2026-08-02 21:59:26,915 - 35663 ]INFO: /Users/carl/CODELocalProjects/ear-emg-forward-model/results/e10mm_medium/e01/val_sphere_medium_TDCS_1_scalar.msh
[ simnibs 4.6.0 - 2026-08-02 21:59:26,915 - 35663 ]INFO: =====================================
