[ simnibs 4.6.0 - 2026-08-02 14:29:51,474 - 25110 ]WARNING: Cannot locate subjects m2m folder
[ simnibs 4.6.0 - 2026-08-02 14:29:51,474 - 25110 ]WARNING: some postprocessing options might fail
[ simnibs 4.6.0 - 2026-08-02 14:29:51,474 - 25110 ]INFO: Head Mesh:          /Users/carl/CODELocalProjects/ear-emg-forward-model/data/val_sphere_coarse.msh
[ simnibs 4.6.0 - 2026-08-02 14:29:51,474 - 25110 ]INFO: Subject Path:       None
[ simnibs 4.6.0 - 2026-08-02 14:29:51,474 - 25110 ]INFO: Simulation Folder:  /Users/carl/CODELocalProjects/ear-emg-forward-model/results/convergence/coarse/e11
[ simnibs 4.6.0 - 2026-08-02 14:29:51,485 - 25110 ]INFO: Running simulations in the directory: /Users/carl/CODELocalProjects/ear-emg-forward-model/results/convergence/coarse/e11
[ simnibs 4.6.0 - 2026-08-02 14:29:51,565 - 25110 ]INFO: Running Poslist Number: 1
[ simnibs 4.6.0 - 2026-08-02 14:29:51,565 - 25110 ]INFO: Began to run tDCS simulation
[ simnibs 4.6.0 - 2026-08-02 14:29:51,565 - 25110 ]INFO: Channels: [1, 2]
[ simnibs 4.6.0 - 2026-08-02 14:29:51,565 - 25110 ]INFO: Currents (A): [0.001, -0.001]
[ simnibs 4.6.0 - 2026-08-02 14:29:51,870 - 25110 ]INFO: Placing Electrode:
definition: plane
shape: ellipse
centre: [np.float64(-63.194646168224004), np.float64(-50.55735426891889), np.float64(-39.375)]
pos_ydir: []
dimensions: [15, 15]
thickness:2
channelnr: 1
number of holes: 0

[ simnibs 4.6.0 - 2026-08-02 14:29:52,244 - 25110 ]INFO: Placing Electrode:
definition: plane
shape: ellipse
centre: [np.float64(0.0), np.float64(0.0), np.float64(-90.0)]
pos_ydir: []
dimensions: [15, 15]
thickness:2
channelnr: 2
number of holes: 0

[ simnibs 4.6.0 - 2026-08-02 14:29:53,015 - 25110 ]INFO: Using isotropic conductivities
[ simnibs 4.6.0 - 2026-08-02 14:29:53,031 - 25110 ]INFO: Simulating electrode pair 2101 - 2102
[ simnibs 4.6.0 - 2026-08-02 14:29:53,033 - 25110 ]INFO: Assembling FEM Matrix
[ simnibs 4.6.0 - 2026-08-02 14:29:53,242 - 25110 ]INFO: 0.21 s to assemble FEM matrix
[ simnibs 4.6.0 - 2026-08-02 14:29:53,243 - 25110 ]DEBUG: Solving FEM System
[ simnibs 4.6.0 - 2026-08-02 14:29:53,243 - 25110 ]INFO: Using solver options: hypre
[ simnibs 4.6.0 - 2026-08-02 14:29:53,308 - 25110 ]INFO: Time to set up KSP:   0.0547 s
[ simnibs 4.6.0 - 2026-08-02 14:29:53,421 - 25110 ]INFO: Time to solve:   0.1123 s
[ simnibs 4.6.0 - 2026-08-02 14:29:53,506 - 25110 ]WARNING: The current calibration error exceeded 10%! Estimated error value: 23.57%
[ simnibs 4.6.0 - 2026-08-02 14:29:53,648 - 25110 ]INFO: Creating visualizations
[ simnibs 4.6.0 - 2026-08-02 14:29:53,821 - 25110 ]SUMMARY: 
val_sphere_coarse_TDCS_1
========================
Gray Matter

Field Percentiles
-----------------
Top percentiles of the field (or field magnitude for vector fields)
|Field |99.9%        |99.0%        |95.0%        |
|------|-------------|-------------|-------------|
|E     |3.29e-01 V/m |3.16e-01 V/m |2.57e-01 V/m |

Field Focality
---------------
Mesh volume or area with a field >= X% of the 99.9th percentile
|Field |75.0%        |50.0%        |
|------|-------------|-------------|
|E     |1.84e+04 mm³ |4.50e+04 mm³ |

[ simnibs 4.6.0 - 2026-08-02 14:29:53,853 - 25110 ]INFO: Finished Running Poslist Number: 1
[ simnibs 4.6.0 - 2026-08-02 14:29:53,853 - 25110 ]INFO: Result Files:
/Users/carl/CODELocalProjects/ear-emg-forward-model/results/convergence/coarse/e11/val_sphere_coarse_TDCS_1_scalar.msh
[ simnibs 4.6.0 - 2026-08-02 14:29:53,884 - 25110 ]INFO: =====================================
[ simnibs 4.6.0 - 2026-08-02 14:29:53,884 - 25110 ]INFO: SimNIBS finished running simulations
[ simnibs 4.6.0 - 2026-08-02 14:29:53,884 - 25110 ]INFO: Simulation Result Meshes:
[ simnibs 4.6.0 - 2026-08-02 14:29:53,884 - 25110 ]INFO: /Users/carl/CODELocalProjects/ear-emg-forward-model/results/convergence/coarse/e11/val_sphere_coarse_TDCS_1_scalar.msh
[ simnibs 4.6.0 - 2026-08-02 14:29:53,884 - 25110 ]INFO: =====================================
