[ simnibs 4.6.0 - 2026-08-02 14:32:50,513 - 26241 ]WARNING: Cannot locate subjects m2m folder
[ simnibs 4.6.0 - 2026-08-02 14:32:50,513 - 26241 ]WARNING: some postprocessing options might fail
[ simnibs 4.6.0 - 2026-08-02 14:32:50,513 - 26241 ]INFO: Head Mesh:          /Users/carl/CODELocalProjects/ear-emg-forward-model/data/val_sphere_fine.msh
[ simnibs 4.6.0 - 2026-08-02 14:32:50,513 - 26241 ]INFO: Subject Path:       None
[ simnibs 4.6.0 - 2026-08-02 14:32:50,513 - 26241 ]INFO: Simulation Folder:  /Users/carl/CODELocalProjects/ear-emg-forward-model/results/convergence/fine/e10
[ simnibs 4.6.0 - 2026-08-02 14:32:50,540 - 26241 ]INFO: Running simulations in the directory: /Users/carl/CODELocalProjects/ear-emg-forward-model/results/convergence/fine/e10
[ simnibs 4.6.0 - 2026-08-02 14:32:50,621 - 26241 ]INFO: Running Poslist Number: 1
[ simnibs 4.6.0 - 2026-08-02 14:32:50,621 - 26241 ]INFO: Began to run tDCS simulation
[ simnibs 4.6.0 - 2026-08-02 14:32:50,621 - 26241 ]INFO: Channels: [1, 2]
[ simnibs 4.6.0 - 2026-08-02 14:32:50,621 - 26241 ]INFO: Currents (A): [0.001, -0.001]
[ simnibs 4.6.0 - 2026-08-02 14:32:51,554 - 26241 ]INFO: Placing Electrode:
definition: plane
shape: ellipse
centre: [np.float64(85.30151003120369), np.float64(-5.712859301300541), np.float64(-28.125)]
pos_ydir: []
dimensions: [15, 15]
thickness:2
channelnr: 1
number of holes: 0

[ simnibs 4.6.0 - 2026-08-02 14:32:52,802 - 26241 ]INFO: Placing Electrode:
definition: plane
shape: ellipse
centre: [np.float64(0.0), np.float64(0.0), np.float64(-90.0)]
pos_ydir: []
dimensions: [15, 15]
thickness:2
channelnr: 2
number of holes: 0

[ simnibs 4.6.0 - 2026-08-02 14:32:55,101 - 26241 ]INFO: Using isotropic conductivities
[ simnibs 4.6.0 - 2026-08-02 14:32:55,139 - 26241 ]INFO: Simulating electrode pair 2101 - 2102
[ simnibs 4.6.0 - 2026-08-02 14:32:55,145 - 26241 ]INFO: Assembling FEM Matrix
[ simnibs 4.6.0 - 2026-08-02 14:32:55,661 - 26241 ]INFO: 0.52 s to assemble FEM matrix
[ simnibs 4.6.0 - 2026-08-02 14:32:55,662 - 26241 ]DEBUG: Solving FEM System
[ simnibs 4.6.0 - 2026-08-02 14:32:55,662 - 26241 ]INFO: Using solver options: hypre
[ simnibs 4.6.0 - 2026-08-02 14:32:55,846 - 26241 ]INFO: Time to set up KSP:   0.1535 s
[ simnibs 4.6.0 - 2026-08-02 14:32:56,128 - 26241 ]INFO: Time to solve:   0.2799 s
[ simnibs 4.6.0 - 2026-08-02 14:32:56,233 - 26241 ]INFO: Estimated current calibration error: 5.4%
[ simnibs 4.6.0 - 2026-08-02 14:32:56,536 - 26241 ]INFO: Creating visualizations
[ simnibs 4.6.0 - 2026-08-02 14:32:57,025 - 26241 ]SUMMARY: 
val_sphere_fine_TDCS_1
======================
Gray Matter

Field Percentiles
-----------------
Top percentiles of the field (or field magnitude for vector fields)
|Field |99.9%        |99.0%        |95.0%        |
|------|-------------|-------------|-------------|
|E     |2.86e-01 V/m |2.71e-01 V/m |2.36e-01 V/m |

Field Focality
---------------
Mesh volume or area with a field >= X% of the 99.9th percentile
|Field |75.0%        |50.0%        |
|------|-------------|-------------|
|E     |2.24e+04 mm³ |5.58e+04 mm³ |

[ simnibs 4.6.0 - 2026-08-02 14:32:57,062 - 26241 ]INFO: Finished Running Poslist Number: 1
[ simnibs 4.6.0 - 2026-08-02 14:32:57,062 - 26241 ]INFO: Result Files:
/Users/carl/CODELocalProjects/ear-emg-forward-model/results/convergence/fine/e10/val_sphere_fine_TDCS_1_scalar.msh
[ simnibs 4.6.0 - 2026-08-02 14:32:57,097 - 26241 ]INFO: =====================================
[ simnibs 4.6.0 - 2026-08-02 14:32:57,098 - 26241 ]INFO: SimNIBS finished running simulations
[ simnibs 4.6.0 - 2026-08-02 14:32:57,098 - 26241 ]INFO: Simulation Result Meshes:
[ simnibs 4.6.0 - 2026-08-02 14:32:57,098 - 26241 ]INFO: /Users/carl/CODELocalProjects/ear-emg-forward-model/results/convergence/fine/e10/val_sphere_fine_TDCS_1_scalar.msh
[ simnibs 4.6.0 - 2026-08-02 14:32:57,098 - 26241 ]INFO: =====================================
