[ simnibs 4.6.0 - 2026-08-02 14:30:07,036 - 25435 ]WARNING: Cannot locate subjects m2m folder
[ simnibs 4.6.0 - 2026-08-02 14:30:07,036 - 25435 ]WARNING: some postprocessing options might fail
[ simnibs 4.6.0 - 2026-08-02 14:30:07,036 - 25435 ]INFO: Head Mesh:          /Users/carl/CODELocalProjects/ear-emg-forward-model/data/val_sphere_medium.msh
[ simnibs 4.6.0 - 2026-08-02 14:30:07,036 - 25435 ]INFO: Subject Path:       None
[ simnibs 4.6.0 - 2026-08-02 14:30:07,036 - 25435 ]INFO: Simulation Folder:  /Users/carl/CODELocalProjects/ear-emg-forward-model/results/convergence/medium/e00
[ simnibs 4.6.0 - 2026-08-02 14:30:07,065 - 25435 ]INFO: Running simulations in the directory: /Users/carl/CODELocalProjects/ear-emg-forward-model/results/convergence/medium/e00
[ simnibs 4.6.0 - 2026-08-02 14:30:07,144 - 25435 ]INFO: Running Poslist Number: 1
[ simnibs 4.6.0 - 2026-08-02 14:30:07,144 - 25435 ]INFO: Began to run tDCS simulation
[ simnibs 4.6.0 - 2026-08-02 14:30:07,144 - 25435 ]INFO: Channels: [1, 2]
[ simnibs 4.6.0 - 2026-08-02 14:30:07,144 - 25435 ]INFO: Currents (A): [0.001, -0.001]
[ simnibs 4.6.0 - 2026-08-02 14:30:07,872 - 25435 ]INFO: Placing Electrode:
definition: plane
shape: ellipse
centre: [np.float64(11.349101244231797), np.float64(-29.190020142990242), np.float64(84.375)]
pos_ydir: []
dimensions: [15, 15]
thickness:2
channelnr: 1
number of holes: 0

[ simnibs 4.6.0 - 2026-08-02 14:30:09,119 - 25435 ]INFO: Placing Electrode:
definition: plane
shape: ellipse
centre: [np.float64(0.0), np.float64(0.0), np.float64(-90.0)]
pos_ydir: []
dimensions: [15, 15]
thickness:2
channelnr: 2
number of holes: 0

[ simnibs 4.6.0 - 2026-08-02 14:30:11,126 - 25435 ]INFO: Using isotropic conductivities
[ simnibs 4.6.0 - 2026-08-02 14:30:11,163 - 25435 ]INFO: Simulating electrode pair 2101 - 2102
[ simnibs 4.6.0 - 2026-08-02 14:30:11,169 - 25435 ]INFO: Assembling FEM Matrix
[ simnibs 4.6.0 - 2026-08-02 14:30:11,671 - 25435 ]INFO: 0.50 s to assemble FEM matrix
[ simnibs 4.6.0 - 2026-08-02 14:30:11,671 - 25435 ]DEBUG: Solving FEM System
[ simnibs 4.6.0 - 2026-08-02 14:30:11,671 - 25435 ]INFO: Using solver options: hypre
[ simnibs 4.6.0 - 2026-08-02 14:30:11,851 - 25435 ]INFO: Time to set up KSP:   0.1525 s
[ simnibs 4.6.0 - 2026-08-02 14:30:12,151 - 25435 ]INFO: Time to solve:   0.2978 s
[ simnibs 4.6.0 - 2026-08-02 14:30:12,267 - 25435 ]INFO: Estimated current calibration error: 6.6%
[ simnibs 4.6.0 - 2026-08-02 14:30:12,581 - 25435 ]INFO: Creating visualizations
[ simnibs 4.6.0 - 2026-08-02 14:30:13,050 - 25435 ]SUMMARY: 
val_sphere_medium_TDCS_1
========================
Gray Matter

Field Percentiles
-----------------
Top percentiles of the field (or field magnitude for vector fields)
|Field |99.9%        |99.0%        |95.0%        |
|------|-------------|-------------|-------------|
|E     |2.49e-01 V/m |2.20e-01 V/m |1.93e-01 V/m |

Field Focality
---------------
Mesh volume or area with a field >= X% of the 99.9th percentile
|Field |75.0%        |50.0%        |
|------|-------------|-------------|
|E     |2.12e+04 mm³ |1.24e+05 mm³ |

[ simnibs 4.6.0 - 2026-08-02 14:30:13,081 - 25435 ]INFO: Finished Running Poslist Number: 1
[ simnibs 4.6.0 - 2026-08-02 14:30:13,081 - 25435 ]INFO: Result Files:
/Users/carl/CODELocalProjects/ear-emg-forward-model/results/convergence/medium/e00/val_sphere_medium_TDCS_1_scalar.msh
[ simnibs 4.6.0 - 2026-08-02 14:30:13,109 - 25435 ]INFO: =====================================
[ simnibs 4.6.0 - 2026-08-02 14:30:13,109 - 25435 ]INFO: SimNIBS finished running simulations
[ simnibs 4.6.0 - 2026-08-02 14:30:13,109 - 25435 ]INFO: Simulation Result Meshes:
[ simnibs 4.6.0 - 2026-08-02 14:30:13,109 - 25435 ]INFO: /Users/carl/CODELocalProjects/ear-emg-forward-model/results/convergence/medium/e00/val_sphere_medium_TDCS_1_scalar.msh
[ simnibs 4.6.0 - 2026-08-02 14:30:13,109 - 25435 ]INFO: =====================================
