[ simnibs 4.6.0 - 2026-08-02 14:29:59,105 - 25110 ]WARNING: Cannot locate subjects m2m folder
[ simnibs 4.6.0 - 2026-08-02 14:29:59,105 - 25110 ]WARNING: some postprocessing options might fail
[ simnibs 4.6.0 - 2026-08-02 14:29:59,105 - 25110 ]INFO: Head Mesh:          /Users/carl/CODELocalProjects/ear-emg-forward-model/data/val_sphere_coarse.msh
[ simnibs 4.6.0 - 2026-08-02 14:29:59,105 - 25110 ]INFO: Subject Path:       None
[ simnibs 4.6.0 - 2026-08-02 14:29:59,105 - 25110 ]INFO: Simulation Folder:  /Users/carl/CODELocalProjects/ear-emg-forward-model/results/convergence/coarse/e14
[ simnibs 4.6.0 - 2026-08-02 14:29:59,115 - 25110 ]INFO: Running simulations in the directory: /Users/carl/CODELocalProjects/ear-emg-forward-model/results/convergence/coarse/e14
[ simnibs 4.6.0 - 2026-08-02 14:29:59,196 - 25110 ]INFO: Running Poslist Number: 1
[ simnibs 4.6.0 - 2026-08-02 14:29:59,196 - 25110 ]INFO: Began to run tDCS simulation
[ simnibs 4.6.0 - 2026-08-02 14:29:59,196 - 25110 ]INFO: Channels: [1, 2]
[ simnibs 4.6.0 - 2026-08-02 14:29:59,196 - 25110 ]INFO: Currents (A): [0.001, -0.001]
[ simnibs 4.6.0 - 2026-08-02 14:29:59,506 - 25110 ]INFO: Placing Electrode:
definition: plane
shape: ellipse
centre: [np.float64(-50.93832431346133), np.float64(12.570659932423387), np.float64(-73.125)]
pos_ydir: []
dimensions: [15, 15]
thickness:2
channelnr: 1
number of holes: 0

[ simnibs 4.6.0 - 2026-08-02 14:29:59,931 - 25110 ]INFO: Placing Electrode:
definition: plane
shape: ellipse
centre: [np.float64(0.0), np.float64(0.0), np.float64(-90.0)]
pos_ydir: []
dimensions: [15, 15]
thickness:2
channelnr: 2
number of holes: 0

[ simnibs 4.6.0 - 2026-08-02 14:30:00,694 - 25110 ]INFO: Using isotropic conductivities
[ simnibs 4.6.0 - 2026-08-02 14:30:00,709 - 25110 ]INFO: Simulating electrode pair 2101 - 2102
[ simnibs 4.6.0 - 2026-08-02 14:30:00,711 - 25110 ]INFO: Assembling FEM Matrix
[ simnibs 4.6.0 - 2026-08-02 14:30:00,922 - 25110 ]INFO: 0.21 s to assemble FEM matrix
[ simnibs 4.6.0 - 2026-08-02 14:30:00,922 - 25110 ]DEBUG: Solving FEM System
[ simnibs 4.6.0 - 2026-08-02 14:30:00,922 - 25110 ]INFO: Using solver options: hypre
[ simnibs 4.6.0 - 2026-08-02 14:30:00,989 - 25110 ]INFO: Time to set up KSP:   0.0548 s
[ simnibs 4.6.0 - 2026-08-02 14:30:01,100 - 25110 ]INFO: Time to solve:   0.1106 s
[ simnibs 4.6.0 - 2026-08-02 14:30:01,168 - 25110 ]INFO: Estimated current calibration error: 0.3%
[ simnibs 4.6.0 - 2026-08-02 14:30:01,299 - 25110 ]INFO: Creating visualizations
[ simnibs 4.6.0 - 2026-08-02 14:30:01,466 - 25110 ]SUMMARY: 
val_sphere_coarse_TDCS_1
========================
Gray Matter

Field Percentiles
-----------------
Top percentiles of the field (or field magnitude for vector fields)
|Field |99.9%        |99.0%        |95.0%        |
|------|-------------|-------------|-------------|
|E     |4.23e-01 V/m |3.68e-01 V/m |2.06e-01 V/m |

Field Focality
---------------
Mesh volume or area with a field >= X% of the 99.9th percentile
|Field |75.0%        |50.0%        |
|------|-------------|-------------|
|E     |6.14e+03 mm³ |1.52e+04 mm³ |

[ simnibs 4.6.0 - 2026-08-02 14:30:01,495 - 25110 ]INFO: Finished Running Poslist Number: 1
[ simnibs 4.6.0 - 2026-08-02 14:30:01,495 - 25110 ]INFO: Result Files:
/Users/carl/CODELocalProjects/ear-emg-forward-model/results/convergence/coarse/e14/val_sphere_coarse_TDCS_1_scalar.msh
[ simnibs 4.6.0 - 2026-08-02 14:30:01,520 - 25110 ]INFO: =====================================
[ simnibs 4.6.0 - 2026-08-02 14:30:01,520 - 25110 ]INFO: SimNIBS finished running simulations
[ simnibs 4.6.0 - 2026-08-02 14:30:01,520 - 25110 ]INFO: Simulation Result Meshes:
[ simnibs 4.6.0 - 2026-08-02 14:30:01,520 - 25110 ]INFO: /Users/carl/CODELocalProjects/ear-emg-forward-model/results/convergence/coarse/e14/val_sphere_coarse_TDCS_1_scalar.msh
[ simnibs 4.6.0 - 2026-08-02 14:30:01,520 - 25110 ]INFO: =====================================
