[ simnibs 4.6.0 - 2026-08-02 15:51:35,780 - 55618 ]WARNING: Cannot locate subjects m2m folder
[ simnibs 4.6.0 - 2026-08-02 15:51:35,781 - 55618 ]WARNING: some postprocessing options might fail
[ simnibs 4.6.0 - 2026-08-02 15:51:35,781 - 55618 ]INFO: Head Mesh:          /Users/carl/CODELocalProjects/ear-emg-forward-model/data/mida_headneck.msh
[ simnibs 4.6.0 - 2026-08-02 15:51:35,781 - 55618 ]INFO: Subject Path:       None
[ simnibs 4.6.0 - 2026-08-02 15:51:35,781 - 55618 ]INFO: Simulation Folder:  /Users/carl/CODELocalProjects/ear-emg-forward-model/results/cond_bound/c1_all_low__mastoid
[ simnibs 4.6.0 - 2026-08-02 15:51:36,325 - 55618 ]INFO: Running simulations in the directory: /Users/carl/CODELocalProjects/ear-emg-forward-model/results/cond_bound/c1_all_low__mastoid
[ simnibs 4.6.0 - 2026-08-02 15:51:36,408 - 55618 ]INFO: Running Poslist Number: 1
[ simnibs 4.6.0 - 2026-08-02 15:51:36,408 - 55618 ]INFO: Began to run tDCS simulation
[ simnibs 4.6.0 - 2026-08-02 15:51:36,408 - 55618 ]INFO: Channels: [1, 2]
[ simnibs 4.6.0 - 2026-08-02 15:51:36,408 - 55618 ]INFO: Currents (A): [0.001, -0.001]
[ simnibs 4.6.0 - 2026-08-02 15:52:19,486 - 55618 ]INFO: Placing Electrode:
definition: plane
shape: ellipse
centre: [np.float64(69.41), np.float64(-12.38), np.float64(-22.98)]
pos_ydir: []
dimensions: [10.0, 10.0]
thickness:2
channelnr: 1
number of holes: 0

[ simnibs 4.6.0 - 2026-08-02 15:52:27,170 - 55618 ]INFO: Placing Electrode:
definition: plane
shape: ellipse
centre: [np.float64(-71.65), np.float64(7.94), np.float64(-33.44)]
pos_ydir: []
dimensions: [10.0, 10.0]
thickness:2
channelnr: 2
number of holes: 0

[ simnibs 4.6.0 - 2026-08-02 15:53:23,849 - 55618 ]INFO: Using isotropic conductivities
[ simnibs 4.6.0 - 2026-08-02 15:53:27,110 - 55618 ]INFO: Simulating electrode pair 2101 - 2102
[ simnibs 4.6.0 - 2026-08-02 15:53:27,224 - 55618 ]INFO: Assembling FEM Matrix
[ simnibs 4.6.0 - 2026-08-02 15:53:37,363 - 55618 ]INFO: 10.14 s to assemble FEM matrix
[ simnibs 4.6.0 - 2026-08-02 15:53:37,393 - 55618 ]DEBUG: Solving FEM System
[ simnibs 4.6.0 - 2026-08-02 15:53:37,393 - 55618 ]INFO: Using solver options: hypre
[ simnibs 4.6.0 - 2026-08-02 15:53:41,062 - 55618 ]INFO: Time to set up KSP:   3.1253 s
[ simnibs 4.6.0 - 2026-08-02 15:53:51,677 - 55618 ]INFO: Time to solve:  10.5867 s
[ simnibs 4.6.0 - 2026-08-02 15:53:53,465 - 55618 ]WARNING: The current calibration error exceeded 10%! Estimated error value: 200.00%
[ simnibs 4.6.0 - 2026-08-02 15:53:59,382 - 55618 ]INFO: Creating visualizations
[ simnibs 4.6.0 - 2026-08-02 15:54:03,529 - 55618 ]SUMMARY: 
mida_headneck_TDCS_1
====================
Gray Matter

Field Percentiles
-----------------
Top percentiles of the field (or field magnitude for vector fields)
|Field |99.9%        |99.0%        |95.0%        |
|------|-------------|-------------|-------------|
|E     |5.81e+00 V/m |4.48e+00 V/m |3.97e+00 V/m |

Field Focality
---------------
Mesh volume or area with a field >= X% of the 99.9th percentile
|Field |75.0%        |50.0%        |
|------|-------------|-------------|
|E     |1.27e+03 mm³ |5.19e+04 mm³ |

[ simnibs 4.6.0 - 2026-08-02 15:54:03,604 - 55618 ]INFO: Finished Running Poslist Number: 1
[ simnibs 4.6.0 - 2026-08-02 15:54:03,604 - 55618 ]INFO: Result Files:
/Users/carl/CODELocalProjects/ear-emg-forward-model/results/cond_bound/c1_all_low__mastoid/mida_headneck_TDCS_1_scalar.msh
[ simnibs 4.6.0 - 2026-08-02 15:54:03,650 - 55618 ]INFO: =====================================
[ simnibs 4.6.0 - 2026-08-02 15:54:03,650 - 55618 ]INFO: SimNIBS finished running simulations
[ simnibs 4.6.0 - 2026-08-02 15:54:03,650 - 55618 ]INFO: Simulation Result Meshes:
[ simnibs 4.6.0 - 2026-08-02 15:54:03,651 - 55618 ]INFO: /Users/carl/CODELocalProjects/ear-emg-forward-model/results/cond_bound/c1_all_low__mastoid/mida_headneck_TDCS_1_scalar.msh
[ simnibs 4.6.0 - 2026-08-02 15:54:03,651 - 55618 ]INFO: =====================================
