[ simnibs 4.6.0 - 2026-08-02 22:25:28,107 - 65913 ]WARNING: Cannot locate subjects m2m folder
[ simnibs 4.6.0 - 2026-08-02 22:25:28,107 - 65913 ]WARNING: some postprocessing options might fail
[ simnibs 4.6.0 - 2026-08-02 22:25:28,107 - 65913 ]INFO: Head Mesh:          /Users/carl/CODELocalProjects/ear-emg-forward-model/data/val_sphere_medium.msh
[ simnibs 4.6.0 - 2026-08-02 22:25:28,107 - 65913 ]INFO: Subject Path:       None
[ simnibs 4.6.0 - 2026-08-02 22:25:28,107 - 65913 ]INFO: Simulation Folder:  /Users/carl/CODELocalProjects/ear-emg-forward-model/results/floor_draws/draw01/e07
[ simnibs 4.6.0 - 2026-08-02 22:25:28,132 - 65913 ]INFO: Running simulations in the directory: /Users/carl/CODELocalProjects/ear-emg-forward-model/results/floor_draws/draw01/e07
[ simnibs 4.6.0 - 2026-08-02 22:25:28,218 - 65913 ]INFO: Running Poslist Number: 1
[ simnibs 4.6.0 - 2026-08-02 22:25:28,218 - 65913 ]INFO: Began to run tDCS simulation
[ simnibs 4.6.0 - 2026-08-02 22:25:28,218 - 65913 ]INFO: Channels: [1, 2]
[ simnibs 4.6.0 - 2026-08-02 22:25:28,218 - 65913 ]INFO: Currents (A): [0.001, -0.001]
[ simnibs 4.6.0 - 2026-08-02 22:25:29,404 - 65913 ]INFO: Placing Electrode:
definition: plane
shape: ellipse
centre: [np.float64(55.091992650700675), np.float64(71.01006355280023), np.float64(4.737427572260399)]
pos_ydir: []
dimensions: [10.0, 10.0]
thickness:2
channelnr: 1
number of holes: 0

[ simnibs 4.6.0 - 2026-08-02 22:25:31,453 - 65913 ]INFO: Placing Electrode:
definition: plane
shape: ellipse
centre: [np.float64(4.130572493582126), np.float64(-4.342898261112009), np.float64(-89.80020938488336)]
pos_ydir: []
dimensions: [10.0, 10.0]
thickness:2
channelnr: 2
number of holes: 0

[ simnibs 4.6.0 - 2026-08-02 22:25:34,333 - 65913 ]INFO: Using isotropic conductivities
[ simnibs 4.6.0 - 2026-08-02 22:25:34,378 - 65913 ]INFO: Simulating electrode pair 2101 - 2102
[ simnibs 4.6.0 - 2026-08-02 22:25:34,385 - 65913 ]INFO: Assembling FEM Matrix
[ simnibs 4.6.0 - 2026-08-02 22:25:34,960 - 65913 ]INFO: 0.58 s to assemble FEM matrix
[ simnibs 4.6.0 - 2026-08-02 22:25:34,961 - 65913 ]DEBUG: Solving FEM System
[ simnibs 4.6.0 - 2026-08-02 22:25:34,961 - 65913 ]INFO: Using solver options: hypre
[ simnibs 4.6.0 - 2026-08-02 22:25:35,164 - 65913 ]INFO: Time to set up KSP:   0.1707 s
[ simnibs 4.6.0 - 2026-08-02 22:25:35,534 - 65913 ]INFO: Time to solve:   0.3679 s
[ simnibs 4.6.0 - 2026-08-02 22:25:35,673 - 65913 ]WARNING: The current calibration error exceeded 10%! Estimated error value: 26.46%
[ simnibs 4.6.0 - 2026-08-02 22:25:36,025 - 65913 ]INFO: Creating visualizations
[ simnibs 4.6.0 - 2026-08-02 22:25:36,522 - 65913 ]SUMMARY: 
val_sphere_medium_TDCS_1
========================
Gray Matter

Field Percentiles
-----------------
Top percentiles of the field (or field magnitude for vector fields)
|Field |99.9%        |99.0%        |95.0%        |
|------|-------------|-------------|-------------|
|E     |2.60e-01 V/m |2.30e-01 V/m |2.04e-01 V/m |

Field Focality
---------------
Mesh volume or area with a field >= X% of the 99.9th percentile
|Field |75.0%        |50.0%        |
|------|-------------|-------------|
|E     |2.44e+04 mm³ |7.81e+04 mm³ |

[ simnibs 4.6.0 - 2026-08-02 22:25:36,564 - 65913 ]INFO: Finished Running Poslist Number: 1
[ simnibs 4.6.0 - 2026-08-02 22:25:36,564 - 65913 ]INFO: Result Files:
/Users/carl/CODELocalProjects/ear-emg-forward-model/results/floor_draws/draw01/e07/val_sphere_medium_TDCS_1_scalar.msh
[ simnibs 4.6.0 - 2026-08-02 22:25:36,601 - 65913 ]INFO: =====================================
[ simnibs 4.6.0 - 2026-08-02 22:25:36,601 - 65913 ]INFO: SimNIBS finished running simulations
[ simnibs 4.6.0 - 2026-08-02 22:25:36,601 - 65913 ]INFO: Simulation Result Meshes:
[ simnibs 4.6.0 - 2026-08-02 22:25:36,601 - 65913 ]INFO: /Users/carl/CODELocalProjects/ear-emg-forward-model/results/floor_draws/draw01/e07/val_sphere_medium_TDCS_1_scalar.msh
[ simnibs 4.6.0 - 2026-08-02 22:25:36,601 - 65913 ]INFO: =====================================
