[ simnibs 4.6.0 - 2026-08-03 09:00:16,638 - 7127 ]WARNING: Cannot locate subjects m2m folder
[ simnibs 4.6.0 - 2026-08-03 09:00:16,638 - 7127 ]WARNING: some postprocessing options might fail
[ simnibs 4.6.0 - 2026-08-03 09:00:16,639 - 7127 ]INFO: Head Mesh:          /Users/carl/CODELocalProjects/ear-emg-forward-model/data/mida_neckext.msh
[ simnibs 4.6.0 - 2026-08-03 09:00:16,639 - 7127 ]INFO: Subject Path:       None
[ simnibs 4.6.0 - 2026-08-03 09:00:16,639 - 7127 ]INFO: Simulation Folder:  /Users/carl/CODELocalProjects/ear-emg-forward-model/results/boundary/fat_muscle_blend
[ simnibs 4.6.0 - 2026-08-03 09:00:17,143 - 7127 ]INFO: Running simulations in the directory: /Users/carl/CODELocalProjects/ear-emg-forward-model/results/boundary/fat_muscle_blend
[ simnibs 4.6.0 - 2026-08-03 09:00:17,224 - 7127 ]INFO: Running Poslist Number: 1
[ simnibs 4.6.0 - 2026-08-03 09:00:17,224 - 7127 ]INFO: Began to run tDCS simulation
[ simnibs 4.6.0 - 2026-08-03 09:00:17,224 - 7127 ]INFO: Channels: [1, 2]
[ simnibs 4.6.0 - 2026-08-03 09:00:17,224 - 7127 ]INFO: Currents (A): [0.001, -0.001]
[ simnibs 4.6.0 - 2026-08-03 09:00:53,480 - 7127 ]INFO: Placing Electrode:
definition: plane
shape: ellipse
centre: [np.float64(-9.33), np.float64(42.74), np.float64(-108.23)]
pos_ydir: []
dimensions: [10.0, 10.0]
thickness:2
channelnr: 1
number of holes: 0

[ simnibs 4.6.0 - 2026-08-03 09:01:00,881 - 7127 ]INFO: Placing Electrode:
definition: plane
shape: ellipse
centre: [np.float64(-71.65), np.float64(7.94), np.float64(-33.44)]
pos_ydir: []
dimensions: [10.0, 10.0]
thickness:2
channelnr: 2
number of holes: 0

[ simnibs 4.6.0 - 2026-08-03 09:01:50,078 - 7127 ]INFO: Using isotropic conductivities
[ simnibs 4.6.0 - 2026-08-03 09:01:53,507 - 7127 ]INFO: Simulating electrode pair 2101 - 2102
[ simnibs 4.6.0 - 2026-08-03 09:01:53,616 - 7127 ]INFO: Assembling FEM Matrix
[ simnibs 4.6.0 - 2026-08-03 09:02:03,946 - 7127 ]INFO: 10.33 s to assemble FEM matrix
[ simnibs 4.6.0 - 2026-08-03 09:02:03,959 - 7127 ]DEBUG: Solving FEM System
[ simnibs 4.6.0 - 2026-08-03 09:02:03,959 - 7127 ]INFO: Using solver options: hypre
[ simnibs 4.6.0 - 2026-08-03 09:02:07,774 - 7127 ]INFO: Time to set up KSP:   3.2561 s
[ simnibs 4.6.0 - 2026-08-03 09:02:19,029 - 7127 ]INFO: Time to solve:  11.2242 s
[ simnibs 4.6.0 - 2026-08-03 09:02:19,858 - 7127 ]WARNING: The current calibration error exceeded 10%! Estimated error value: 95.84%
[ simnibs 4.6.0 - 2026-08-03 09:02:25,138 - 7127 ]INFO: Creating visualizations
[ simnibs 4.6.0 - 2026-08-03 09:02:28,926 - 7127 ]SUMMARY: 
mida_neckext_TDCS_1
===================
Gray Matter

Field Percentiles
-----------------
Top percentiles of the field (or field magnitude for vector fields)
|Field |99.9%        |99.0%        |95.0%        |
|------|-------------|-------------|-------------|
|E     |3.41e-01 V/m |2.43e-01 V/m |1.70e-01 V/m |

Field Focality
---------------
Mesh volume or area with a field >= X% of the 99.9th percentile
|Field |75.0%        |50.0%        |
|------|-------------|-------------|
|E     |6.55e+02 mm³ |4.31e+03 mm³ |

[ simnibs 4.6.0 - 2026-08-03 09:02:28,986 - 7127 ]INFO: Finished Running Poslist Number: 1
[ simnibs 4.6.0 - 2026-08-03 09:02:28,986 - 7127 ]INFO: Result Files:
/Users/carl/CODELocalProjects/ear-emg-forward-model/results/boundary/fat_muscle_blend/mida_neckext_TDCS_1_scalar.msh
[ simnibs 4.6.0 - 2026-08-03 09:02:29,030 - 7127 ]INFO: =====================================
[ simnibs 4.6.0 - 2026-08-03 09:02:29,030 - 7127 ]INFO: SimNIBS finished running simulations
[ simnibs 4.6.0 - 2026-08-03 09:02:29,030 - 7127 ]INFO: Simulation Result Meshes:
[ simnibs 4.6.0 - 2026-08-03 09:02:29,030 - 7127 ]INFO: /Users/carl/CODELocalProjects/ear-emg-forward-model/results/boundary/fat_muscle_blend/mida_neckext_TDCS_1_scalar.msh
[ simnibs 4.6.0 - 2026-08-03 09:02:29,030 - 7127 ]INFO: =====================================
