[ simnibs 4.6.0 - 2026-08-03 11:00:41,971 - 80710 ]WARNING: Cannot locate subjects m2m folder
[ simnibs 4.6.0 - 2026-08-03 11:00:41,971 - 80710 ]WARNING: some postprocessing options might fail
[ simnibs 4.6.0 - 2026-08-03 11:00:41,971 - 80710 ]INFO: Head Mesh:          /Users/carl/CODELocalProjects/ear-emg-forward-model/data/mida_headneck.msh
[ simnibs 4.6.0 - 2026-08-03 11:00:41,971 - 80710 ]INFO: Subject Path:       None
[ simnibs 4.6.0 - 2026-08-03 11:00:41,971 - 80710 ]INFO: Simulation Folder:  /Users/carl/CODELocalProjects/ear-emg-forward-model/results/leadfields/iso/cg05
[ simnibs 4.6.0 - 2026-08-03 11:00:42,454 - 80710 ]INFO: Running simulations in the directory: /Users/carl/CODELocalProjects/ear-emg-forward-model/results/leadfields/iso/cg05
[ simnibs 4.6.0 - 2026-08-03 11:00:42,540 - 80710 ]INFO: Running Poslist Number: 1
[ simnibs 4.6.0 - 2026-08-03 11:00:42,540 - 80710 ]INFO: Began to run tDCS simulation
[ simnibs 4.6.0 - 2026-08-03 11:00:42,540 - 80710 ]INFO: Channels: [1, 2]
[ simnibs 4.6.0 - 2026-08-03 11:00:42,540 - 80710 ]INFO: Currents (A): [0.001, -0.001]
[ simnibs 4.6.0 - 2026-08-03 11:01:21,762 - 80710 ]INFO: Placing Electrode:
definition: plane
shape: ellipse
centre: [np.float64(69.67), np.float64(-26.88), np.float64(-6.5)]
pos_ydir: []
dimensions: [10.0, 10.0]
thickness:2
channelnr: 1
number of holes: 0

[ simnibs 4.6.0 - 2026-08-03 11:01:28,894 - 80710 ]INFO: Placing Electrode:
definition: plane
shape: ellipse
centre: [np.float64(-71.65), np.float64(7.94), np.float64(-33.44)]
pos_ydir: []
dimensions: [10.0, 10.0]
thickness:2
channelnr: 2
number of holes: 0

[ simnibs 4.6.0 - 2026-08-03 11:02:19,117 - 80710 ]INFO: Using isotropic conductivities
[ simnibs 4.6.0 - 2026-08-03 11:02:22,340 - 80710 ]INFO: Simulating electrode pair 2101 - 2102
[ simnibs 4.6.0 - 2026-08-03 11:02:22,452 - 80710 ]INFO: Assembling FEM Matrix
[ simnibs 4.6.0 - 2026-08-03 11:02:32,780 - 80710 ]INFO: 10.33 s to assemble FEM matrix
[ simnibs 4.6.0 - 2026-08-03 11:02:32,800 - 80710 ]DEBUG: Solving FEM System
[ simnibs 4.6.0 - 2026-08-03 11:02:32,801 - 80710 ]INFO: Using solver options: hypre
[ simnibs 4.6.0 - 2026-08-03 11:02:36,649 - 80710 ]INFO: Time to set up KSP:   3.2978 s
[ simnibs 4.6.0 - 2026-08-03 11:02:50,292 - 80710 ]INFO: Time to solve:  13.6165 s
[ simnibs 4.6.0 - 2026-08-03 11:02:51,118 - 80710 ]INFO: Estimated current calibration error: 6.1%
[ simnibs 4.6.0 - 2026-08-03 11:02:56,441 - 80710 ]INFO: Creating visualizations
[ simnibs 4.6.0 - 2026-08-03 11:03:00,246 - 80710 ]SUMMARY: 
mida_headneck_TDCS_1
====================
Gray Matter

Field Percentiles
-----------------
Top percentiles of the field (or field magnitude for vector fields)
|Field |99.9%        |99.0%        |95.0%        |
|------|-------------|-------------|-------------|
|E     |2.59e-01 V/m |1.96e-01 V/m |1.63e-01 V/m |

Field Focality
---------------
Mesh volume or area with a field >= X% of the 99.9th percentile
|Field |75.0%        |50.0%        |
|------|-------------|-------------|
|E     |9.71e+02 mm³ |2.37e+04 mm³ |

[ simnibs 4.6.0 - 2026-08-03 11:03:00,316 - 80710 ]INFO: Finished Running Poslist Number: 1
[ simnibs 4.6.0 - 2026-08-03 11:03:00,316 - 80710 ]INFO: Result Files:
/Users/carl/CODELocalProjects/ear-emg-forward-model/results/leadfields/iso/cg05/mida_headneck_TDCS_1_scalar.msh
[ simnibs 4.6.0 - 2026-08-03 11:03:00,369 - 80710 ]INFO: =====================================
[ simnibs 4.6.0 - 2026-08-03 11:03:00,369 - 80710 ]INFO: SimNIBS finished running simulations
[ simnibs 4.6.0 - 2026-08-03 11:03:00,369 - 80710 ]INFO: Simulation Result Meshes:
[ simnibs 4.6.0 - 2026-08-03 11:03:00,369 - 80710 ]INFO: /Users/carl/CODELocalProjects/ear-emg-forward-model/results/leadfields/iso/cg05/mida_headneck_TDCS_1_scalar.msh
[ simnibs 4.6.0 - 2026-08-03 11:03:00,369 - 80710 ]INFO: =====================================
