[ simnibs 4.6.0 - 2026-08-02 22:02:12,944 - 37833 ]WARNING: Cannot locate subjects m2m folder
[ simnibs 4.6.0 - 2026-08-02 22:02:12,944 - 37833 ]WARNING: some postprocessing options might fail
[ simnibs 4.6.0 - 2026-08-02 22:02:12,944 - 37833 ]INFO: Head Mesh:          /Users/carl/CODELocalProjects/ear-emg-forward-model/data/val_sphere_fine.msh
[ simnibs 4.6.0 - 2026-08-02 22:02:12,944 - 37833 ]INFO: Subject Path:       None
[ simnibs 4.6.0 - 2026-08-02 22:02:12,944 - 37833 ]INFO: Simulation Folder:  /Users/carl/CODELocalProjects/ear-emg-forward-model/results/e10mm_fine/e06
[ simnibs 4.6.0 - 2026-08-02 22:02:12,969 - 37833 ]INFO: Running simulations in the directory: /Users/carl/CODELocalProjects/ear-emg-forward-model/results/e10mm_fine/e06
[ simnibs 4.6.0 - 2026-08-02 22:02:13,049 - 37833 ]INFO: Running Poslist Number: 1
[ simnibs 4.6.0 - 2026-08-02 22:02:13,049 - 37833 ]INFO: Began to run tDCS simulation
[ simnibs 4.6.0 - 2026-08-02 22:02:13,049 - 37833 ]INFO: Channels: [1, 2]
[ simnibs 4.6.0 - 2026-08-02 22:02:13,049 - 37833 ]INFO: Currents (A): [0.001, -0.001]
[ simnibs 4.6.0 - 2026-08-02 22:02:13,872 - 37833 ]INFO: Placing Electrode:
definition: plane
shape: ellipse
centre: [np.float64(-87.88681486516813), np.float64(-9.546839678954637), np.float64(16.875)]
pos_ydir: []
dimensions: [10.0, 10.0]
thickness:2
channelnr: 1
number of holes: 0

[ simnibs 4.6.0 - 2026-08-02 22:02:15,221 - 37833 ]INFO: Placing Electrode:
definition: plane
shape: ellipse
centre: [np.float64(0.0), np.float64(0.0), np.float64(-90.0)]
pos_ydir: []
dimensions: [10.0, 10.0]
thickness:2
channelnr: 2
number of holes: 0

[ simnibs 4.6.0 - 2026-08-02 22:02:17,443 - 37833 ]INFO: Using isotropic conductivities
[ simnibs 4.6.0 - 2026-08-02 22:02:17,482 - 37833 ]INFO: Simulating electrode pair 2101 - 2102
[ simnibs 4.6.0 - 2026-08-02 22:02:17,488 - 37833 ]INFO: Assembling FEM Matrix
[ simnibs 4.6.0 - 2026-08-02 22:02:18,028 - 37833 ]INFO: 0.54 s to assemble FEM matrix
[ simnibs 4.6.0 - 2026-08-02 22:02:18,029 - 37833 ]DEBUG: Solving FEM System
[ simnibs 4.6.0 - 2026-08-02 22:02:18,029 - 37833 ]INFO: Using solver options: hypre
[ simnibs 4.6.0 - 2026-08-02 22:02:18,220 - 37833 ]INFO: Time to set up KSP:   0.1581 s
[ simnibs 4.6.0 - 2026-08-02 22:02:18,542 - 37833 ]INFO: Time to solve:   0.3198 s
[ simnibs 4.6.0 - 2026-08-02 22:02:18,666 - 37833 ]WARNING: The current calibration error exceeded 10%! Estimated error value: 13.30%
[ simnibs 4.6.0 - 2026-08-02 22:02:18,971 - 37833 ]INFO: Creating visualizations
[ simnibs 4.6.0 - 2026-08-02 22:02:19,467 - 37833 ]SUMMARY: 
val_sphere_fine_TDCS_1
======================
Gray Matter

Field Percentiles
-----------------
Top percentiles of the field (or field magnitude for vector fields)
|Field |99.9%        |99.0%        |95.0%        |
|------|-------------|-------------|-------------|
|E     |2.64e-01 V/m |2.32e-01 V/m |2.04e-01 V/m |

Field Focality
---------------
Mesh volume or area with a field >= X% of the 99.9th percentile
|Field |75.0%        |50.0%        |
|------|-------------|-------------|
|E     |2.13e+04 mm³ |8.70e+04 mm³ |

[ simnibs 4.6.0 - 2026-08-02 22:02:19,511 - 37833 ]INFO: Finished Running Poslist Number: 1
[ simnibs 4.6.0 - 2026-08-02 22:02:19,511 - 37833 ]INFO: Result Files:
/Users/carl/CODELocalProjects/ear-emg-forward-model/results/e10mm_fine/e06/val_sphere_fine_TDCS_1_scalar.msh
[ simnibs 4.6.0 - 2026-08-02 22:02:19,546 - 37833 ]INFO: =====================================
[ simnibs 4.6.0 - 2026-08-02 22:02:19,547 - 37833 ]INFO: SimNIBS finished running simulations
[ simnibs 4.6.0 - 2026-08-02 22:02:19,547 - 37833 ]INFO: Simulation Result Meshes:
[ simnibs 4.6.0 - 2026-08-02 22:02:19,547 - 37833 ]INFO: /Users/carl/CODELocalProjects/ear-emg-forward-model/results/e10mm_fine/e06/val_sphere_fine_TDCS_1_scalar.msh
[ simnibs 4.6.0 - 2026-08-02 22:02:19,547 - 37833 ]INFO: =====================================
