[ simnibs 4.6.0 - 2026-08-02 22:32:59,147 - 65913 ]WARNING: Cannot locate subjects m2m folder
[ simnibs 4.6.0 - 2026-08-02 22:32:59,147 - 65913 ]WARNING: some postprocessing options might fail
[ simnibs 4.6.0 - 2026-08-02 22:32:59,147 - 65913 ]INFO: Head Mesh:          /Users/carl/CODELocalProjects/ear-emg-forward-model/data/val_sphere_medium.msh
[ simnibs 4.6.0 - 2026-08-02 22:32:59,147 - 65913 ]INFO: Subject Path:       None
[ simnibs 4.6.0 - 2026-08-02 22:32:59,147 - 65913 ]INFO: Simulation Folder:  /Users/carl/CODELocalProjects/ear-emg-forward-model/results/floor_draws/draw05/e08
[ simnibs 4.6.0 - 2026-08-02 22:32:59,171 - 65913 ]INFO: Running simulations in the directory: /Users/carl/CODELocalProjects/ear-emg-forward-model/results/floor_draws/draw05/e08
[ simnibs 4.6.0 - 2026-08-02 22:32:59,253 - 65913 ]INFO: Running Poslist Number: 1
[ simnibs 4.6.0 - 2026-08-02 22:32:59,253 - 65913 ]INFO: Began to run tDCS simulation
[ simnibs 4.6.0 - 2026-08-02 22:32:59,253 - 65913 ]INFO: Channels: [1, 2]
[ simnibs 4.6.0 - 2026-08-02 22:32:59,253 - 65913 ]INFO: Currents (A): [0.001, -0.001]
[ simnibs 4.6.0 - 2026-08-02 22:33:00,003 - 65913 ]INFO: Placing Electrode:
definition: plane
shape: ellipse
centre: [np.float64(6.465328917805794), np.float64(-89.73446614764558), np.float64(-2.4341543052230192)]
pos_ydir: []
dimensions: [10.0, 10.0]
thickness:2
channelnr: 1
number of holes: 0

[ simnibs 4.6.0 - 2026-08-02 22:33:01,291 - 65913 ]INFO: Placing Electrode:
definition: plane
shape: ellipse
centre: [np.float64(4.114319283267239), np.float64(-2.907680978695116), np.float64(-89.85887695804722)]
pos_ydir: []
dimensions: [10.0, 10.0]
thickness:2
channelnr: 2
number of holes: 0

[ simnibs 4.6.0 - 2026-08-02 22:33:03,434 - 65913 ]INFO: Using isotropic conductivities
[ simnibs 4.6.0 - 2026-08-02 22:33:03,472 - 65913 ]INFO: Simulating electrode pair 2101 - 2102
[ simnibs 4.6.0 - 2026-08-02 22:33:03,477 - 65913 ]INFO: Assembling FEM Matrix
[ simnibs 4.6.0 - 2026-08-02 22:33:04,001 - 65913 ]INFO: 0.52 s to assemble FEM matrix
[ simnibs 4.6.0 - 2026-08-02 22:33:04,002 - 65913 ]DEBUG: Solving FEM System
[ simnibs 4.6.0 - 2026-08-02 22:33:04,002 - 65913 ]INFO: Using solver options: hypre
[ simnibs 4.6.0 - 2026-08-02 22:33:04,190 - 65913 ]INFO: Time to set up KSP:   0.1588 s
[ simnibs 4.6.0 - 2026-08-02 22:33:04,494 - 65913 ]INFO: Time to solve:   0.3022 s
[ simnibs 4.6.0 - 2026-08-02 22:33:04,599 - 65913 ]INFO: Estimated current calibration error: 9.7%
[ simnibs 4.6.0 - 2026-08-02 22:33:04,893 - 65913 ]INFO: Creating visualizations
[ simnibs 4.6.0 - 2026-08-02 22:33:05,358 - 65913 ]SUMMARY: 
val_sphere_medium_TDCS_1
========================
Gray Matter

Field Percentiles
-----------------
Top percentiles of the field (or field magnitude for vector fields)
|Field |99.9%        |99.0%        |95.0%        |
|------|-------------|-------------|-------------|
|E     |2.49e-01 V/m |2.24e-01 V/m |2.01e-01 V/m |

Field Focality
---------------
Mesh volume or area with a field >= X% of the 99.9th percentile
|Field |75.0%        |50.0%        |
|------|-------------|-------------|
|E     |2.45e+04 mm³ |6.99e+04 mm³ |

[ simnibs 4.6.0 - 2026-08-02 22:33:05,393 - 65913 ]INFO: Finished Running Poslist Number: 1
[ simnibs 4.6.0 - 2026-08-02 22:33:05,393 - 65913 ]INFO: Result Files:
/Users/carl/CODELocalProjects/ear-emg-forward-model/results/floor_draws/draw05/e08/val_sphere_medium_TDCS_1_scalar.msh
[ simnibs 4.6.0 - 2026-08-02 22:33:05,423 - 65913 ]INFO: =====================================
[ simnibs 4.6.0 - 2026-08-02 22:33:05,423 - 65913 ]INFO: SimNIBS finished running simulations
[ simnibs 4.6.0 - 2026-08-02 22:33:05,423 - 65913 ]INFO: Simulation Result Meshes:
[ simnibs 4.6.0 - 2026-08-02 22:33:05,423 - 65913 ]INFO: /Users/carl/CODELocalProjects/ear-emg-forward-model/results/floor_draws/draw05/e08/val_sphere_medium_TDCS_1_scalar.msh
[ simnibs 4.6.0 - 2026-08-02 22:33:05,423 - 65913 ]INFO: =====================================
