[ simnibs 4.6.0 - 2026-08-02 22:15:19,294 - 30868 ]WARNING: Cannot locate subjects m2m folder
[ simnibs 4.6.0 - 2026-08-02 22:15:19,294 - 30868 ]WARNING: some postprocessing options might fail
[ simnibs 4.6.0 - 2026-08-02 22:15:19,294 - 30868 ]INFO: Head Mesh:          /Users/carl/CODELocalProjects/ear-emg-forward-model/data/mida_headneck.msh
[ simnibs 4.6.0 - 2026-08-02 22:15:19,294 - 30868 ]INFO: Subject Path:       None
[ simnibs 4.6.0 - 2026-08-02 22:15:19,294 - 30868 ]INFO: Simulation Folder:  /Users/carl/CODELocalProjects/ear-emg-forward-model/results/cavity/air__cg10
[ simnibs 4.6.0 - 2026-08-02 22:15:19,796 - 30868 ]INFO: Running simulations in the directory: /Users/carl/CODELocalProjects/ear-emg-forward-model/results/cavity/air__cg10
[ simnibs 4.6.0 - 2026-08-02 22:15:19,879 - 30868 ]INFO: Running Poslist Number: 1
[ simnibs 4.6.0 - 2026-08-02 22:15:19,879 - 30868 ]INFO: Began to run tDCS simulation
[ simnibs 4.6.0 - 2026-08-02 22:15:19,879 - 30868 ]INFO: Channels: [1, 2]
[ simnibs 4.6.0 - 2026-08-02 22:15:19,879 - 30868 ]INFO: Currents (A): [0.001, -0.001]
[ simnibs 4.6.0 - 2026-08-02 22:15:53,596 - 30868 ]INFO: Placing Electrode:
definition: plane
shape: ellipse
centre: [np.float64(65.18), np.float64(21.96), np.float64(-39.47)]
pos_ydir: []
dimensions: [10, 10]
thickness:2
channelnr: 1
number of holes: 0

[ simnibs 4.6.0 - 2026-08-02 22:16:00,288 - 30868 ]INFO: Placing Electrode:
definition: plane
shape: ellipse
centre: [np.float64(-71.65), np.float64(7.94), np.float64(-33.44)]
pos_ydir: []
dimensions: [10, 10]
thickness:2
channelnr: 2
number of holes: 0

[ simnibs 4.6.0 - 2026-08-02 22:16:42,705 - 30868 ]INFO: Using isotropic conductivities
[ simnibs 4.6.0 - 2026-08-02 22:16:45,749 - 30868 ]INFO: Simulating electrode pair 2101 - 2102
[ simnibs 4.6.0 - 2026-08-02 22:16:45,849 - 30868 ]INFO: Assembling FEM Matrix
[ simnibs 4.6.0 - 2026-08-02 22:16:55,992 - 30868 ]INFO: 10.14 s to assemble FEM matrix
[ simnibs 4.6.0 - 2026-08-02 22:16:56,007 - 30868 ]DEBUG: Solving FEM System
[ simnibs 4.6.0 - 2026-08-02 22:16:56,008 - 30868 ]INFO: Using solver options: hypre
[ simnibs 4.6.0 - 2026-08-02 22:16:59,659 - 30868 ]INFO: Time to set up KSP:   3.1122 s
[ simnibs 4.6.0 - 2026-08-02 22:17:12,797 - 30868 ]INFO: Time to solve:  13.1077 s
[ simnibs 4.6.0 - 2026-08-02 22:17:13,605 - 30868 ]WARNING: The current calibration error exceeded 10%! Estimated error value: 11.90%
[ simnibs 4.6.0 - 2026-08-02 22:17:18,929 - 30868 ]INFO: Creating visualizations
[ simnibs 4.6.0 - 2026-08-02 22:17:22,586 - 30868 ]SUMMARY: 
mida_headneck_TDCS_1
====================
Gray Matter

Field Percentiles
-----------------
Top percentiles of the field (or field magnitude for vector fields)
|Field |99.9%        |99.0%        |95.0%        |
|------|-------------|-------------|-------------|
|E     |2.41e-01 V/m |1.56e-01 V/m |1.16e-01 V/m |

Field Focality
---------------
Mesh volume or area with a field >= X% of the 99.9th percentile
|Field |75.0%        |50.0%        |
|------|-------------|-------------|
|E     |4.04e+02 mm³ |3.52e+03 mm³ |

[ simnibs 4.6.0 - 2026-08-02 22:17:22,640 - 30868 ]INFO: Finished Running Poslist Number: 1
[ simnibs 4.6.0 - 2026-08-02 22:17:22,640 - 30868 ]INFO: Result Files:
/Users/carl/CODELocalProjects/ear-emg-forward-model/results/cavity/air__cg10/mida_headneck_TDCS_1_scalar.msh
[ simnibs 4.6.0 - 2026-08-02 22:17:22,691 - 30868 ]INFO: =====================================
[ simnibs 4.6.0 - 2026-08-02 22:17:22,691 - 30868 ]INFO: SimNIBS finished running simulations
[ simnibs 4.6.0 - 2026-08-02 22:17:22,691 - 30868 ]INFO: Simulation Result Meshes:
[ simnibs 4.6.0 - 2026-08-02 22:17:22,691 - 30868 ]INFO: /Users/carl/CODELocalProjects/ear-emg-forward-model/results/cavity/air__cg10/mida_headneck_TDCS_1_scalar.msh
[ simnibs 4.6.0 - 2026-08-02 22:17:22,691 - 30868 ]INFO: =====================================
