[ simnibs 4.6.0 - 2026-08-02 20:13:21,874 - 82043 ]WARNING: Cannot locate subjects m2m folder
[ simnibs 4.6.0 - 2026-08-02 20:13:21,874 - 82043 ]WARNING: some postprocessing options might fail
[ simnibs 4.6.0 - 2026-08-02 20:13:21,874 - 82043 ]INFO: Head Mesh:          /Users/carl/CODELocalProjects/ear-emg-forward-model/data/mida_headneck.msh
[ simnibs 4.6.0 - 2026-08-02 20:13:21,874 - 82043 ]INFO: Subject Path:       None
[ simnibs 4.6.0 - 2026-08-02 20:13:21,874 - 82043 ]INFO: Simulation Folder:  /Users/carl/CODELocalProjects/ear-emg-forward-model/results/cavity/air__mastoid
[ simnibs 4.6.0 - 2026-08-02 20:13:22,317 - 82043 ]INFO: Running simulations in the directory: /Users/carl/CODELocalProjects/ear-emg-forward-model/results/cavity/air__mastoid
[ simnibs 4.6.0 - 2026-08-02 20:13:22,397 - 82043 ]INFO: Running Poslist Number: 1
[ simnibs 4.6.0 - 2026-08-02 20:13:22,397 - 82043 ]INFO: Began to run tDCS simulation
[ simnibs 4.6.0 - 2026-08-02 20:13:22,397 - 82043 ]INFO: Channels: [1, 2]
[ simnibs 4.6.0 - 2026-08-02 20:13:22,397 - 82043 ]INFO: Currents (A): [0.001, -0.001]
[ simnibs 4.6.0 - 2026-08-02 20:13:56,647 - 82043 ]INFO: Placing Electrode:
definition: plane
shape: ellipse
centre: [np.float64(69.41), np.float64(-12.38), np.float64(-22.98)]
pos_ydir: []
dimensions: [10, 10]
thickness:2
channelnr: 1
number of holes: 0

[ simnibs 4.6.0 - 2026-08-02 20:14:02,989 - 82043 ]INFO: Placing Electrode:
definition: plane
shape: ellipse
centre: [np.float64(-71.65), np.float64(7.94), np.float64(-33.44)]
pos_ydir: []
dimensions: [10, 10]
thickness:2
channelnr: 2
number of holes: 0

[ simnibs 4.6.0 - 2026-08-02 20:14:44,255 - 82043 ]INFO: Using isotropic conductivities
[ simnibs 4.6.0 - 2026-08-02 20:14:47,260 - 82043 ]INFO: Simulating electrode pair 2101 - 2102
[ simnibs 4.6.0 - 2026-08-02 20:14:47,363 - 82043 ]INFO: Assembling FEM Matrix
[ simnibs 4.6.0 - 2026-08-02 20:14:56,819 - 82043 ]INFO: 9.46 s to assemble FEM matrix
[ simnibs 4.6.0 - 2026-08-02 20:14:56,829 - 82043 ]DEBUG: Solving FEM System
[ simnibs 4.6.0 - 2026-08-02 20:14:56,830 - 82043 ]INFO: Using solver options: hypre
[ simnibs 4.6.0 - 2026-08-02 20:15:00,261 - 82043 ]INFO: Time to set up KSP:   2.9436 s
[ simnibs 4.6.0 - 2026-08-02 20:15:12,558 - 82043 ]INFO: Time to solve:  12.2723 s
[ simnibs 4.6.0 - 2026-08-02 20:15:13,259 - 82043 ]INFO: Estimated current calibration error: 4.3%
[ simnibs 4.6.0 - 2026-08-02 20:15:18,041 - 82043 ]INFO: Creating visualizations
[ simnibs 4.6.0 - 2026-08-02 20:15:21,473 - 82043 ]SUMMARY: 
mida_headneck_TDCS_1
====================
Gray Matter

Field Percentiles
-----------------
Top percentiles of the field (or field magnitude for vector fields)
|Field |99.9%        |99.0%        |95.0%        |
|------|-------------|-------------|-------------|
|E     |2.45e-01 V/m |1.79e-01 V/m |1.42e-01 V/m |

Field Focality
---------------
Mesh volume or area with a field >= X% of the 99.9th percentile
|Field |75.0%        |50.0%        |
|------|-------------|-------------|
|E     |7.32e+02 mm³ |1.21e+04 mm³ |

[ simnibs 4.6.0 - 2026-08-02 20:15:21,513 - 82043 ]INFO: Finished Running Poslist Number: 1
[ simnibs 4.6.0 - 2026-08-02 20:15:21,513 - 82043 ]INFO: Result Files:
/Users/carl/CODELocalProjects/ear-emg-forward-model/results/cavity/air__mastoid/mida_headneck_TDCS_1_scalar.msh
[ simnibs 4.6.0 - 2026-08-02 20:15:21,553 - 82043 ]INFO: =====================================
[ simnibs 4.6.0 - 2026-08-02 20:15:21,554 - 82043 ]INFO: SimNIBS finished running simulations
[ simnibs 4.6.0 - 2026-08-02 20:15:21,554 - 82043 ]INFO: Simulation Result Meshes:
[ simnibs 4.6.0 - 2026-08-02 20:15:21,554 - 82043 ]INFO: /Users/carl/CODELocalProjects/ear-emg-forward-model/results/cavity/air__mastoid/mida_headneck_TDCS_1_scalar.msh
[ simnibs 4.6.0 - 2026-08-02 20:15:21,554 - 82043 ]INFO: =====================================
