[ simnibs 4.6.0 - 2026-08-02 14:31:37,299 - 25435 ]WARNING: Cannot locate subjects m2m folder
[ simnibs 4.6.0 - 2026-08-02 14:31:37,299 - 25435 ]WARNING: some postprocessing options might fail
[ simnibs 4.6.0 - 2026-08-02 14:31:37,299 - 25435 ]INFO: Head Mesh:          /Users/carl/CODELocalProjects/ear-emg-forward-model/data/val_sphere_medium.msh
[ simnibs 4.6.0 - 2026-08-02 14:31:37,299 - 25435 ]INFO: Subject Path:       None
[ simnibs 4.6.0 - 2026-08-02 14:31:37,299 - 25435 ]INFO: Simulation Folder:  /Users/carl/CODELocalProjects/ear-emg-forward-model/results/convergence/medium/e15
[ simnibs 4.6.0 - 2026-08-02 14:31:37,326 - 25435 ]INFO: Running simulations in the directory: /Users/carl/CODELocalProjects/ear-emg-forward-model/results/convergence/medium/e15
[ simnibs 4.6.0 - 2026-08-02 14:31:37,403 - 25435 ]INFO: Running Poslist Number: 1
[ simnibs 4.6.0 - 2026-08-02 14:31:37,403 - 25435 ]INFO: Began to run tDCS simulation
[ simnibs 4.6.0 - 2026-08-02 14:31:37,403 - 25435 ]INFO: Channels: [1, 2]
[ simnibs 4.6.0 - 2026-08-02 14:31:37,403 - 25435 ]INFO: Currents (A): [0.001, -0.001]
[ simnibs 4.6.0 - 2026-08-02 14:31:38,080 - 25435 ]INFO: Placing Electrode:
definition: plane
shape: ellipse
centre: [np.float64(27.489499277199208), np.float64(15.006225524390334), np.float64(-84.375)]
pos_ydir: []
dimensions: [15, 15]
thickness:2
channelnr: 1
number of holes: 0

[ simnibs 4.6.0 - 2026-08-02 14:31:39,213 - 25435 ]INFO: Placing Electrode:
definition: plane
shape: ellipse
centre: [np.float64(0.0), np.float64(0.0), np.float64(-90.0)]
pos_ydir: []
dimensions: [15, 15]
thickness:2
channelnr: 2
number of holes: 0

[ simnibs 4.6.0 - 2026-08-02 14:31:41,199 - 25435 ]INFO: Using isotropic conductivities
[ simnibs 4.6.0 - 2026-08-02 14:31:41,235 - 25435 ]INFO: Simulating electrode pair 2101 - 2102
[ simnibs 4.6.0 - 2026-08-02 14:31:41,240 - 25435 ]INFO: Assembling FEM Matrix
[ simnibs 4.6.0 - 2026-08-02 14:31:41,736 - 25435 ]INFO: 0.50 s to assemble FEM matrix
[ simnibs 4.6.0 - 2026-08-02 14:31:41,737 - 25435 ]DEBUG: Solving FEM System
[ simnibs 4.6.0 - 2026-08-02 14:31:41,737 - 25435 ]INFO: Using solver options: hypre
[ simnibs 4.6.0 - 2026-08-02 14:31:41,914 - 25435 ]INFO: Time to set up KSP:   0.1493 s
[ simnibs 4.6.0 - 2026-08-02 14:31:42,200 - 25435 ]INFO: Time to solve:   0.2848 s
[ simnibs 4.6.0 - 2026-08-02 14:31:42,294 - 25435 ]INFO: Estimated current calibration error: 1.8%
[ simnibs 4.6.0 - 2026-08-02 14:31:42,577 - 25435 ]INFO: Creating visualizations
[ simnibs 4.6.0 - 2026-08-02 14:31:43,039 - 25435 ]SUMMARY: 
val_sphere_medium_TDCS_1
========================
Gray Matter

Field Percentiles
-----------------
Top percentiles of the field (or field magnitude for vector fields)
|Field |99.9%        |99.0%        |95.0%        |
|------|-------------|-------------|-------------|
|E     |2.96e-01 V/m |2.00e-01 V/m |8.94e-02 V/m |

Field Focality
---------------
Mesh volume or area with a field >= X% of the 99.9th percentile
|Field |75.0%        |50.0%        |
|------|-------------|-------------|
|E     |2.40e+03 mm³ |6.60e+03 mm³ |

[ simnibs 4.6.0 - 2026-08-02 14:31:43,070 - 25435 ]INFO: Finished Running Poslist Number: 1
[ simnibs 4.6.0 - 2026-08-02 14:31:43,071 - 25435 ]INFO: Result Files:
/Users/carl/CODELocalProjects/ear-emg-forward-model/results/convergence/medium/e15/val_sphere_medium_TDCS_1_scalar.msh
[ simnibs 4.6.0 - 2026-08-02 14:31:43,097 - 25435 ]INFO: =====================================
[ simnibs 4.6.0 - 2026-08-02 14:31:43,097 - 25435 ]INFO: SimNIBS finished running simulations
[ simnibs 4.6.0 - 2026-08-02 14:31:43,097 - 25435 ]INFO: Simulation Result Meshes:
[ simnibs 4.6.0 - 2026-08-02 14:31:43,097 - 25435 ]INFO: /Users/carl/CODELocalProjects/ear-emg-forward-model/results/convergence/medium/e15/val_sphere_medium_TDCS_1_scalar.msh
[ simnibs 4.6.0 - 2026-08-02 14:31:43,097 - 25435 ]INFO: =====================================
