[ simnibs 4.6.0 - 2026-08-02 21:59:27,155 - 35663 ]WARNING: Cannot locate subjects m2m folder
[ simnibs 4.6.0 - 2026-08-02 21:59:27,155 - 35663 ]WARNING: some postprocessing options might fail
[ simnibs 4.6.0 - 2026-08-02 21:59:27,155 - 35663 ]INFO: Head Mesh:          /Users/carl/CODELocalProjects/ear-emg-forward-model/data/val_sphere_medium.msh
[ simnibs 4.6.0 - 2026-08-02 21:59:27,156 - 35663 ]INFO: Subject Path:       None
[ simnibs 4.6.0 - 2026-08-02 21:59:27,156 - 35663 ]INFO: Simulation Folder:  /Users/carl/CODELocalProjects/ear-emg-forward-model/results/e10mm_medium/e02
[ simnibs 4.6.0 - 2026-08-02 21:59:27,180 - 35663 ]INFO: Running simulations in the directory: /Users/carl/CODELocalProjects/ear-emg-forward-model/results/e10mm_medium/e02
[ simnibs 4.6.0 - 2026-08-02 21:59:27,264 - 35663 ]INFO: Running Poslist Number: 1
[ simnibs 4.6.0 - 2026-08-02 21:59:27,264 - 35663 ]INFO: Began to run tDCS simulation
[ simnibs 4.6.0 - 2026-08-02 21:59:27,264 - 35663 ]INFO: Channels: [1, 2]
[ simnibs 4.6.0 - 2026-08-02 21:59:27,264 - 35663 ]INFO: Currents (A): [0.001, -0.001]
[ simnibs 4.6.0 - 2026-08-02 21:59:28,052 - 35663 ]INFO: Placing Electrode:
definition: plane
shape: ellipse
centre: [np.float64(62.75178058475586), np.float64(18.267413841117644), np.float64(61.875)]
pos_ydir: []
dimensions: [10.0, 10.0]
thickness:2
channelnr: 1
number of holes: 0

[ simnibs 4.6.0 - 2026-08-02 21:59:29,501 - 35663 ]INFO: Placing Electrode:
definition: plane
shape: ellipse
centre: [np.float64(0.0), np.float64(0.0), np.float64(-90.0)]
pos_ydir: []
dimensions: [10.0, 10.0]
thickness:2
channelnr: 2
number of holes: 0

[ simnibs 4.6.0 - 2026-08-02 21:59:31,916 - 35663 ]INFO: Using isotropic conductivities
[ simnibs 4.6.0 - 2026-08-02 21:59:31,955 - 35663 ]INFO: Simulating electrode pair 2101 - 2102
[ simnibs 4.6.0 - 2026-08-02 21:59:31,962 - 35663 ]INFO: Assembling FEM Matrix
[ simnibs 4.6.0 - 2026-08-02 21:59:32,485 - 35663 ]INFO: 0.52 s to assemble FEM matrix
[ simnibs 4.6.0 - 2026-08-02 21:59:32,485 - 35663 ]DEBUG: Solving FEM System
[ simnibs 4.6.0 - 2026-08-02 21:59:32,485 - 35663 ]INFO: Using solver options: hypre
[ simnibs 4.6.0 - 2026-08-02 21:59:32,677 - 35663 ]INFO: Time to set up KSP:   0.1612 s
[ simnibs 4.6.0 - 2026-08-02 21:59:32,991 - 35663 ]INFO: Time to solve:   0.3112 s
[ simnibs 4.6.0 - 2026-08-02 21:59:33,113 - 35663 ]WARNING: The current calibration error exceeded 10%! Estimated error value: 13.68%
[ simnibs 4.6.0 - 2026-08-02 21:59:33,430 - 35663 ]INFO: Creating visualizations
[ simnibs 4.6.0 - 2026-08-02 21:59:33,932 - 35663 ]SUMMARY: 
val_sphere_medium_TDCS_1
========================
Gray Matter

Field Percentiles
-----------------
Top percentiles of the field (or field magnitude for vector fields)
|Field |99.9%        |99.0%        |95.0%        |
|------|-------------|-------------|-------------|
|E     |2.59e-01 V/m |2.21e-01 V/m |1.91e-01 V/m |

Field Focality
---------------
Mesh volume or area with a field >= X% of the 99.9th percentile
|Field |75.0%        |50.0%        |
|------|-------------|-------------|
|E     |1.37e+04 mm³ |1.13e+05 mm³ |

[ simnibs 4.6.0 - 2026-08-02 21:59:33,968 - 35663 ]INFO: Finished Running Poslist Number: 1
[ simnibs 4.6.0 - 2026-08-02 21:59:33,968 - 35663 ]INFO: Result Files:
/Users/carl/CODELocalProjects/ear-emg-forward-model/results/e10mm_medium/e02/val_sphere_medium_TDCS_1_scalar.msh
[ simnibs 4.6.0 - 2026-08-02 21:59:34,002 - 35663 ]INFO: =====================================
[ simnibs 4.6.0 - 2026-08-02 21:59:34,002 - 35663 ]INFO: SimNIBS finished running simulations
[ simnibs 4.6.0 - 2026-08-02 21:59:34,002 - 35663 ]INFO: Simulation Result Meshes:
[ simnibs 4.6.0 - 2026-08-02 21:59:34,002 - 35663 ]INFO: /Users/carl/CODELocalProjects/ear-emg-forward-model/results/e10mm_medium/e02/val_sphere_medium_TDCS_1_scalar.msh
[ simnibs 4.6.0 - 2026-08-02 21:59:34,002 - 35663 ]INFO: =====================================
