[ simnibs 4.6.0 - 2026-08-02 16:03:54,766 - 55618 ]WARNING: Cannot locate subjects m2m folder
[ simnibs 4.6.0 - 2026-08-02 16:03:54,766 - 55618 ]WARNING: some postprocessing options might fail
[ simnibs 4.6.0 - 2026-08-02 16:03:54,766 - 55618 ]INFO: Head Mesh:          /Users/carl/CODELocalProjects/ear-emg-forward-model/data/mida_headneck.msh
[ simnibs 4.6.0 - 2026-08-02 16:03:54,766 - 55618 ]INFO: Subject Path:       None
[ simnibs 4.6.0 - 2026-08-02 16:03:54,766 - 55618 ]INFO: Simulation Folder:  /Users/carl/CODELocalProjects/ear-emg-forward-model/results/cond_bound/c2_all_high__above_ear
[ simnibs 4.6.0 - 2026-08-02 16:03:55,471 - 55618 ]INFO: Running simulations in the directory: /Users/carl/CODELocalProjects/ear-emg-forward-model/results/cond_bound/c2_all_high__above_ear
[ simnibs 4.6.0 - 2026-08-02 16:03:55,562 - 55618 ]INFO: Running Poslist Number: 1
[ simnibs 4.6.0 - 2026-08-02 16:03:55,563 - 55618 ]INFO: Began to run tDCS simulation
[ simnibs 4.6.0 - 2026-08-02 16:03:55,563 - 55618 ]INFO: Channels: [1, 2]
[ simnibs 4.6.0 - 2026-08-02 16:03:55,563 - 55618 ]INFO: Currents (A): [0.001, -0.001]
[ simnibs 4.6.0 - 2026-08-02 16:04:33,407 - 55618 ]INFO: Placing Electrode:
definition: plane
shape: ellipse
centre: [np.float64(78.76), np.float64(7.24), np.float64(13.61)]
pos_ydir: []
dimensions: [10.0, 10.0]
thickness:2
channelnr: 1
number of holes: 0

[ simnibs 4.6.0 - 2026-08-02 16:04:40,902 - 55618 ]INFO: Placing Electrode:
definition: plane
shape: ellipse
centre: [np.float64(-71.65), np.float64(7.94), np.float64(-33.44)]
pos_ydir: []
dimensions: [10.0, 10.0]
thickness:2
channelnr: 2
number of holes: 0

[ simnibs 4.6.0 - 2026-08-02 16:05:35,664 - 55618 ]INFO: Using isotropic conductivities
[ simnibs 4.6.0 - 2026-08-02 16:05:39,028 - 55618 ]INFO: Simulating electrode pair 2101 - 2102
[ simnibs 4.6.0 - 2026-08-02 16:05:39,141 - 55618 ]INFO: Assembling FEM Matrix
