[ simnibs 4.6.0 - 2026-08-02 22:20:24,191 - 30868 ]WARNING: Cannot locate subjects m2m folder
[ simnibs 4.6.0 - 2026-08-02 22:20:24,191 - 30868 ]WARNING: some postprocessing options might fail
[ simnibs 4.6.0 - 2026-08-02 22:20:24,191 - 30868 ]INFO: Head Mesh:          /Users/carl/CODELocalProjects/ear-emg-forward-model/data/mida_headneck.msh
[ simnibs 4.6.0 - 2026-08-02 22:20:24,191 - 30868 ]INFO: Subject Path:       None
[ simnibs 4.6.0 - 2026-08-02 22:20:24,191 - 30868 ]INFO: Simulation Folder:  /Users/carl/CODELocalProjects/ear-emg-forward-model/results/cavity/air__pre_tragus
[ simnibs 4.6.0 - 2026-08-02 22:20:24,661 - 30868 ]INFO: Running simulations in the directory: /Users/carl/CODELocalProjects/ear-emg-forward-model/results/cavity/air__pre_tragus
[ simnibs 4.6.0 - 2026-08-02 22:20:24,744 - 30868 ]INFO: Running Poslist Number: 1
[ simnibs 4.6.0 - 2026-08-02 22:20:24,744 - 30868 ]INFO: Began to run tDCS simulation
[ simnibs 4.6.0 - 2026-08-02 22:20:24,744 - 30868 ]INFO: Channels: [1, 2]
[ simnibs 4.6.0 - 2026-08-02 22:20:24,744 - 30868 ]INFO: Currents (A): [0.001, -0.001]
[ simnibs 4.6.0 - 2026-08-02 22:20:58,897 - 30868 ]INFO: Placing Electrode:
definition: plane
shape: ellipse
centre: [np.float64(69.37), np.float64(38.55), np.float64(-11.62)]
pos_ydir: []
dimensions: [10, 10]
thickness:2
channelnr: 1
number of holes: 0

[ simnibs 4.6.0 - 2026-08-02 22:21:05,954 - 30868 ]INFO: Placing Electrode:
definition: plane
shape: ellipse
centre: [np.float64(-71.65), np.float64(7.94), np.float64(-33.44)]
pos_ydir: []
dimensions: [10, 10]
thickness:2
channelnr: 2
number of holes: 0

[ simnibs 4.6.0 - 2026-08-02 22:21:50,850 - 30868 ]INFO: Using isotropic conductivities
[ simnibs 4.6.0 - 2026-08-02 22:21:54,127 - 30868 ]INFO: Simulating electrode pair 2101 - 2102
[ simnibs 4.6.0 - 2026-08-02 22:21:54,249 - 30868 ]INFO: Assembling FEM Matrix
[ simnibs 4.6.0 - 2026-08-02 22:22:04,264 - 30868 ]INFO: 10.01 s to assemble FEM matrix
[ simnibs 4.6.0 - 2026-08-02 22:22:04,277 - 30868 ]DEBUG: Solving FEM System
[ simnibs 4.6.0 - 2026-08-02 22:22:04,278 - 30868 ]INFO: Using solver options: hypre
[ simnibs 4.6.0 - 2026-08-02 22:22:07,888 - 30868 ]INFO: Time to set up KSP:   3.0614 s
[ simnibs 4.6.0 - 2026-08-02 22:22:20,787 - 30868 ]INFO: Time to solve:  12.8755 s
[ simnibs 4.6.0 - 2026-08-02 22:22:21,551 - 30868 ]INFO: Estimated current calibration error: 1.3%
[ simnibs 4.6.0 - 2026-08-02 22:22:26,628 - 30868 ]INFO: Creating visualizations
[ simnibs 4.6.0 - 2026-08-02 22:22:30,225 - 30868 ]SUMMARY: 
mida_headneck_TDCS_1
====================
Gray Matter

Field Percentiles
-----------------
Top percentiles of the field (or field magnitude for vector fields)
|Field |99.9%        |99.0%        |95.0%        |
|------|-------------|-------------|-------------|
|E     |1.90e-01 V/m |1.39e-01 V/m |1.10e-01 V/m |

Field Focality
---------------
Mesh volume or area with a field >= X% of the 99.9th percentile
|Field |75.0%        |50.0%        |
|------|-------------|-------------|
|E     |7.33e+02 mm³ |1.17e+04 mm³ |

[ simnibs 4.6.0 - 2026-08-02 22:22:30,275 - 30868 ]INFO: Finished Running Poslist Number: 1
[ simnibs 4.6.0 - 2026-08-02 22:22:30,275 - 30868 ]INFO: Result Files:
/Users/carl/CODELocalProjects/ear-emg-forward-model/results/cavity/air__pre_tragus/mida_headneck_TDCS_1_scalar.msh
[ simnibs 4.6.0 - 2026-08-02 22:22:30,323 - 30868 ]INFO: =====================================
[ simnibs 4.6.0 - 2026-08-02 22:22:30,324 - 30868 ]INFO: SimNIBS finished running simulations
[ simnibs 4.6.0 - 2026-08-02 22:22:30,324 - 30868 ]INFO: Simulation Result Meshes:
[ simnibs 4.6.0 - 2026-08-02 22:22:30,324 - 30868 ]INFO: /Users/carl/CODELocalProjects/ear-emg-forward-model/results/cavity/air__pre_tragus/mida_headneck_TDCS_1_scalar.msh
[ simnibs 4.6.0 - 2026-08-02 22:22:30,324 - 30868 ]INFO: =====================================
