[ simnibs 4.6.0 - 2026-08-02 22:33:05,660 - 65913 ]WARNING: Cannot locate subjects m2m folder
[ simnibs 4.6.0 - 2026-08-02 22:33:05,660 - 65913 ]WARNING: some postprocessing options might fail
[ simnibs 4.6.0 - 2026-08-02 22:33:05,660 - 65913 ]INFO: Head Mesh:          /Users/carl/CODELocalProjects/ear-emg-forward-model/data/val_sphere_medium.msh
[ simnibs 4.6.0 - 2026-08-02 22:33:05,660 - 65913 ]INFO: Subject Path:       None
[ simnibs 4.6.0 - 2026-08-02 22:33:05,660 - 65913 ]INFO: Simulation Folder:  /Users/carl/CODELocalProjects/ear-emg-forward-model/results/floor_draws/draw05/e09
[ simnibs 4.6.0 - 2026-08-02 22:33:05,683 - 65913 ]INFO: Running simulations in the directory: /Users/carl/CODELocalProjects/ear-emg-forward-model/results/floor_draws/draw05/e09
[ simnibs 4.6.0 - 2026-08-02 22:33:05,764 - 65913 ]INFO: Running Poslist Number: 1
[ simnibs 4.6.0 - 2026-08-02 22:33:05,764 - 65913 ]INFO: Began to run tDCS simulation
[ simnibs 4.6.0 - 2026-08-02 22:33:05,764 - 65913 ]INFO: Channels: [1, 2]
[ simnibs 4.6.0 - 2026-08-02 22:33:05,764 - 65913 ]INFO: Currents (A): [0.001, -0.001]
[ simnibs 4.6.0 - 2026-08-02 22:33:06,494 - 65913 ]INFO: Placing Electrode:
definition: plane
shape: ellipse
centre: [np.float64(-63.244446688406754), np.float64(60.22664085746554), np.float64(-21.74607307315828)]
pos_ydir: []
dimensions: [10.0, 10.0]
thickness:2
channelnr: 1
number of holes: 0

[ simnibs 4.6.0 - 2026-08-02 22:33:07,770 - 65913 ]INFO: Placing Electrode:
definition: plane
shape: ellipse
centre: [np.float64(4.114319283267239), np.float64(-2.907680978695116), np.float64(-89.85887695804722)]
pos_ydir: []
dimensions: [10.0, 10.0]
thickness:2
channelnr: 2
number of holes: 0

[ simnibs 4.6.0 - 2026-08-02 22:33:09,907 - 65913 ]INFO: Using isotropic conductivities
[ simnibs 4.6.0 - 2026-08-02 22:33:09,947 - 65913 ]INFO: Simulating electrode pair 2101 - 2102
[ simnibs 4.6.0 - 2026-08-02 22:33:09,952 - 65913 ]INFO: Assembling FEM Matrix
[ simnibs 4.6.0 - 2026-08-02 22:33:10,479 - 65913 ]INFO: 0.53 s to assemble FEM matrix
[ simnibs 4.6.0 - 2026-08-02 22:33:10,480 - 65913 ]DEBUG: Solving FEM System
[ simnibs 4.6.0 - 2026-08-02 22:33:10,480 - 65913 ]INFO: Using solver options: hypre
[ simnibs 4.6.0 - 2026-08-02 22:33:10,670 - 65913 ]INFO: Time to set up KSP:   0.1584 s
[ simnibs 4.6.0 - 2026-08-02 22:33:10,970 - 65913 ]INFO: Time to solve:   0.2979 s
[ simnibs 4.6.0 - 2026-08-02 22:33:11,071 - 65913 ]WARNING: The current calibration error exceeded 10%! Estimated error value: 11.74%
[ simnibs 4.6.0 - 2026-08-02 22:33:11,356 - 65913 ]INFO: Creating visualizations
[ simnibs 4.6.0 - 2026-08-02 22:33:11,828 - 65913 ]SUMMARY: 
val_sphere_medium_TDCS_1
========================
Gray Matter

Field Percentiles
-----------------
Top percentiles of the field (or field magnitude for vector fields)
|Field |99.9%        |99.0%        |95.0%        |
|------|-------------|-------------|-------------|
|E     |2.56e-01 V/m |2.32e-01 V/m |2.08e-01 V/m |

Field Focality
---------------
Mesh volume or area with a field >= X% of the 99.9th percentile
|Field |75.0%        |50.0%        |
|------|-------------|-------------|
|E     |2.30e+04 mm³ |6.15e+04 mm³ |

[ simnibs 4.6.0 - 2026-08-02 22:33:11,866 - 65913 ]INFO: Finished Running Poslist Number: 1
[ simnibs 4.6.0 - 2026-08-02 22:33:11,866 - 65913 ]INFO: Result Files:
/Users/carl/CODELocalProjects/ear-emg-forward-model/results/floor_draws/draw05/e09/val_sphere_medium_TDCS_1_scalar.msh
[ simnibs 4.6.0 - 2026-08-02 22:33:11,897 - 65913 ]INFO: =====================================
[ simnibs 4.6.0 - 2026-08-02 22:33:11,897 - 65913 ]INFO: SimNIBS finished running simulations
[ simnibs 4.6.0 - 2026-08-02 22:33:11,897 - 65913 ]INFO: Simulation Result Meshes:
[ simnibs 4.6.0 - 2026-08-02 22:33:11,897 - 65913 ]INFO: /Users/carl/CODELocalProjects/ear-emg-forward-model/results/floor_draws/draw05/e09/val_sphere_medium_TDCS_1_scalar.msh
[ simnibs 4.6.0 - 2026-08-02 22:33:11,897 - 65913 ]INFO: =====================================
