[ simnibs 4.6.0 - 2026-08-02 22:29:11,795 - 65913 ]WARNING: Cannot locate subjects m2m folder
[ simnibs 4.6.0 - 2026-08-02 22:29:11,795 - 65913 ]WARNING: some postprocessing options might fail
[ simnibs 4.6.0 - 2026-08-02 22:29:11,795 - 65913 ]INFO: Head Mesh:          /Users/carl/CODELocalProjects/ear-emg-forward-model/data/val_sphere_medium.msh
[ simnibs 4.6.0 - 2026-08-02 22:29:11,795 - 65913 ]INFO: Subject Path:       None
[ simnibs 4.6.0 - 2026-08-02 22:29:11,795 - 65913 ]INFO: Simulation Folder:  /Users/carl/CODELocalProjects/ear-emg-forward-model/results/floor_draws/draw03/e07
[ simnibs 4.6.0 - 2026-08-02 22:29:11,824 - 65913 ]INFO: Running simulations in the directory: /Users/carl/CODELocalProjects/ear-emg-forward-model/results/floor_draws/draw03/e07
[ simnibs 4.6.0 - 2026-08-02 22:29:11,925 - 65913 ]INFO: Running Poslist Number: 1
[ simnibs 4.6.0 - 2026-08-02 22:29:11,925 - 65913 ]INFO: Began to run tDCS simulation
[ simnibs 4.6.0 - 2026-08-02 22:29:11,925 - 65913 ]INFO: Channels: [1, 2]
[ simnibs 4.6.0 - 2026-08-02 22:29:11,925 - 65913 ]INFO: Currents (A): [0.001, -0.001]
[ simnibs 4.6.0 - 2026-08-02 22:29:12,828 - 65913 ]INFO: Placing Electrode:
definition: plane
shape: ellipse
centre: [np.float64(58.6803844962266), np.float64(67.87622848716578), np.float64(7.030653009007997)]
pos_ydir: []
dimensions: [10.0, 10.0]
thickness:2
channelnr: 1
number of holes: 0

[ simnibs 4.6.0 - 2026-08-02 22:29:14,682 - 65913 ]INFO: Placing Electrode:
definition: plane
shape: ellipse
centre: [np.float64(-4.803807650303908), np.float64(5.982866214438122), np.float64(-89.67234101950844)]
pos_ydir: []
dimensions: [10.0, 10.0]
thickness:2
channelnr: 2
number of holes: 0

[ simnibs 4.6.0 - 2026-08-02 22:29:17,593 - 65913 ]INFO: Using isotropic conductivities
[ simnibs 4.6.0 - 2026-08-02 22:29:17,637 - 65913 ]INFO: Simulating electrode pair 2101 - 2102
[ simnibs 4.6.0 - 2026-08-02 22:29:17,644 - 65913 ]INFO: Assembling FEM Matrix
[ simnibs 4.6.0 - 2026-08-02 22:29:18,229 - 65913 ]INFO: 0.59 s to assemble FEM matrix
[ simnibs 4.6.0 - 2026-08-02 22:29:18,230 - 65913 ]DEBUG: Solving FEM System
[ simnibs 4.6.0 - 2026-08-02 22:29:18,230 - 65913 ]INFO: Using solver options: hypre
[ simnibs 4.6.0 - 2026-08-02 22:29:18,438 - 65913 ]INFO: Time to set up KSP:   0.1721 s
[ simnibs 4.6.0 - 2026-08-02 22:29:18,753 - 65913 ]INFO: Time to solve:   0.3131 s
[ simnibs 4.6.0 - 2026-08-02 22:29:18,889 - 65913 ]INFO: Estimated current calibration error: 8.7%
[ simnibs 4.6.0 - 2026-08-02 22:29:19,212 - 65913 ]INFO: Creating visualizations
[ simnibs 4.6.0 - 2026-08-02 22:29:19,744 - 65913 ]SUMMARY: 
val_sphere_medium_TDCS_1
========================
Gray Matter

Field Percentiles
-----------------
Top percentiles of the field (or field magnitude for vector fields)
|Field |99.9%        |99.0%        |95.0%        |
|------|-------------|-------------|-------------|
|E     |2.64e-01 V/m |2.35e-01 V/m |2.09e-01 V/m |

Field Focality
---------------
Mesh volume or area with a field >= X% of the 99.9th percentile
|Field |75.0%        |50.0%        |
|------|-------------|-------------|
|E     |2.52e+04 mm³ |7.89e+04 mm³ |

[ simnibs 4.6.0 - 2026-08-02 22:29:19,796 - 65913 ]INFO: Finished Running Poslist Number: 1
[ simnibs 4.6.0 - 2026-08-02 22:29:19,796 - 65913 ]INFO: Result Files:
/Users/carl/CODELocalProjects/ear-emg-forward-model/results/floor_draws/draw03/e07/val_sphere_medium_TDCS_1_scalar.msh
[ simnibs 4.6.0 - 2026-08-02 22:29:19,835 - 65913 ]INFO: =====================================
[ simnibs 4.6.0 - 2026-08-02 22:29:19,835 - 65913 ]INFO: SimNIBS finished running simulations
[ simnibs 4.6.0 - 2026-08-02 22:29:19,835 - 65913 ]INFO: Simulation Result Meshes:
[ simnibs 4.6.0 - 2026-08-02 22:29:19,835 - 65913 ]INFO: /Users/carl/CODELocalProjects/ear-emg-forward-model/results/floor_draws/draw03/e07/val_sphere_medium_TDCS_1_scalar.msh
[ simnibs 4.6.0 - 2026-08-02 22:29:19,835 - 65913 ]INFO: =====================================
