[ simnibs 4.6.0 - 2026-08-03 11:11:49,396 - 80710 ]WARNING: Cannot locate subjects m2m folder
[ simnibs 4.6.0 - 2026-08-03 11:11:49,397 - 80710 ]WARNING: some postprocessing options might fail
[ simnibs 4.6.0 - 2026-08-03 11:11:49,397 - 80710 ]INFO: Head Mesh:          /Users/carl/CODELocalProjects/ear-emg-forward-model/data/mida_headneck.msh
[ simnibs 4.6.0 - 2026-08-03 11:11:49,397 - 80710 ]INFO: Subject Path:       None
[ simnibs 4.6.0 - 2026-08-03 11:11:49,397 - 80710 ]INFO: Simulation Folder:  /Users/carl/CODELocalProjects/ear-emg-forward-model/results/leadfields/iso/cg07
[ simnibs 4.6.0 - 2026-08-03 11:11:49,887 - 80710 ]INFO: Running simulations in the directory: /Users/carl/CODELocalProjects/ear-emg-forward-model/results/leadfields/iso/cg07
[ simnibs 4.6.0 - 2026-08-03 11:11:49,969 - 80710 ]INFO: Running Poslist Number: 1
[ simnibs 4.6.0 - 2026-08-03 11:11:49,970 - 80710 ]INFO: Began to run tDCS simulation
[ simnibs 4.6.0 - 2026-08-03 11:11:49,970 - 80710 ]INFO: Channels: [1, 2]
[ simnibs 4.6.0 - 2026-08-03 11:11:49,970 - 80710 ]INFO: Currents (A): [0.001, -0.001]
[ simnibs 4.6.0 - 2026-08-03 11:12:27,655 - 80710 ]INFO: Placing Electrode:
definition: plane
shape: ellipse
centre: [np.float64(62.85), np.float64(-17.99), np.float64(-32.09)]
pos_ydir: []
dimensions: [10.0, 10.0]
thickness:2
channelnr: 1
number of holes: 0

[ simnibs 4.6.0 - 2026-08-03 11:12:34,798 - 80710 ]INFO: Placing Electrode:
definition: plane
shape: ellipse
centre: [np.float64(-71.65), np.float64(7.94), np.float64(-33.44)]
pos_ydir: []
dimensions: [10.0, 10.0]
thickness:2
channelnr: 2
number of holes: 0

[ simnibs 4.6.0 - 2026-08-03 11:13:23,504 - 80710 ]INFO: Using isotropic conductivities
[ simnibs 4.6.0 - 2026-08-03 11:13:26,856 - 80710 ]INFO: Simulating electrode pair 2101 - 2102
[ simnibs 4.6.0 - 2026-08-03 11:13:26,962 - 80710 ]INFO: Assembling FEM Matrix
[ simnibs 4.6.0 - 2026-08-03 11:13:37,304 - 80710 ]INFO: 10.34 s to assemble FEM matrix
[ simnibs 4.6.0 - 2026-08-03 11:13:37,324 - 80710 ]DEBUG: Solving FEM System
[ simnibs 4.6.0 - 2026-08-03 11:13:37,324 - 80710 ]INFO: Using solver options: hypre
[ simnibs 4.6.0 - 2026-08-03 11:13:41,090 - 80710 ]INFO: Time to set up KSP:   3.2202 s
[ simnibs 4.6.0 - 2026-08-03 11:13:54,436 - 80710 ]INFO: Time to solve:  13.3176 s
[ simnibs 4.6.0 - 2026-08-03 11:13:55,238 - 80710 ]INFO: Estimated current calibration error: 8.9%
[ simnibs 4.6.0 - 2026-08-03 11:14:00,484 - 80710 ]INFO: Creating visualizations
[ simnibs 4.6.0 - 2026-08-03 11:14:04,181 - 80710 ]SUMMARY: 
mida_headneck_TDCS_1
====================
Gray Matter

Field Percentiles
-----------------
Top percentiles of the field (or field magnitude for vector fields)
|Field |99.9%        |99.0%        |95.0%        |
|------|-------------|-------------|-------------|
|E     |2.57e-01 V/m |1.82e-01 V/m |1.45e-01 V/m |

Field Focality
---------------
Mesh volume or area with a field >= X% of the 99.9th percentile
|Field |75.0%        |50.0%        |
|------|-------------|-------------|
|E     |6.11e+02 mm³ |9.70e+03 mm³ |

[ simnibs 4.6.0 - 2026-08-03 11:14:04,238 - 80710 ]INFO: Finished Running Poslist Number: 1
[ simnibs 4.6.0 - 2026-08-03 11:14:04,238 - 80710 ]INFO: Result Files:
/Users/carl/CODELocalProjects/ear-emg-forward-model/results/leadfields/iso/cg07/mida_headneck_TDCS_1_scalar.msh
[ simnibs 4.6.0 - 2026-08-03 11:14:04,285 - 80710 ]INFO: =====================================
[ simnibs 4.6.0 - 2026-08-03 11:14:04,286 - 80710 ]INFO: SimNIBS finished running simulations
[ simnibs 4.6.0 - 2026-08-03 11:14:04,286 - 80710 ]INFO: Simulation Result Meshes:
[ simnibs 4.6.0 - 2026-08-03 11:14:04,286 - 80710 ]INFO: /Users/carl/CODELocalProjects/ear-emg-forward-model/results/leadfields/iso/cg07/mida_headneck_TDCS_1_scalar.msh
[ simnibs 4.6.0 - 2026-08-03 11:14:04,286 - 80710 ]INFO: =====================================
