[ simnibs 4.6.0 - 2026-08-03 12:06:28,588 - 80710 ]WARNING: Cannot locate subjects m2m folder
[ simnibs 4.6.0 - 2026-08-03 12:06:28,588 - 80710 ]WARNING: some postprocessing options might fail
[ simnibs 4.6.0 - 2026-08-03 12:06:28,588 - 80710 ]INFO: Head Mesh:          /Users/carl/CODELocalProjects/ear-emg-forward-model/data/mida_headneck.msh
[ simnibs 4.6.0 - 2026-08-03 12:06:28,588 - 80710 ]INFO: Subject Path:       None
[ simnibs 4.6.0 - 2026-08-03 12:06:28,588 - 80710 ]INFO: Simulation Folder:  /Users/carl/CODELocalProjects/ear-emg-forward-model/results/leadfields/iso/pre_tragus
[ simnibs 4.6.0 - 2026-08-03 12:06:29,075 - 80710 ]INFO: Running simulations in the directory: /Users/carl/CODELocalProjects/ear-emg-forward-model/results/leadfields/iso/pre_tragus
[ simnibs 4.6.0 - 2026-08-03 12:06:29,165 - 80710 ]INFO: Running Poslist Number: 1
[ simnibs 4.6.0 - 2026-08-03 12:06:29,165 - 80710 ]INFO: Began to run tDCS simulation
[ simnibs 4.6.0 - 2026-08-03 12:06:29,165 - 80710 ]INFO: Channels: [1, 2]
[ simnibs 4.6.0 - 2026-08-03 12:06:29,165 - 80710 ]INFO: Currents (A): [0.001, -0.001]
[ simnibs 4.6.0 - 2026-08-03 12:07:06,730 - 80710 ]INFO: Placing Electrode:
definition: plane
shape: ellipse
centre: [np.float64(69.37), np.float64(38.55), np.float64(-11.62)]
pos_ydir: []
dimensions: [10.0, 10.0]
thickness:2
channelnr: 1
number of holes: 0

[ simnibs 4.6.0 - 2026-08-03 12:07:13,733 - 80710 ]INFO: Placing Electrode:
definition: plane
shape: ellipse
centre: [np.float64(-71.65), np.float64(7.94), np.float64(-33.44)]
pos_ydir: []
dimensions: [10.0, 10.0]
thickness:2
channelnr: 2
number of holes: 0

[ simnibs 4.6.0 - 2026-08-03 12:08:02,972 - 80710 ]INFO: Using isotropic conductivities
[ simnibs 4.6.0 - 2026-08-03 12:08:06,455 - 80710 ]INFO: Simulating electrode pair 2101 - 2102
[ simnibs 4.6.0 - 2026-08-03 12:08:06,561 - 80710 ]INFO: Assembling FEM Matrix
[ simnibs 4.6.0 - 2026-08-03 12:08:16,898 - 80710 ]INFO: 10.34 s to assemble FEM matrix
[ simnibs 4.6.0 - 2026-08-03 12:08:16,914 - 80710 ]DEBUG: Solving FEM System
[ simnibs 4.6.0 - 2026-08-03 12:08:16,915 - 80710 ]INFO: Using solver options: hypre
[ simnibs 4.6.0 - 2026-08-03 12:08:20,767 - 80710 ]INFO: Time to set up KSP:   3.2948 s
[ simnibs 4.6.0 - 2026-08-03 12:08:34,209 - 80710 ]INFO: Time to solve:  13.4159 s
[ simnibs 4.6.0 - 2026-08-03 12:08:35,042 - 80710 ]INFO: Estimated current calibration error: 1.3%
[ simnibs 4.6.0 - 2026-08-03 12:08:40,383 - 80710 ]INFO: Creating visualizations
[ simnibs 4.6.0 - 2026-08-03 12:08:44,240 - 80710 ]SUMMARY: 
mida_headneck_TDCS_1
====================
Gray Matter

Field Percentiles
-----------------
Top percentiles of the field (or field magnitude for vector fields)
|Field |99.9%        |99.0%        |95.0%        |
|------|-------------|-------------|-------------|
|E     |1.90e-01 V/m |1.39e-01 V/m |1.10e-01 V/m |

Field Focality
---------------
Mesh volume or area with a field >= X% of the 99.9th percentile
|Field |75.0%        |50.0%        |
|------|-------------|-------------|
|E     |7.33e+02 mm³ |1.17e+04 mm³ |

[ simnibs 4.6.0 - 2026-08-03 12:08:44,304 - 80710 ]INFO: Finished Running Poslist Number: 1
[ simnibs 4.6.0 - 2026-08-03 12:08:44,304 - 80710 ]INFO: Result Files:
/Users/carl/CODELocalProjects/ear-emg-forward-model/results/leadfields/iso/pre_tragus/mida_headneck_TDCS_1_scalar.msh
[ simnibs 4.6.0 - 2026-08-03 12:08:44,368 - 80710 ]INFO: =====================================
[ simnibs 4.6.0 - 2026-08-03 12:08:44,369 - 80710 ]INFO: SimNIBS finished running simulations
[ simnibs 4.6.0 - 2026-08-03 12:08:44,369 - 80710 ]INFO: Simulation Result Meshes:
[ simnibs 4.6.0 - 2026-08-03 12:08:44,369 - 80710 ]INFO: /Users/carl/CODELocalProjects/ear-emg-forward-model/results/leadfields/iso/pre_tragus/mida_headneck_TDCS_1_scalar.msh
[ simnibs 4.6.0 - 2026-08-03 12:08:44,369 - 80710 ]INFO: =====================================
