[ simnibs 4.6.0 - 2026-08-02 22:27:15,282 - 65913 ]WARNING: Cannot locate subjects m2m folder
[ simnibs 4.6.0 - 2026-08-02 22:27:15,282 - 65913 ]WARNING: some postprocessing options might fail
[ simnibs 4.6.0 - 2026-08-02 22:27:15,282 - 65913 ]INFO: Head Mesh:          /Users/carl/CODELocalProjects/ear-emg-forward-model/data/val_sphere_medium.msh
[ simnibs 4.6.0 - 2026-08-02 22:27:15,282 - 65913 ]INFO: Subject Path:       None
[ simnibs 4.6.0 - 2026-08-02 22:27:15,282 - 65913 ]INFO: Simulation Folder:  /Users/carl/CODELocalProjects/ear-emg-forward-model/results/floor_draws/draw02/e06
[ simnibs 4.6.0 - 2026-08-02 22:27:15,309 - 65913 ]INFO: Running simulations in the directory: /Users/carl/CODELocalProjects/ear-emg-forward-model/results/floor_draws/draw02/e06
[ simnibs 4.6.0 - 2026-08-02 22:27:15,390 - 65913 ]INFO: Running Poslist Number: 1
[ simnibs 4.6.0 - 2026-08-02 22:27:15,390 - 65913 ]INFO: Began to run tDCS simulation
[ simnibs 4.6.0 - 2026-08-02 22:27:15,390 - 65913 ]INFO: Channels: [1, 2]
[ simnibs 4.6.0 - 2026-08-02 22:27:15,390 - 65913 ]INFO: Currents (A): [0.001, -0.001]
[ simnibs 4.6.0 - 2026-08-02 22:27:16,110 - 65913 ]INFO: Placing Electrode:
definition: plane
shape: ellipse
centre: [np.float64(-86.63185282250437), np.float64(-10.842260608441691), np.float64(21.84874050005115)]
pos_ydir: []
dimensions: [10.0, 10.0]
thickness:2
channelnr: 1
number of holes: 0

[ simnibs 4.6.0 - 2026-08-02 22:27:17,502 - 65913 ]INFO: Placing Electrode:
definition: plane
shape: ellipse
centre: [np.float64(-4.419173446097904), np.float64(-5.427003277901815), np.float64(-89.72746815482395)]
pos_ydir: []
dimensions: [10.0, 10.0]
thickness:2
channelnr: 2
number of holes: 0

[ simnibs 4.6.0 - 2026-08-02 22:27:19,798 - 65913 ]INFO: Using isotropic conductivities
[ simnibs 4.6.0 - 2026-08-02 22:27:19,846 - 65913 ]INFO: Simulating electrode pair 2101 - 2102
[ simnibs 4.6.0 - 2026-08-02 22:27:19,852 - 65913 ]INFO: Assembling FEM Matrix
[ simnibs 4.6.0 - 2026-08-02 22:27:20,421 - 65913 ]INFO: 0.57 s to assemble FEM matrix
[ simnibs 4.6.0 - 2026-08-02 22:27:20,422 - 65913 ]DEBUG: Solving FEM System
[ simnibs 4.6.0 - 2026-08-02 22:27:20,422 - 65913 ]INFO: Using solver options: hypre
[ simnibs 4.6.0 - 2026-08-02 22:27:20,606 - 65913 ]INFO: Time to set up KSP:   0.1532 s
[ simnibs 4.6.0 - 2026-08-02 22:27:20,906 - 65913 ]INFO: Time to solve:   0.2981 s
[ simnibs 4.6.0 - 2026-08-02 22:27:21,012 - 65913 ]WARNING: The current calibration error exceeded 10%! Estimated error value: 12.66%
[ simnibs 4.6.0 - 2026-08-02 22:27:21,310 - 65913 ]INFO: Creating visualizations
[ simnibs 4.6.0 - 2026-08-02 22:27:21,790 - 65913 ]SUMMARY: 
val_sphere_medium_TDCS_1
========================
Gray Matter

Field Percentiles
-----------------
Top percentiles of the field (or field magnitude for vector fields)
|Field |99.9%        |99.0%        |95.0%        |
|------|-------------|-------------|-------------|
|E     |2.73e-01 V/m |2.41e-01 V/m |2.11e-01 V/m |

Field Focality
---------------
Mesh volume or area with a field >= X% of the 99.9th percentile
|Field |75.0%        |50.0%        |
|------|-------------|-------------|
|E     |2.19e+04 mm³ |8.75e+04 mm³ |

[ simnibs 4.6.0 - 2026-08-02 22:27:21,834 - 65913 ]INFO: Finished Running Poslist Number: 1
[ simnibs 4.6.0 - 2026-08-02 22:27:21,835 - 65913 ]INFO: Result Files:
/Users/carl/CODELocalProjects/ear-emg-forward-model/results/floor_draws/draw02/e06/val_sphere_medium_TDCS_1_scalar.msh
[ simnibs 4.6.0 - 2026-08-02 22:27:21,868 - 65913 ]INFO: =====================================
[ simnibs 4.6.0 - 2026-08-02 22:27:21,868 - 65913 ]INFO: SimNIBS finished running simulations
[ simnibs 4.6.0 - 2026-08-02 22:27:21,868 - 65913 ]INFO: Simulation Result Meshes:
[ simnibs 4.6.0 - 2026-08-02 22:27:21,868 - 65913 ]INFO: /Users/carl/CODELocalProjects/ear-emg-forward-model/results/floor_draws/draw02/e06/val_sphere_medium_TDCS_1_scalar.msh
[ simnibs 4.6.0 - 2026-08-02 22:27:21,868 - 65913 ]INFO: =====================================
