[ simnibs 4.6.0 - 2026-08-02 20:20:42,462 - 82043 ]WARNING: Cannot locate subjects m2m folder
[ simnibs 4.6.0 - 2026-08-02 20:20:42,462 - 82043 ]WARNING: some postprocessing options might fail
[ simnibs 4.6.0 - 2026-08-02 20:20:42,462 - 82043 ]INFO: Head Mesh:          /Users/carl/CODELocalProjects/ear-emg-forward-model/data/mida_headneck.msh
[ simnibs 4.6.0 - 2026-08-02 20:20:42,462 - 82043 ]INFO: Subject Path:       None
[ simnibs 4.6.0 - 2026-08-02 20:20:42,462 - 82043 ]INFO: Simulation Folder:  /Users/carl/CODELocalProjects/ear-emg-forward-model/results/cavity/filled__submental_mid
[ simnibs 4.6.0 - 2026-08-02 20:20:42,857 - 82043 ]INFO: Running simulations in the directory: /Users/carl/CODELocalProjects/ear-emg-forward-model/results/cavity/filled__submental_mid
[ simnibs 4.6.0 - 2026-08-02 20:20:42,934 - 82043 ]INFO: Running Poslist Number: 1
[ simnibs 4.6.0 - 2026-08-02 20:20:42,934 - 82043 ]INFO: Began to run tDCS simulation
[ simnibs 4.6.0 - 2026-08-02 20:20:42,934 - 82043 ]INFO: Channels: [1, 2]
[ simnibs 4.6.0 - 2026-08-02 20:20:42,934 - 82043 ]INFO: Currents (A): [0.001, -0.001]
[ simnibs 4.6.0 - 2026-08-02 20:21:13,233 - 82043 ]INFO: Placing Electrode:
definition: plane
shape: ellipse
centre: [np.float64(-8.14), np.float64(81.92), np.float64(-106.54)]
pos_ydir: []
dimensions: [10, 10]
thickness:2
channelnr: 1
number of holes: 0

[ simnibs 4.6.0 - 2026-08-02 20:21:19,619 - 82043 ]INFO: Placing Electrode:
definition: plane
shape: ellipse
centre: [np.float64(-71.65), np.float64(7.94), np.float64(-33.44)]
pos_ydir: []
dimensions: [10, 10]
thickness:2
channelnr: 2
number of holes: 0

[ simnibs 4.6.0 - 2026-08-02 20:21:59,067 - 82043 ]INFO: Using isotropic conductivities
[ simnibs 4.6.0 - 2026-08-02 20:22:02,008 - 82043 ]INFO: Simulating electrode pair 2101 - 2102
[ simnibs 4.6.0 - 2026-08-02 20:22:02,108 - 82043 ]INFO: Assembling FEM Matrix
[ simnibs 4.6.0 - 2026-08-02 20:22:11,301 - 82043 ]INFO: 9.19 s to assemble FEM matrix
[ simnibs 4.6.0 - 2026-08-02 20:22:11,312 - 82043 ]DEBUG: Solving FEM System
[ simnibs 4.6.0 - 2026-08-02 20:22:11,313 - 82043 ]INFO: Using solver options: hypre
[ simnibs 4.6.0 - 2026-08-02 20:22:14,707 - 82043 ]INFO: Time to set up KSP:   2.9286 s
[ simnibs 4.6.0 - 2026-08-02 20:22:26,976 - 82043 ]INFO: Time to solve:  12.2458 s
[ simnibs 4.6.0 - 2026-08-02 20:22:27,664 - 82043 ]WARNING: The current calibration error exceeded 10%! Estimated error value: 13.86%
[ simnibs 4.6.0 - 2026-08-02 20:22:32,535 - 82043 ]INFO: Creating visualizations
[ simnibs 4.6.0 - 2026-08-02 20:22:36,053 - 82043 ]SUMMARY: 
mida_headneck_TDCS_1
====================
Gray Matter

Field Percentiles
-----------------
Top percentiles of the field (or field magnitude for vector fields)
|Field |99.9%        |99.0%        |95.0%        |
|------|-------------|-------------|-------------|
|E     |1.35e-01 V/m |9.86e-02 V/m |7.63e-02 V/m |

Field Focality
---------------
Mesh volume or area with a field >= X% of the 99.9th percentile
|Field |75.0%        |50.0%        |
|------|-------------|-------------|
|E     |7.49e+02 mm³ |8.52e+03 mm³ |

[ simnibs 4.6.0 - 2026-08-02 20:22:36,099 - 82043 ]INFO: Finished Running Poslist Number: 1
[ simnibs 4.6.0 - 2026-08-02 20:22:36,099 - 82043 ]INFO: Result Files:
/Users/carl/CODELocalProjects/ear-emg-forward-model/results/cavity/filled__submental_mid/mida_headneck_TDCS_1_scalar.msh
[ simnibs 4.6.0 - 2026-08-02 20:22:36,137 - 82043 ]INFO: =====================================
[ simnibs 4.6.0 - 2026-08-02 20:22:36,137 - 82043 ]INFO: SimNIBS finished running simulations
[ simnibs 4.6.0 - 2026-08-02 20:22:36,137 - 82043 ]INFO: Simulation Result Meshes:
[ simnibs 4.6.0 - 2026-08-02 20:22:36,137 - 82043 ]INFO: /Users/carl/CODELocalProjects/ear-emg-forward-model/results/cavity/filled__submental_mid/mida_headneck_TDCS_1_scalar.msh
[ simnibs 4.6.0 - 2026-08-02 20:22:36,137 - 82043 ]INFO: =====================================
