[ simnibs 4.6.0 - 2026-08-02 14:31:46,194 - 26241 ]WARNING: Cannot locate subjects m2m folder
[ simnibs 4.6.0 - 2026-08-02 14:31:46,194 - 26241 ]WARNING: some postprocessing options might fail
[ simnibs 4.6.0 - 2026-08-02 14:31:46,194 - 26241 ]INFO: Head Mesh:          /Users/carl/CODELocalProjects/ear-emg-forward-model/data/val_sphere_fine.msh
[ simnibs 4.6.0 - 2026-08-02 14:31:46,194 - 26241 ]INFO: Subject Path:       None
[ simnibs 4.6.0 - 2026-08-02 14:31:46,194 - 26241 ]INFO: Simulation Folder:  /Users/carl/CODELocalProjects/ear-emg-forward-model/results/convergence/fine/e00
[ simnibs 4.6.0 - 2026-08-02 14:31:46,220 - 26241 ]INFO: Running simulations in the directory: /Users/carl/CODELocalProjects/ear-emg-forward-model/results/convergence/fine/e00
[ simnibs 4.6.0 - 2026-08-02 14:31:46,300 - 26241 ]INFO: Running Poslist Number: 1
[ simnibs 4.6.0 - 2026-08-02 14:31:46,300 - 26241 ]INFO: Began to run tDCS simulation
[ simnibs 4.6.0 - 2026-08-02 14:31:46,300 - 26241 ]INFO: Channels: [1, 2]
[ simnibs 4.6.0 - 2026-08-02 14:31:46,300 - 26241 ]INFO: Currents (A): [0.001, -0.001]
[ simnibs 4.6.0 - 2026-08-02 14:31:47,066 - 26241 ]INFO: Placing Electrode:
definition: plane
shape: ellipse
centre: [np.float64(11.349101244231797), np.float64(-29.190020142990242), np.float64(84.375)]
pos_ydir: []
dimensions: [15, 15]
thickness:2
channelnr: 1
number of holes: 0

[ simnibs 4.6.0 - 2026-08-02 14:31:48,322 - 26241 ]INFO: Placing Electrode:
definition: plane
shape: ellipse
centre: [np.float64(0.0), np.float64(0.0), np.float64(-90.0)]
pos_ydir: []
dimensions: [15, 15]
thickness:2
channelnr: 2
number of holes: 0

[ simnibs 4.6.0 - 2026-08-02 14:31:50,529 - 26241 ]INFO: Using isotropic conductivities
[ simnibs 4.6.0 - 2026-08-02 14:31:50,568 - 26241 ]INFO: Simulating electrode pair 2101 - 2102
[ simnibs 4.6.0 - 2026-08-02 14:31:50,573 - 26241 ]INFO: Assembling FEM Matrix
[ simnibs 4.6.0 - 2026-08-02 14:31:51,075 - 26241 ]INFO: 0.50 s to assemble FEM matrix
[ simnibs 4.6.0 - 2026-08-02 14:31:51,076 - 26241 ]DEBUG: Solving FEM System
[ simnibs 4.6.0 - 2026-08-02 14:31:51,076 - 26241 ]INFO: Using solver options: hypre
[ simnibs 4.6.0 - 2026-08-02 14:31:51,248 - 26241 ]INFO: Time to set up KSP:   0.1436 s
[ simnibs 4.6.0 - 2026-08-02 14:31:51,546 - 26241 ]INFO: Time to solve:   0.2960 s
[ simnibs 4.6.0 - 2026-08-02 14:31:51,641 - 26241 ]INFO: Estimated current calibration error: 2.0%
[ simnibs 4.6.0 - 2026-08-02 14:31:51,923 - 26241 ]INFO: Creating visualizations
[ simnibs 4.6.0 - 2026-08-02 14:31:52,418 - 26241 ]SUMMARY: 
val_sphere_fine_TDCS_1
======================
Gray Matter

Field Percentiles
-----------------
Top percentiles of the field (or field magnitude for vector fields)
|Field |99.9%        |99.0%        |95.0%        |
|------|-------------|-------------|-------------|
|E     |2.62e-01 V/m |2.33e-01 V/m |2.03e-01 V/m |

Field Focality
---------------
Mesh volume or area with a field >= X% of the 99.9th percentile
|Field |75.0%        |50.0%        |
|------|-------------|-------------|
|E     |2.10e+04 mm³ |1.25e+05 mm³ |

[ simnibs 4.6.0 - 2026-08-02 14:31:52,453 - 26241 ]INFO: Finished Running Poslist Number: 1
[ simnibs 4.6.0 - 2026-08-02 14:31:52,453 - 26241 ]INFO: Result Files:
/Users/carl/CODELocalProjects/ear-emg-forward-model/results/convergence/fine/e00/val_sphere_fine_TDCS_1_scalar.msh
[ simnibs 4.6.0 - 2026-08-02 14:31:52,486 - 26241 ]INFO: =====================================
[ simnibs 4.6.0 - 2026-08-02 14:31:52,486 - 26241 ]INFO: SimNIBS finished running simulations
[ simnibs 4.6.0 - 2026-08-02 14:31:52,486 - 26241 ]INFO: Simulation Result Meshes:
[ simnibs 4.6.0 - 2026-08-02 14:31:52,486 - 26241 ]INFO: /Users/carl/CODELocalProjects/ear-emg-forward-model/results/convergence/fine/e00/val_sphere_fine_TDCS_1_scalar.msh
[ simnibs 4.6.0 - 2026-08-02 14:31:52,486 - 26241 ]INFO: =====================================
