[ simnibs 4.6.0 - 2026-08-02 16:06:17,733 - 55618 ]WARNING: Cannot locate subjects m2m folder
[ simnibs 4.6.0 - 2026-08-02 16:06:17,733 - 55618 ]WARNING: some postprocessing options might fail
[ simnibs 4.6.0 - 2026-08-02 16:06:17,733 - 55618 ]INFO: Head Mesh:          /Users/carl/CODELocalProjects/ear-emg-forward-model/data/mida_headneck.msh
[ simnibs 4.6.0 - 2026-08-02 16:06:17,733 - 55618 ]INFO: Subject Path:       None
[ simnibs 4.6.0 - 2026-08-02 16:06:17,733 - 55618 ]INFO: Simulation Folder:  /Users/carl/CODELocalProjects/ear-emg-forward-model/results/cond_bound/d_airvoids_filled__hyoid
[ simnibs 4.6.0 - 2026-08-02 16:06:18,239 - 55618 ]INFO: Running simulations in the directory: /Users/carl/CODELocalProjects/ear-emg-forward-model/results/cond_bound/d_airvoids_filled__hyoid
[ simnibs 4.6.0 - 2026-08-02 16:06:18,345 - 55618 ]INFO: Running Poslist Number: 1
[ simnibs 4.6.0 - 2026-08-02 16:06:18,345 - 55618 ]INFO: Began to run tDCS simulation
[ simnibs 4.6.0 - 2026-08-02 16:06:18,345 - 55618 ]INFO: Channels: [1, 2]
[ simnibs 4.6.0 - 2026-08-02 16:06:18,345 - 55618 ]INFO: Currents (A): [0.001, -0.001]
[ simnibs 4.6.0 - 2026-08-02 16:06:56,223 - 55618 ]INFO: Placing Electrode:
definition: plane
shape: ellipse
centre: [np.float64(-9.33), np.float64(42.74), np.float64(-108.23)]
pos_ydir: []
dimensions: [10.0, 10.0]
thickness:2
channelnr: 1
number of holes: 0

[ simnibs 4.6.0 - 2026-08-02 16:07:03,962 - 55618 ]INFO: Placing Electrode:
definition: plane
shape: ellipse
centre: [np.float64(-71.65), np.float64(7.94), np.float64(-33.44)]
pos_ydir: []
dimensions: [10.0, 10.0]
thickness:2
channelnr: 2
number of holes: 0

[ simnibs 4.6.0 - 2026-08-02 16:07:51,974 - 55618 ]INFO: Using isotropic conductivities
[ simnibs 4.6.0 - 2026-08-02 16:07:55,420 - 55618 ]INFO: Simulating electrode pair 2101 - 2102
[ simnibs 4.6.0 - 2026-08-02 16:07:55,534 - 55618 ]INFO: Assembling FEM Matrix
[ simnibs 4.6.0 - 2026-08-02 16:08:07,218 - 55618 ]INFO: 11.68 s to assemble FEM matrix
[ simnibs 4.6.0 - 2026-08-02 16:08:07,239 - 55618 ]DEBUG: Solving FEM System
[ simnibs 4.6.0 - 2026-08-02 16:08:07,240 - 55618 ]INFO: Using solver options: hypre
[ simnibs 4.6.0 - 2026-08-02 16:08:10,919 - 55618 ]INFO: Time to set up KSP:   3.1534 s
[ simnibs 4.6.0 - 2026-08-02 16:08:47,086 - 55618 ]INFO: Time to solve:  36.1334 s
[ simnibs 4.6.0 - 2026-08-02 16:08:49,448 - 55618 ]WARNING: The current calibration error exceeded 10%! Estimated error value: 199.99%
[ simnibs 4.6.0 - 2026-08-02 16:08:56,047 - 55618 ]INFO: Creating visualizations
[ simnibs 4.6.0 - 2026-08-02 16:08:59,719 - 55618 ]SUMMARY: 
mida_headneck_TDCS_1
====================
Gray Matter

Field Percentiles
-----------------
Top percentiles of the field (or field magnitude for vector fields)
|Field |99.9%        |99.0%        |95.0%        |
|------|-------------|-------------|-------------|
|E     |1.56e+03 V/m |1.22e+03 V/m |1.02e+03 V/m |

Field Focality
---------------
Mesh volume or area with a field >= X% of the 99.9th percentile
|Field |75.0%        |50.0%        |
|------|-------------|-------------|
|E     |1.28e+03 mm³ |2.38e+04 mm³ |

[ simnibs 4.6.0 - 2026-08-02 16:08:59,775 - 55618 ]INFO: Finished Running Poslist Number: 1
[ simnibs 4.6.0 - 2026-08-02 16:08:59,776 - 55618 ]INFO: Result Files:
/Users/carl/CODELocalProjects/ear-emg-forward-model/results/cond_bound/d_airvoids_filled__hyoid/mida_headneck_TDCS_1_scalar.msh
[ simnibs 4.6.0 - 2026-08-02 16:08:59,833 - 55618 ]INFO: =====================================
[ simnibs 4.6.0 - 2026-08-02 16:08:59,833 - 55618 ]INFO: SimNIBS finished running simulations
[ simnibs 4.6.0 - 2026-08-02 16:08:59,833 - 55618 ]INFO: Simulation Result Meshes:
[ simnibs 4.6.0 - 2026-08-02 16:08:59,833 - 55618 ]INFO: /Users/carl/CODELocalProjects/ear-emg-forward-model/results/cond_bound/d_airvoids_filled__hyoid/mida_headneck_TDCS_1_scalar.msh
[ simnibs 4.6.0 - 2026-08-02 16:08:59,833 - 55618 ]INFO: =====================================
