[ simnibs 4.6.0 - 2026-08-02 21:59:41,321 - 35663 ]WARNING: Cannot locate subjects m2m folder
[ simnibs 4.6.0 - 2026-08-02 21:59:41,321 - 35663 ]WARNING: some postprocessing options might fail
[ simnibs 4.6.0 - 2026-08-02 21:59:41,321 - 35663 ]INFO: Head Mesh:          /Users/carl/CODELocalProjects/ear-emg-forward-model/data/val_sphere_medium.msh
[ simnibs 4.6.0 - 2026-08-02 21:59:41,321 - 35663 ]INFO: Subject Path:       None
[ simnibs 4.6.0 - 2026-08-02 21:59:41,321 - 35663 ]INFO: Simulation Folder:  /Users/carl/CODELocalProjects/ear-emg-forward-model/results/e10mm_medium/e04
[ simnibs 4.6.0 - 2026-08-02 21:59:41,349 - 35663 ]INFO: Running simulations in the directory: /Users/carl/CODELocalProjects/ear-emg-forward-model/results/e10mm_medium/e04
[ simnibs 4.6.0 - 2026-08-02 21:59:41,432 - 35663 ]INFO: Running Poslist Number: 1
[ simnibs 4.6.0 - 2026-08-02 21:59:41,432 - 35663 ]INFO: Began to run tDCS simulation
[ simnibs 4.6.0 - 2026-08-02 21:59:41,432 - 35663 ]INFO: Channels: [1, 2]
[ simnibs 4.6.0 - 2026-08-02 21:59:41,433 - 35663 ]INFO: Currents (A): [0.001, -0.001]
[ simnibs 4.6.0 - 2026-08-02 21:59:42,214 - 35663 ]INFO: Placing Electrode:
definition: plane
shape: ellipse
centre: [np.float64(-15.74018828953797), np.float64(79.38422921216716), np.float64(39.375)]
pos_ydir: []
dimensions: [10.0, 10.0]
thickness:2
channelnr: 1
number of holes: 0

[ simnibs 4.6.0 - 2026-08-02 21:59:43,627 - 35663 ]INFO: Placing Electrode:
definition: plane
shape: ellipse
centre: [np.float64(0.0), np.float64(0.0), np.float64(-90.0)]
pos_ydir: []
dimensions: [10.0, 10.0]
thickness:2
channelnr: 2
number of holes: 0

[ simnibs 4.6.0 - 2026-08-02 21:59:45,994 - 35663 ]INFO: Using isotropic conductivities
[ simnibs 4.6.0 - 2026-08-02 21:59:46,033 - 35663 ]INFO: Simulating electrode pair 2101 - 2102
[ simnibs 4.6.0 - 2026-08-02 21:59:46,040 - 35663 ]INFO: Assembling FEM Matrix
[ simnibs 4.6.0 - 2026-08-02 21:59:46,596 - 35663 ]INFO: 0.56 s to assemble FEM matrix
[ simnibs 4.6.0 - 2026-08-02 21:59:46,597 - 35663 ]DEBUG: Solving FEM System
[ simnibs 4.6.0 - 2026-08-02 21:59:46,597 - 35663 ]INFO: Using solver options: hypre
[ simnibs 4.6.0 - 2026-08-02 21:59:46,793 - 35663 ]INFO: Time to set up KSP:   0.1642 s
[ simnibs 4.6.0 - 2026-08-02 21:59:47,103 - 35663 ]INFO: Time to solve:   0.3081 s
[ simnibs 4.6.0 - 2026-08-02 21:59:47,229 - 35663 ]INFO: Estimated current calibration error: 7.0%
[ simnibs 4.6.0 - 2026-08-02 21:59:47,551 - 35663 ]INFO: Creating visualizations
[ simnibs 4.6.0 - 2026-08-02 21:59:48,023 - 35663 ]SUMMARY: 
val_sphere_medium_TDCS_1
========================
Gray Matter

Field Percentiles
-----------------
Top percentiles of the field (or field magnitude for vector fields)
|Field |99.9%        |99.0%        |95.0%        |
|------|-------------|-------------|-------------|
|E     |2.71e-01 V/m |2.34e-01 V/m |2.03e-01 V/m |

Field Focality
---------------
Mesh volume or area with a field >= X% of the 99.9th percentile
|Field |75.0%        |50.0%        |
|------|-------------|-------------|
|E     |1.57e+04 mm³ |1.01e+05 mm³ |

[ simnibs 4.6.0 - 2026-08-02 21:59:48,059 - 35663 ]INFO: Finished Running Poslist Number: 1
[ simnibs 4.6.0 - 2026-08-02 21:59:48,059 - 35663 ]INFO: Result Files:
/Users/carl/CODELocalProjects/ear-emg-forward-model/results/e10mm_medium/e04/val_sphere_medium_TDCS_1_scalar.msh
[ simnibs 4.6.0 - 2026-08-02 21:59:48,095 - 35663 ]INFO: =====================================
[ simnibs 4.6.0 - 2026-08-02 21:59:48,095 - 35663 ]INFO: SimNIBS finished running simulations
[ simnibs 4.6.0 - 2026-08-02 21:59:48,095 - 35663 ]INFO: Simulation Result Meshes:
[ simnibs 4.6.0 - 2026-08-02 21:59:48,095 - 35663 ]INFO: /Users/carl/CODELocalProjects/ear-emg-forward-model/results/e10mm_medium/e04/val_sphere_medium_TDCS_1_scalar.msh
[ simnibs 4.6.0 - 2026-08-02 21:59:48,095 - 35663 ]INFO: =====================================
