[ simnibs 4.6.0 - 2026-08-02 22:33:46,239 - 65913 ]WARNING: Cannot locate subjects m2m folder
[ simnibs 4.6.0 - 2026-08-02 22:33:46,239 - 65913 ]WARNING: some postprocessing options might fail
[ simnibs 4.6.0 - 2026-08-02 22:33:46,239 - 65913 ]INFO: Head Mesh:          /Users/carl/CODELocalProjects/ear-emg-forward-model/data/val_sphere_medium.msh
[ simnibs 4.6.0 - 2026-08-02 22:33:46,239 - 65913 ]INFO: Subject Path:       None
[ simnibs 4.6.0 - 2026-08-02 22:33:46,239 - 65913 ]INFO: Simulation Folder:  /Users/carl/CODELocalProjects/ear-emg-forward-model/results/floor_draws/draw05/e15
[ simnibs 4.6.0 - 2026-08-02 22:33:46,266 - 65913 ]INFO: Running simulations in the directory: /Users/carl/CODELocalProjects/ear-emg-forward-model/results/floor_draws/draw05/e15
[ simnibs 4.6.0 - 2026-08-02 22:33:46,355 - 65913 ]INFO: Running Poslist Number: 1
[ simnibs 4.6.0 - 2026-08-02 22:33:46,355 - 65913 ]INFO: Began to run tDCS simulation
[ simnibs 4.6.0 - 2026-08-02 22:33:46,355 - 65913 ]INFO: Channels: [1, 2]
[ simnibs 4.6.0 - 2026-08-02 22:33:46,355 - 65913 ]INFO: Currents (A): [0.001, -0.001]
[ simnibs 4.6.0 - 2026-08-02 22:33:47,258 - 65913 ]INFO: Placing Electrode:
definition: plane
shape: ellipse
centre: [np.float64(30.557618853522143), np.float64(13.62840462809314), np.float64(-83.54937771938123)]
pos_ydir: []
dimensions: [10.0, 10.0]
thickness:2
channelnr: 1
number of holes: 0

[ simnibs 4.6.0 - 2026-08-02 22:33:48,465 - 65913 ]INFO: Placing Electrode:
definition: plane
shape: ellipse
centre: [np.float64(4.114319283267239), np.float64(-2.907680978695116), np.float64(-89.85887695804722)]
pos_ydir: []
dimensions: [10.0, 10.0]
thickness:2
channelnr: 2
number of holes: 0

[ simnibs 4.6.0 - 2026-08-02 22:33:50,983 - 65913 ]INFO: Using isotropic conductivities
[ simnibs 4.6.0 - 2026-08-02 22:33:51,023 - 65913 ]INFO: Simulating electrode pair 2101 - 2102
[ simnibs 4.6.0 - 2026-08-02 22:33:51,029 - 65913 ]INFO: Assembling FEM Matrix
[ simnibs 4.6.0 - 2026-08-02 22:33:51,585 - 65913 ]INFO: 0.56 s to assemble FEM matrix
[ simnibs 4.6.0 - 2026-08-02 22:33:51,586 - 65913 ]DEBUG: Solving FEM System
[ simnibs 4.6.0 - 2026-08-02 22:33:51,586 - 65913 ]INFO: Using solver options: hypre
[ simnibs 4.6.0 - 2026-08-02 22:33:51,779 - 65913 ]INFO: Time to set up KSP:   0.1602 s
[ simnibs 4.6.0 - 2026-08-02 22:33:52,084 - 65913 ]INFO: Time to solve:   0.3034 s
[ simnibs 4.6.0 - 2026-08-02 22:33:52,192 - 65913 ]WARNING: The current calibration error exceeded 10%! Estimated error value: 14.09%
[ simnibs 4.6.0 - 2026-08-02 22:33:52,513 - 65913 ]INFO: Creating visualizations
[ simnibs 4.6.0 - 2026-08-02 22:33:52,997 - 65913 ]SUMMARY: 
val_sphere_medium_TDCS_1
========================
Gray Matter

Field Percentiles
-----------------
Top percentiles of the field (or field magnitude for vector fields)
|Field |99.9%        |99.0%        |95.0%        |
|------|-------------|-------------|-------------|
|E     |2.93e-01 V/m |2.02e-01 V/m |8.77e-02 V/m |

Field Focality
---------------
Mesh volume or area with a field >= X% of the 99.9th percentile
|Field |75.0%        |50.0%        |
|------|-------------|-------------|
|E     |2.44e+03 mm³ |6.58e+03 mm³ |

[ simnibs 4.6.0 - 2026-08-02 22:33:53,031 - 65913 ]INFO: Finished Running Poslist Number: 1
[ simnibs 4.6.0 - 2026-08-02 22:33:53,031 - 65913 ]INFO: Result Files:
/Users/carl/CODELocalProjects/ear-emg-forward-model/results/floor_draws/draw05/e15/val_sphere_medium_TDCS_1_scalar.msh
[ simnibs 4.6.0 - 2026-08-02 22:33:53,059 - 65913 ]INFO: =====================================
[ simnibs 4.6.0 - 2026-08-02 22:33:53,059 - 65913 ]INFO: SimNIBS finished running simulations
[ simnibs 4.6.0 - 2026-08-02 22:33:53,059 - 65913 ]INFO: Simulation Result Meshes:
[ simnibs 4.6.0 - 2026-08-02 22:33:53,059 - 65913 ]INFO: /Users/carl/CODELocalProjects/ear-emg-forward-model/results/floor_draws/draw05/e15/val_sphere_medium_TDCS_1_scalar.msh
[ simnibs 4.6.0 - 2026-08-02 22:33:53,059 - 65913 ]INFO: =====================================
