[ simnibs 4.6.0 - 2026-08-02 15:41:20,871 - 55618 ]WARNING: Cannot locate subjects m2m folder
[ simnibs 4.6.0 - 2026-08-02 15:41:20,871 - 55618 ]WARNING: some postprocessing options might fail
[ simnibs 4.6.0 - 2026-08-02 15:41:20,871 - 55618 ]INFO: Head Mesh:          /Users/carl/CODELocalProjects/ear-emg-forward-model/data/mida_headneck.msh
[ simnibs 4.6.0 - 2026-08-02 15:41:20,871 - 55618 ]INFO: Subject Path:       None
[ simnibs 4.6.0 - 2026-08-02 15:41:20,871 - 55618 ]INFO: Simulation Folder:  /Users/carl/CODELocalProjects/ear-emg-forward-model/results/cond_bound/b_generic__mastoid
[ simnibs 4.6.0 - 2026-08-02 15:41:21,379 - 55618 ]INFO: Running simulations in the directory: /Users/carl/CODELocalProjects/ear-emg-forward-model/results/cond_bound/b_generic__mastoid
[ simnibs 4.6.0 - 2026-08-02 15:41:21,463 - 55618 ]INFO: Running Poslist Number: 1
[ simnibs 4.6.0 - 2026-08-02 15:41:21,463 - 55618 ]INFO: Began to run tDCS simulation
[ simnibs 4.6.0 - 2026-08-02 15:41:21,463 - 55618 ]INFO: Channels: [1, 2]
[ simnibs 4.6.0 - 2026-08-02 15:41:21,463 - 55618 ]INFO: Currents (A): [0.001, -0.001]
[ simnibs 4.6.0 - 2026-08-02 15:42:05,395 - 55618 ]INFO: Placing Electrode:
definition: plane
shape: ellipse
centre: [np.float64(69.41), np.float64(-12.38), np.float64(-22.98)]
pos_ydir: []
dimensions: [10.0, 10.0]
thickness:2
channelnr: 1
number of holes: 0

[ simnibs 4.6.0 - 2026-08-02 15:42:14,368 - 55618 ]INFO: Placing Electrode:
definition: plane
shape: ellipse
centre: [np.float64(-71.65), np.float64(7.94), np.float64(-33.44)]
pos_ydir: []
dimensions: [10.0, 10.0]
thickness:2
channelnr: 2
number of holes: 0

[ simnibs 4.6.0 - 2026-08-02 15:43:01,845 - 55618 ]INFO: Using isotropic conductivities
[ simnibs 4.6.0 - 2026-08-02 15:43:05,182 - 55618 ]INFO: Simulating electrode pair 2101 - 2102
[ simnibs 4.6.0 - 2026-08-02 15:43:05,291 - 55618 ]INFO: Assembling FEM Matrix
[ simnibs 4.6.0 - 2026-08-02 15:43:16,721 - 55618 ]INFO: 11.43 s to assemble FEM matrix
[ simnibs 4.6.0 - 2026-08-02 15:43:16,743 - 55618 ]DEBUG: Solving FEM System
[ simnibs 4.6.0 - 2026-08-02 15:43:16,743 - 55618 ]INFO: Using solver options: hypre
[ simnibs 4.6.0 - 2026-08-02 15:43:20,577 - 55618 ]INFO: Time to set up KSP:   3.2865 s
[ simnibs 4.6.0 - 2026-08-02 15:43:31,405 - 55618 ]INFO: Time to solve:  10.7992 s
[ simnibs 4.6.0 - 2026-08-02 15:43:32,551 - 55618 ]WARNING: The current calibration error exceeded 10%! Estimated error value: 200.00%
[ simnibs 4.6.0 - 2026-08-02 15:43:40,666 - 55618 ]INFO: Creating visualizations
[ simnibs 4.6.0 - 2026-08-02 15:43:46,921 - 55618 ]SUMMARY: 
mida_headneck_TDCS_1
====================
Gray Matter

Field Percentiles
-----------------
Top percentiles of the field (or field magnitude for vector fields)
|Field |99.9%        |99.0%        |95.0%        |
|------|-------------|-------------|-------------|
|E     |3.91e+01 V/m |2.73e+01 V/m |2.11e+01 V/m |

Field Focality
---------------
Mesh volume or area with a field >= X% of the 99.9th percentile
|Field |75.0%        |50.0%        |
|------|-------------|-------------|
|E     |5.22e+02 mm³ |6.27e+03 mm³ |

[ simnibs 4.6.0 - 2026-08-02 15:43:47,058 - 55618 ]INFO: Finished Running Poslist Number: 1
[ simnibs 4.6.0 - 2026-08-02 15:43:47,058 - 55618 ]INFO: Result Files:
/Users/carl/CODELocalProjects/ear-emg-forward-model/results/cond_bound/b_generic__mastoid/mida_headneck_TDCS_1_scalar.msh
[ simnibs 4.6.0 - 2026-08-02 15:43:47,132 - 55618 ]INFO: =====================================
[ simnibs 4.6.0 - 2026-08-02 15:43:47,132 - 55618 ]INFO: SimNIBS finished running simulations
[ simnibs 4.6.0 - 2026-08-02 15:43:47,132 - 55618 ]INFO: Simulation Result Meshes:
[ simnibs 4.6.0 - 2026-08-02 15:43:47,132 - 55618 ]INFO: /Users/carl/CODELocalProjects/ear-emg-forward-model/results/cond_bound/b_generic__mastoid/mida_headneck_TDCS_1_scalar.msh
[ simnibs 4.6.0 - 2026-08-02 15:43:47,132 - 55618 ]INFO: =====================================
