[ simnibs 4.6.0 - 2026-08-02 22:02:26,418 - 37833 ]WARNING: Cannot locate subjects m2m folder
[ simnibs 4.6.0 - 2026-08-02 22:02:26,419 - 37833 ]WARNING: some postprocessing options might fail
[ simnibs 4.6.0 - 2026-08-02 22:02:26,419 - 37833 ]INFO: Head Mesh:          /Users/carl/CODELocalProjects/ear-emg-forward-model/data/val_sphere_fine.msh
[ simnibs 4.6.0 - 2026-08-02 22:02:26,419 - 37833 ]INFO: Subject Path:       None
[ simnibs 4.6.0 - 2026-08-02 22:02:26,419 - 37833 ]INFO: Simulation Folder:  /Users/carl/CODELocalProjects/ear-emg-forward-model/results/e10mm_fine/e08
[ simnibs 4.6.0 - 2026-08-02 22:02:26,445 - 37833 ]INFO: Running simulations in the directory: /Users/carl/CODELocalProjects/ear-emg-forward-model/results/e10mm_fine/e08
[ simnibs 4.6.0 - 2026-08-02 22:02:26,526 - 37833 ]INFO: Running Poslist Number: 1
[ simnibs 4.6.0 - 2026-08-02 22:02:26,526 - 37833 ]INFO: Began to run tDCS simulation
[ simnibs 4.6.0 - 2026-08-02 22:02:26,526 - 37833 ]INFO: Channels: [1, 2]
[ simnibs 4.6.0 - 2026-08-02 22:02:26,526 - 37833 ]INFO: Currents (A): [0.001, -0.001]
[ simnibs 4.6.0 - 2026-08-02 22:02:27,252 - 37833 ]INFO: Placing Electrode:
definition: plane
shape: ellipse
centre: [np.float64(1.8560634628273744), np.float64(-89.80486848396338), np.float64(-5.625)]
pos_ydir: []
dimensions: [10.0, 10.0]
thickness:2
channelnr: 1
number of holes: 0

[ simnibs 4.6.0 - 2026-08-02 22:02:28,342 - 37833 ]INFO: Placing Electrode:
definition: plane
shape: ellipse
centre: [np.float64(0.0), np.float64(0.0), np.float64(-90.0)]
pos_ydir: []
dimensions: [10.0, 10.0]
thickness:2
channelnr: 2
number of holes: 0

[ simnibs 4.6.0 - 2026-08-02 22:02:30,544 - 37833 ]INFO: Using isotropic conductivities
[ simnibs 4.6.0 - 2026-08-02 22:02:30,584 - 37833 ]INFO: Simulating electrode pair 2101 - 2102
[ simnibs 4.6.0 - 2026-08-02 22:02:30,591 - 37833 ]INFO: Assembling FEM Matrix
[ simnibs 4.6.0 - 2026-08-02 22:02:31,136 - 37833 ]INFO: 0.55 s to assemble FEM matrix
[ simnibs 4.6.0 - 2026-08-02 22:02:31,137 - 37833 ]DEBUG: Solving FEM System
[ simnibs 4.6.0 - 2026-08-02 22:02:31,137 - 37833 ]INFO: Using solver options: hypre
[ simnibs 4.6.0 - 2026-08-02 22:02:31,337 - 37833 ]INFO: Time to set up KSP:   0.1649 s
[ simnibs 4.6.0 - 2026-08-02 22:02:31,673 - 37833 ]INFO: Time to solve:   0.3336 s
[ simnibs 4.6.0 - 2026-08-02 22:02:31,779 - 37833 ]WARNING: The current calibration error exceeded 10%! Estimated error value: 13.69%
[ simnibs 4.6.0 - 2026-08-02 22:02:32,085 - 37833 ]INFO: Creating visualizations
[ simnibs 4.6.0 - 2026-08-02 22:02:32,568 - 37833 ]SUMMARY: 
val_sphere_fine_TDCS_1
======================
Gray Matter

Field Percentiles
-----------------
Top percentiles of the field (or field magnitude for vector fields)
|Field |99.9%        |99.0%        |95.0%        |
|------|-------------|-------------|-------------|
|E     |2.70e-01 V/m |2.43e-01 V/m |2.19e-01 V/m |

Field Focality
---------------
Mesh volume or area with a field >= X% of the 99.9th percentile
|Field |75.0%        |50.0%        |
|------|-------------|-------------|
|E     |2.50e+04 mm³ |7.08e+04 mm³ |

[ simnibs 4.6.0 - 2026-08-02 22:02:32,605 - 37833 ]INFO: Finished Running Poslist Number: 1
[ simnibs 4.6.0 - 2026-08-02 22:02:32,605 - 37833 ]INFO: Result Files:
/Users/carl/CODELocalProjects/ear-emg-forward-model/results/e10mm_fine/e08/val_sphere_fine_TDCS_1_scalar.msh
[ simnibs 4.6.0 - 2026-08-02 22:02:32,638 - 37833 ]INFO: =====================================
[ simnibs 4.6.0 - 2026-08-02 22:02:32,638 - 37833 ]INFO: SimNIBS finished running simulations
[ simnibs 4.6.0 - 2026-08-02 22:02:32,638 - 37833 ]INFO: Simulation Result Meshes:
[ simnibs 4.6.0 - 2026-08-02 22:02:32,638 - 37833 ]INFO: /Users/carl/CODELocalProjects/ear-emg-forward-model/results/e10mm_fine/e08/val_sphere_fine_TDCS_1_scalar.msh
[ simnibs 4.6.0 - 2026-08-02 22:02:32,638 - 37833 ]INFO: =====================================
