[ simnibs 4.6.0 - 2026-08-02 22:28:24,153 - 65913 ]WARNING: Cannot locate subjects m2m folder
[ simnibs 4.6.0 - 2026-08-02 22:28:24,153 - 65913 ]WARNING: some postprocessing options might fail
[ simnibs 4.6.0 - 2026-08-02 22:28:24,153 - 65913 ]INFO: Head Mesh:          /Users/carl/CODELocalProjects/ear-emg-forward-model/data/val_sphere_medium.msh
[ simnibs 4.6.0 - 2026-08-02 22:28:24,153 - 65913 ]INFO: Subject Path:       None
[ simnibs 4.6.0 - 2026-08-02 22:28:24,153 - 65913 ]INFO: Simulation Folder:  /Users/carl/CODELocalProjects/ear-emg-forward-model/results/floor_draws/draw03/e00
[ simnibs 4.6.0 - 2026-08-02 22:28:24,180 - 65913 ]INFO: Running simulations in the directory: /Users/carl/CODELocalProjects/ear-emg-forward-model/results/floor_draws/draw03/e00
[ simnibs 4.6.0 - 2026-08-02 22:28:24,266 - 65913 ]INFO: Running Poslist Number: 1
[ simnibs 4.6.0 - 2026-08-02 22:28:24,266 - 65913 ]INFO: Began to run tDCS simulation
[ simnibs 4.6.0 - 2026-08-02 22:28:24,266 - 65913 ]INFO: Channels: [1, 2]
[ simnibs 4.6.0 - 2026-08-02 22:28:24,266 - 65913 ]INFO: Currents (A): [0.001, -0.001]
[ simnibs 4.6.0 - 2026-08-02 22:28:25,058 - 65913 ]INFO: Placing Electrode:
definition: plane
shape: ellipse
centre: [np.float64(16.192384453794986), np.float64(-34.551839238842696), np.float64(81.51059496110716)]
pos_ydir: []
dimensions: [10.0, 10.0]
thickness:2
channelnr: 1
number of holes: 0

[ simnibs 4.6.0 - 2026-08-02 22:28:26,422 - 65913 ]INFO: Placing Electrode:
definition: plane
shape: ellipse
centre: [np.float64(-4.803807650303908), np.float64(5.982866214438122), np.float64(-89.67234101950844)]
pos_ydir: []
dimensions: [10.0, 10.0]
thickness:2
channelnr: 2
number of holes: 0

[ simnibs 4.6.0 - 2026-08-02 22:28:28,934 - 65913 ]INFO: Using isotropic conductivities
[ simnibs 4.6.0 - 2026-08-02 22:28:28,974 - 65913 ]INFO: Simulating electrode pair 2101 - 2102
[ simnibs 4.6.0 - 2026-08-02 22:28:28,979 - 65913 ]INFO: Assembling FEM Matrix
[ simnibs 4.6.0 - 2026-08-02 22:28:29,524 - 65913 ]INFO: 0.55 s to assemble FEM matrix
[ simnibs 4.6.0 - 2026-08-02 22:28:29,525 - 65913 ]DEBUG: Solving FEM System
[ simnibs 4.6.0 - 2026-08-02 22:28:29,525 - 65913 ]INFO: Using solver options: hypre
[ simnibs 4.6.0 - 2026-08-02 22:28:29,716 - 65913 ]INFO: Time to set up KSP:   0.1590 s
[ simnibs 4.6.0 - 2026-08-02 22:28:30,022 - 65913 ]INFO: Time to solve:   0.3038 s
[ simnibs 4.6.0 - 2026-08-02 22:28:30,135 - 65913 ]INFO: Estimated current calibration error: 6.6%
[ simnibs 4.6.0 - 2026-08-02 22:28:30,438 - 65913 ]INFO: Creating visualizations
[ simnibs 4.6.0 - 2026-08-02 22:28:30,905 - 65913 ]SUMMARY: 
val_sphere_medium_TDCS_1
========================
Gray Matter

Field Percentiles
-----------------
Top percentiles of the field (or field magnitude for vector fields)
|Field |99.9%        |99.0%        |95.0%        |
|------|-------------|-------------|-------------|
|E     |2.57e-01 V/m |2.17e-01 V/m |1.89e-01 V/m |

Field Focality
---------------
Mesh volume or area with a field >= X% of the 99.9th percentile
|Field |75.0%        |50.0%        |
|------|-------------|-------------|
|E     |1.33e+04 mm³ |9.85e+04 mm³ |

[ simnibs 4.6.0 - 2026-08-02 22:28:30,941 - 65913 ]INFO: Finished Running Poslist Number: 1
[ simnibs 4.6.0 - 2026-08-02 22:28:30,941 - 65913 ]INFO: Result Files:
/Users/carl/CODELocalProjects/ear-emg-forward-model/results/floor_draws/draw03/e00/val_sphere_medium_TDCS_1_scalar.msh
[ simnibs 4.6.0 - 2026-08-02 22:28:30,971 - 65913 ]INFO: =====================================
[ simnibs 4.6.0 - 2026-08-02 22:28:30,971 - 65913 ]INFO: SimNIBS finished running simulations
[ simnibs 4.6.0 - 2026-08-02 22:28:30,971 - 65913 ]INFO: Simulation Result Meshes:
[ simnibs 4.6.0 - 2026-08-02 22:28:30,971 - 65913 ]INFO: /Users/carl/CODELocalProjects/ear-emg-forward-model/results/floor_draws/draw03/e00/val_sphere_medium_TDCS_1_scalar.msh
[ simnibs 4.6.0 - 2026-08-02 22:28:30,971 - 65913 ]INFO: =====================================
