[ simnibs 4.6.0 - 2026-08-02 22:29:48,197 - 65913 ]WARNING: Cannot locate subjects m2m folder
[ simnibs 4.6.0 - 2026-08-02 22:29:48,197 - 65913 ]WARNING: some postprocessing options might fail
[ simnibs 4.6.0 - 2026-08-02 22:29:48,197 - 65913 ]INFO: Head Mesh:          /Users/carl/CODELocalProjects/ear-emg-forward-model/data/val_sphere_medium.msh
[ simnibs 4.6.0 - 2026-08-02 22:29:48,197 - 65913 ]INFO: Subject Path:       None
[ simnibs 4.6.0 - 2026-08-02 22:29:48,197 - 65913 ]INFO: Simulation Folder:  /Users/carl/CODELocalProjects/ear-emg-forward-model/results/floor_draws/draw03/e12
[ simnibs 4.6.0 - 2026-08-02 22:29:48,225 - 65913 ]INFO: Running simulations in the directory: /Users/carl/CODELocalProjects/ear-emg-forward-model/results/floor_draws/draw03/e12
[ simnibs 4.6.0 - 2026-08-02 22:29:48,322 - 65913 ]INFO: Running Poslist Number: 1
[ simnibs 4.6.0 - 2026-08-02 22:29:48,322 - 65913 ]INFO: Began to run tDCS simulation
[ simnibs 4.6.0 - 2026-08-02 22:29:48,322 - 65913 ]INFO: Channels: [1, 2]
[ simnibs 4.6.0 - 2026-08-02 22:29:48,322 - 65913 ]INFO: Currents (A): [0.001, -0.001]
[ simnibs 4.6.0 - 2026-08-02 22:29:49,131 - 65913 ]INFO: Placing Electrode:
definition: plane
shape: ellipse
centre: [np.float64(7.8264262892778556), np.float64(76.90041598338304), np.float64(-46.09851486893202)]
pos_ydir: []
dimensions: [10.0, 10.0]
thickness:2
channelnr: 1
number of holes: 0

[ simnibs 4.6.0 - 2026-08-02 22:29:50,467 - 65913 ]INFO: Placing Electrode:
definition: plane
shape: ellipse
centre: [np.float64(-4.803807650303908), np.float64(5.982866214438122), np.float64(-89.67234101950844)]
pos_ydir: []
dimensions: [10.0, 10.0]
thickness:2
channelnr: 2
number of holes: 0

[ simnibs 4.6.0 - 2026-08-02 22:29:52,815 - 65913 ]INFO: Using isotropic conductivities
[ simnibs 4.6.0 - 2026-08-02 22:29:52,859 - 65913 ]INFO: Simulating electrode pair 2101 - 2102
[ simnibs 4.6.0 - 2026-08-02 22:29:52,865 - 65913 ]INFO: Assembling FEM Matrix
[ simnibs 4.6.0 - 2026-08-02 22:29:53,406 - 65913 ]INFO: 0.54 s to assemble FEM matrix
[ simnibs 4.6.0 - 2026-08-02 22:29:53,407 - 65913 ]DEBUG: Solving FEM System
[ simnibs 4.6.0 - 2026-08-02 22:29:53,407 - 65913 ]INFO: Using solver options: hypre
[ simnibs 4.6.0 - 2026-08-02 22:29:53,597 - 65913 ]INFO: Time to set up KSP:   0.1553 s
[ simnibs 4.6.0 - 2026-08-02 22:29:53,904 - 65913 ]INFO: Time to solve:   0.3057 s
[ simnibs 4.6.0 - 2026-08-02 22:29:54,008 - 65913 ]INFO: Estimated current calibration error: 2.9%
[ simnibs 4.6.0 - 2026-08-02 22:29:54,304 - 65913 ]INFO: Creating visualizations
[ simnibs 4.6.0 - 2026-08-02 22:29:54,772 - 65913 ]SUMMARY: 
val_sphere_medium_TDCS_1
========================
Gray Matter

Field Percentiles
-----------------
Top percentiles of the field (or field magnitude for vector fields)
|Field |99.9%        |99.0%        |95.0%        |
|------|-------------|-------------|-------------|
|E     |3.12e-01 V/m |2.98e-01 V/m |2.24e-01 V/m |

Field Focality
---------------
Mesh volume or area with a field >= X% of the 99.9th percentile
|Field |75.0%        |50.0%        |
|------|-------------|-------------|
|E     |1.43e+04 mm³ |3.41e+04 mm³ |

[ simnibs 4.6.0 - 2026-08-02 22:29:54,807 - 65913 ]INFO: Finished Running Poslist Number: 1
[ simnibs 4.6.0 - 2026-08-02 22:29:54,807 - 65913 ]INFO: Result Files:
/Users/carl/CODELocalProjects/ear-emg-forward-model/results/floor_draws/draw03/e12/val_sphere_medium_TDCS_1_scalar.msh
[ simnibs 4.6.0 - 2026-08-02 22:29:54,842 - 65913 ]INFO: =====================================
[ simnibs 4.6.0 - 2026-08-02 22:29:54,842 - 65913 ]INFO: SimNIBS finished running simulations
[ simnibs 4.6.0 - 2026-08-02 22:29:54,842 - 65913 ]INFO: Simulation Result Meshes:
[ simnibs 4.6.0 - 2026-08-02 22:29:54,842 - 65913 ]INFO: /Users/carl/CODELocalProjects/ear-emg-forward-model/results/floor_draws/draw03/e12/val_sphere_medium_TDCS_1_scalar.msh
[ simnibs 4.6.0 - 2026-08-02 22:29:54,842 - 65913 ]INFO: =====================================
