[ simnibs 4.6.0 - 2026-08-02 21:59:34,250 - 35663 ]WARNING: Cannot locate subjects m2m folder
[ simnibs 4.6.0 - 2026-08-02 21:59:34,250 - 35663 ]WARNING: some postprocessing options might fail
[ simnibs 4.6.0 - 2026-08-02 21:59:34,250 - 35663 ]INFO: Head Mesh:          /Users/carl/CODELocalProjects/ear-emg-forward-model/data/val_sphere_medium.msh
[ simnibs 4.6.0 - 2026-08-02 21:59:34,250 - 35663 ]INFO: Subject Path:       None
[ simnibs 4.6.0 - 2026-08-02 21:59:34,250 - 35663 ]INFO: Simulation Folder:  /Users/carl/CODELocalProjects/ear-emg-forward-model/results/e10mm_medium/e03
[ simnibs 4.6.0 - 2026-08-02 21:59:34,278 - 35663 ]INFO: Running simulations in the directory: /Users/carl/CODELocalProjects/ear-emg-forward-model/results/e10mm_medium/e03
[ simnibs 4.6.0 - 2026-08-02 21:59:34,377 - 35663 ]INFO: Running Poslist Number: 1
[ simnibs 4.6.0 - 2026-08-02 21:59:34,377 - 35663 ]INFO: Began to run tDCS simulation
[ simnibs 4.6.0 - 2026-08-02 21:59:34,377 - 35663 ]INFO: Channels: [1, 2]
[ simnibs 4.6.0 - 2026-08-02 21:59:34,377 - 35663 ]INFO: Currents (A): [0.001, -0.001]
[ simnibs 4.6.0 - 2026-08-02 21:59:35,305 - 35663 ]INFO: Placing Electrode:
definition: plane
shape: ellipse
centre: [np.float64(-38.63299604907872), np.float64(-63.597177541710664), np.float64(50.625)]
pos_ydir: []
dimensions: [10.0, 10.0]
thickness:2
channelnr: 1
number of holes: 0

[ simnibs 4.6.0 - 2026-08-02 21:59:36,440 - 35663 ]INFO: Placing Electrode:
definition: plane
shape: ellipse
centre: [np.float64(0.0), np.float64(0.0), np.float64(-90.0)]
pos_ydir: []
dimensions: [10.0, 10.0]
thickness:2
channelnr: 2
number of holes: 0

[ simnibs 4.6.0 - 2026-08-02 21:59:38,994 - 35663 ]INFO: Using isotropic conductivities
[ simnibs 4.6.0 - 2026-08-02 21:59:39,036 - 35663 ]INFO: Simulating electrode pair 2101 - 2102
[ simnibs 4.6.0 - 2026-08-02 21:59:39,043 - 35663 ]INFO: Assembling FEM Matrix
[ simnibs 4.6.0 - 2026-08-02 21:59:39,567 - 35663 ]INFO: 0.52 s to assemble FEM matrix
[ simnibs 4.6.0 - 2026-08-02 21:59:39,568 - 35663 ]DEBUG: Solving FEM System
[ simnibs 4.6.0 - 2026-08-02 21:59:39,568 - 35663 ]INFO: Using solver options: hypre
[ simnibs 4.6.0 - 2026-08-02 21:59:39,758 - 35663 ]INFO: Time to set up KSP:   0.1597 s
[ simnibs 4.6.0 - 2026-08-02 21:59:40,052 - 35663 ]INFO: Time to solve:   0.2924 s
[ simnibs 4.6.0 - 2026-08-02 21:59:40,171 - 35663 ]INFO: Estimated current calibration error: 8.1%
[ simnibs 4.6.0 - 2026-08-02 21:59:40,501 - 35663 ]INFO: Creating visualizations
[ simnibs 4.6.0 - 2026-08-02 21:59:40,997 - 35663 ]SUMMARY: 
val_sphere_medium_TDCS_1
========================
Gray Matter

Field Percentiles
-----------------
Top percentiles of the field (or field magnitude for vector fields)
|Field |99.9%        |99.0%        |95.0%        |
|------|-------------|-------------|-------------|
|E     |2.67e-01 V/m |2.30e-01 V/m |1.99e-01 V/m |

Field Focality
---------------
Mesh volume or area with a field >= X% of the 99.9th percentile
|Field |75.0%        |50.0%        |
|------|-------------|-------------|
|E     |1.49e+04 mm³ |1.08e+05 mm³ |

[ simnibs 4.6.0 - 2026-08-02 21:59:41,038 - 35663 ]INFO: Finished Running Poslist Number: 1
[ simnibs 4.6.0 - 2026-08-02 21:59:41,038 - 35663 ]INFO: Result Files:
/Users/carl/CODELocalProjects/ear-emg-forward-model/results/e10mm_medium/e03/val_sphere_medium_TDCS_1_scalar.msh
[ simnibs 4.6.0 - 2026-08-02 21:59:41,075 - 35663 ]INFO: =====================================
[ simnibs 4.6.0 - 2026-08-02 21:59:41,075 - 35663 ]INFO: SimNIBS finished running simulations
[ simnibs 4.6.0 - 2026-08-02 21:59:41,075 - 35663 ]INFO: Simulation Result Meshes:
[ simnibs 4.6.0 - 2026-08-02 21:59:41,075 - 35663 ]INFO: /Users/carl/CODELocalProjects/ear-emg-forward-model/results/e10mm_medium/e03/val_sphere_medium_TDCS_1_scalar.msh
[ simnibs 4.6.0 - 2026-08-02 21:59:41,075 - 35663 ]INFO: =====================================
