[ simnibs 4.6.0 - 2026-08-02 14:30:19,411 - 25435 ]WARNING: Cannot locate subjects m2m folder
[ simnibs 4.6.0 - 2026-08-02 14:30:19,411 - 25435 ]WARNING: some postprocessing options might fail
[ simnibs 4.6.0 - 2026-08-02 14:30:19,411 - 25435 ]INFO: Head Mesh:          /Users/carl/CODELocalProjects/ear-emg-forward-model/data/val_sphere_medium.msh
[ simnibs 4.6.0 - 2026-08-02 14:30:19,411 - 25435 ]INFO: Subject Path:       None
[ simnibs 4.6.0 - 2026-08-02 14:30:19,411 - 25435 ]INFO: Simulation Folder:  /Users/carl/CODELocalProjects/ear-emg-forward-model/results/convergence/medium/e02
[ simnibs 4.6.0 - 2026-08-02 14:30:19,437 - 25435 ]INFO: Running simulations in the directory: /Users/carl/CODELocalProjects/ear-emg-forward-model/results/convergence/medium/e02
[ simnibs 4.6.0 - 2026-08-02 14:30:19,530 - 25435 ]INFO: Running Poslist Number: 1
[ simnibs 4.6.0 - 2026-08-02 14:30:19,530 - 25435 ]INFO: Began to run tDCS simulation
[ simnibs 4.6.0 - 2026-08-02 14:30:19,530 - 25435 ]INFO: Channels: [1, 2]
[ simnibs 4.6.0 - 2026-08-02 14:30:19,530 - 25435 ]INFO: Currents (A): [0.001, -0.001]
[ simnibs 4.6.0 - 2026-08-02 14:30:20,303 - 25435 ]INFO: Placing Electrode:
definition: plane
shape: ellipse
centre: [np.float64(62.75178058475586), np.float64(18.267413841117644), np.float64(61.875)]
pos_ydir: []
dimensions: [15, 15]
thickness:2
channelnr: 1
number of holes: 0

[ simnibs 4.6.0 - 2026-08-02 14:30:21,465 - 25435 ]INFO: Placing Electrode:
definition: plane
shape: ellipse
centre: [np.float64(0.0), np.float64(0.0), np.float64(-90.0)]
pos_ydir: []
dimensions: [15, 15]
thickness:2
channelnr: 2
number of holes: 0

[ simnibs 4.6.0 - 2026-08-02 14:30:23,484 - 25435 ]INFO: Using isotropic conductivities
[ simnibs 4.6.0 - 2026-08-02 14:30:23,522 - 25435 ]INFO: Simulating electrode pair 2101 - 2102
[ simnibs 4.6.0 - 2026-08-02 14:30:23,527 - 25435 ]INFO: Assembling FEM Matrix
[ simnibs 4.6.0 - 2026-08-02 14:30:24,035 - 25435 ]INFO: 0.51 s to assemble FEM matrix
[ simnibs 4.6.0 - 2026-08-02 14:30:24,036 - 25435 ]DEBUG: Solving FEM System
[ simnibs 4.6.0 - 2026-08-02 14:30:24,036 - 25435 ]INFO: Using solver options: hypre
[ simnibs 4.6.0 - 2026-08-02 14:30:24,211 - 25435 ]INFO: Time to set up KSP:   0.1453 s
[ simnibs 4.6.0 - 2026-08-02 14:30:24,521 - 25435 ]INFO: Time to solve:   0.3084 s
[ simnibs 4.6.0 - 2026-08-02 14:30:24,641 - 25435 ]WARNING: The current calibration error exceeded 10%! Estimated error value: 14.95%
[ simnibs 4.6.0 - 2026-08-02 14:30:24,956 - 25435 ]INFO: Creating visualizations
[ simnibs 4.6.0 - 2026-08-02 14:30:25,434 - 25435 ]SUMMARY: 
val_sphere_medium_TDCS_1
========================
Gray Matter

Field Percentiles
-----------------
Top percentiles of the field (or field magnitude for vector fields)
|Field |99.9%        |99.0%        |95.0%        |
|------|-------------|-------------|-------------|
|E     |2.24e-01 V/m |2.00e-01 V/m |1.75e-01 V/m |

Field Focality
---------------
Mesh volume or area with a field >= X% of the 99.9th percentile
|Field |75.0%        |50.0%        |
|------|-------------|-------------|
|E     |2.22e+04 mm³ |1.32e+05 mm³ |

[ simnibs 4.6.0 - 2026-08-02 14:30:25,464 - 25435 ]INFO: Finished Running Poslist Number: 1
[ simnibs 4.6.0 - 2026-08-02 14:30:25,464 - 25435 ]INFO: Result Files:
/Users/carl/CODELocalProjects/ear-emg-forward-model/results/convergence/medium/e02/val_sphere_medium_TDCS_1_scalar.msh
[ simnibs 4.6.0 - 2026-08-02 14:30:25,489 - 25435 ]INFO: =====================================
[ simnibs 4.6.0 - 2026-08-02 14:30:25,489 - 25435 ]INFO: SimNIBS finished running simulations
[ simnibs 4.6.0 - 2026-08-02 14:30:25,489 - 25435 ]INFO: Simulation Result Meshes:
[ simnibs 4.6.0 - 2026-08-02 14:30:25,489 - 25435 ]INFO: /Users/carl/CODELocalProjects/ear-emg-forward-model/results/convergence/medium/e02/val_sphere_medium_TDCS_1_scalar.msh
[ simnibs 4.6.0 - 2026-08-02 14:30:25,489 - 25435 ]INFO: =====================================
