[ simnibs 4.6.0 - 2026-08-02 22:01:18,625 - 35663 ]WARNING: Cannot locate subjects m2m folder
[ simnibs 4.6.0 - 2026-08-02 22:01:18,625 - 35663 ]WARNING: some postprocessing options might fail
[ simnibs 4.6.0 - 2026-08-02 22:01:18,625 - 35663 ]INFO: Head Mesh:          /Users/carl/CODELocalProjects/ear-emg-forward-model/data/val_sphere_medium.msh
[ simnibs 4.6.0 - 2026-08-02 22:01:18,625 - 35663 ]INFO: Subject Path:       None
[ simnibs 4.6.0 - 2026-08-02 22:01:18,625 - 35663 ]INFO: Simulation Folder:  /Users/carl/CODELocalProjects/ear-emg-forward-model/results/e10mm_medium/e15
[ simnibs 4.6.0 - 2026-08-02 22:01:18,663 - 35663 ]INFO: Running simulations in the directory: /Users/carl/CODELocalProjects/ear-emg-forward-model/results/e10mm_medium/e15
[ simnibs 4.6.0 - 2026-08-02 22:01:18,757 - 35663 ]INFO: Running Poslist Number: 1
[ simnibs 4.6.0 - 2026-08-02 22:01:18,758 - 35663 ]INFO: Began to run tDCS simulation
[ simnibs 4.6.0 - 2026-08-02 22:01:18,758 - 35663 ]INFO: Channels: [1, 2]
[ simnibs 4.6.0 - 2026-08-02 22:01:18,758 - 35663 ]INFO: Currents (A): [0.001, -0.001]
[ simnibs 4.6.0 - 2026-08-02 22:01:20,008 - 35663 ]INFO: Placing Electrode:
definition: plane
shape: ellipse
centre: [np.float64(27.489499277199208), np.float64(15.006225524390334), np.float64(-84.375)]
pos_ydir: []
dimensions: [10.0, 10.0]
thickness:2
channelnr: 1
number of holes: 0

[ simnibs 4.6.0 - 2026-08-02 22:01:21,597 - 35663 ]INFO: Placing Electrode:
definition: plane
shape: ellipse
centre: [np.float64(0.0), np.float64(0.0), np.float64(-90.0)]
pos_ydir: []
dimensions: [10.0, 10.0]
thickness:2
channelnr: 2
number of holes: 0

[ simnibs 4.6.0 - 2026-08-02 22:01:24,455 - 35663 ]INFO: Using isotropic conductivities
[ simnibs 4.6.0 - 2026-08-02 22:01:24,503 - 35663 ]INFO: Simulating electrode pair 2101 - 2102
[ simnibs 4.6.0 - 2026-08-02 22:01:24,511 - 35663 ]INFO: Assembling FEM Matrix
[ simnibs 4.6.0 - 2026-08-02 22:01:25,094 - 35663 ]INFO: 0.58 s to assemble FEM matrix
[ simnibs 4.6.0 - 2026-08-02 22:01:25,096 - 35663 ]DEBUG: Solving FEM System
[ simnibs 4.6.0 - 2026-08-02 22:01:25,096 - 35663 ]INFO: Using solver options: hypre
[ simnibs 4.6.0 - 2026-08-02 22:01:25,307 - 35663 ]INFO: Time to set up KSP:   0.1770 s
[ simnibs 4.6.0 - 2026-08-02 22:01:25,661 - 35663 ]INFO: Time to solve:   0.3520 s
[ simnibs 4.6.0 - 2026-08-02 22:01:25,796 - 35663 ]INFO: Estimated current calibration error: 3.7%
[ simnibs 4.6.0 - 2026-08-02 22:01:26,146 - 35663 ]INFO: Creating visualizations
[ simnibs 4.6.0 - 2026-08-02 22:01:26,674 - 35663 ]SUMMARY: 
val_sphere_medium_TDCS_1
========================
Gray Matter

Field Percentiles
-----------------
Top percentiles of the field (or field magnitude for vector fields)
|Field |99.9%        |99.0%        |95.0%        |
|------|-------------|-------------|-------------|
|E     |3.30e-01 V/m |2.25e-01 V/m |9.84e-02 V/m |

Field Focality
---------------
Mesh volume or area with a field >= X% of the 99.9th percentile
|Field |75.0%        |50.0%        |
|------|-------------|-------------|
|E     |2.45e+03 mm³ |6.50e+03 mm³ |

[ simnibs 4.6.0 - 2026-08-02 22:01:26,710 - 35663 ]INFO: Finished Running Poslist Number: 1
[ simnibs 4.6.0 - 2026-08-02 22:01:26,710 - 35663 ]INFO: Result Files:
/Users/carl/CODELocalProjects/ear-emg-forward-model/results/e10mm_medium/e15/val_sphere_medium_TDCS_1_scalar.msh
[ simnibs 4.6.0 - 2026-08-02 22:01:26,741 - 35663 ]INFO: =====================================
[ simnibs 4.6.0 - 2026-08-02 22:01:26,741 - 35663 ]INFO: SimNIBS finished running simulations
[ simnibs 4.6.0 - 2026-08-02 22:01:26,741 - 35663 ]INFO: Simulation Result Meshes:
[ simnibs 4.6.0 - 2026-08-02 22:01:26,741 - 35663 ]INFO: /Users/carl/CODELocalProjects/ear-emg-forward-model/results/e10mm_medium/e15/val_sphere_medium_TDCS_1_scalar.msh
[ simnibs 4.6.0 - 2026-08-02 22:01:26,741 - 35663 ]INFO: =====================================
