[ simnibs 4.6.0 - 2026-08-02 22:28:51,631 - 65913 ]WARNING: Cannot locate subjects m2m folder
[ simnibs 4.6.0 - 2026-08-02 22:28:51,631 - 65913 ]WARNING: some postprocessing options might fail
[ simnibs 4.6.0 - 2026-08-02 22:28:51,631 - 65913 ]INFO: Head Mesh:          /Users/carl/CODELocalProjects/ear-emg-forward-model/data/val_sphere_medium.msh
[ simnibs 4.6.0 - 2026-08-02 22:28:51,631 - 65913 ]INFO: Subject Path:       None
[ simnibs 4.6.0 - 2026-08-02 22:28:51,631 - 65913 ]INFO: Simulation Folder:  /Users/carl/CODELocalProjects/ear-emg-forward-model/results/floor_draws/draw03/e04
[ simnibs 4.6.0 - 2026-08-02 22:28:51,656 - 65913 ]INFO: Running simulations in the directory: /Users/carl/CODELocalProjects/ear-emg-forward-model/results/floor_draws/draw03/e04
[ simnibs 4.6.0 - 2026-08-02 22:28:51,739 - 65913 ]INFO: Running Poslist Number: 1
[ simnibs 4.6.0 - 2026-08-02 22:28:51,739 - 65913 ]INFO: Began to run tDCS simulation
[ simnibs 4.6.0 - 2026-08-02 22:28:51,739 - 65913 ]INFO: Channels: [1, 2]
[ simnibs 4.6.0 - 2026-08-02 22:28:51,739 - 65913 ]INFO: Currents (A): [0.001, -0.001]
[ simnibs 4.6.0 - 2026-08-02 22:28:52,527 - 65913 ]INFO: Placing Electrode:
definition: plane
shape: ellipse
centre: [np.float64(-14.585087328632477), np.float64(76.33310264068211), np.float64(45.39309054099815)]
pos_ydir: []
dimensions: [10.0, 10.0]
thickness:2
channelnr: 1
number of holes: 0

[ simnibs 4.6.0 - 2026-08-02 22:28:53,895 - 65913 ]INFO: Placing Electrode:
definition: plane
shape: ellipse
centre: [np.float64(-4.803807650303908), np.float64(5.982866214438122), np.float64(-89.67234101950844)]
pos_ydir: []
dimensions: [10.0, 10.0]
thickness:2
channelnr: 2
number of holes: 0

[ simnibs 4.6.0 - 2026-08-02 22:28:56,140 - 65913 ]INFO: Using isotropic conductivities
[ simnibs 4.6.0 - 2026-08-02 22:28:56,179 - 65913 ]INFO: Simulating electrode pair 2101 - 2102
[ simnibs 4.6.0 - 2026-08-02 22:28:56,185 - 65913 ]INFO: Assembling FEM Matrix
[ simnibs 4.6.0 - 2026-08-02 22:28:56,707 - 65913 ]INFO: 0.52 s to assemble FEM matrix
[ simnibs 4.6.0 - 2026-08-02 22:28:56,707 - 65913 ]DEBUG: Solving FEM System
[ simnibs 4.6.0 - 2026-08-02 22:28:56,707 - 65913 ]INFO: Using solver options: hypre
[ simnibs 4.6.0 - 2026-08-02 22:28:56,888 - 65913 ]INFO: Time to set up KSP:   0.1521 s
[ simnibs 4.6.0 - 2026-08-02 22:28:57,186 - 65913 ]INFO: Time to solve:   0.2959 s
[ simnibs 4.6.0 - 2026-08-02 22:28:57,290 - 65913 ]INFO: Estimated current calibration error: 7.3%
[ simnibs 4.6.0 - 2026-08-02 22:28:57,586 - 65913 ]INFO: Creating visualizations
[ simnibs 4.6.0 - 2026-08-02 22:28:58,055 - 65913 ]SUMMARY: 
val_sphere_medium_TDCS_1
========================
Gray Matter

Field Percentiles
-----------------
Top percentiles of the field (or field magnitude for vector fields)
|Field |99.9%        |99.0%        |95.0%        |
|------|-------------|-------------|-------------|
|E     |2.59e-01 V/m |2.25e-01 V/m |1.95e-01 V/m |

Field Focality
---------------
Mesh volume or area with a field >= X% of the 99.9th percentile
|Field |75.0%        |50.0%        |
|------|-------------|-------------|
|E     |1.68e+04 mm³ |1.02e+05 mm³ |

[ simnibs 4.6.0 - 2026-08-02 22:28:58,089 - 65913 ]INFO: Finished Running Poslist Number: 1
[ simnibs 4.6.0 - 2026-08-02 22:28:58,089 - 65913 ]INFO: Result Files:
/Users/carl/CODELocalProjects/ear-emg-forward-model/results/floor_draws/draw03/e04/val_sphere_medium_TDCS_1_scalar.msh
[ simnibs 4.6.0 - 2026-08-02 22:28:58,117 - 65913 ]INFO: =====================================
[ simnibs 4.6.0 - 2026-08-02 22:28:58,117 - 65913 ]INFO: SimNIBS finished running simulations
[ simnibs 4.6.0 - 2026-08-02 22:28:58,117 - 65913 ]INFO: Simulation Result Meshes:
[ simnibs 4.6.0 - 2026-08-02 22:28:58,117 - 65913 ]INFO: /Users/carl/CODELocalProjects/ear-emg-forward-model/results/floor_draws/draw03/e04/val_sphere_medium_TDCS_1_scalar.msh
[ simnibs 4.6.0 - 2026-08-02 22:28:58,117 - 65913 ]INFO: =====================================
