[ simnibs 4.6.0 - 2026-08-02 14:29:56,604 - 25110 ]WARNING: Cannot locate subjects m2m folder
[ simnibs 4.6.0 - 2026-08-02 14:29:56,604 - 25110 ]WARNING: some postprocessing options might fail
[ simnibs 4.6.0 - 2026-08-02 14:29:56,605 - 25110 ]INFO: Head Mesh:          /Users/carl/CODELocalProjects/ear-emg-forward-model/data/val_sphere_coarse.msh
[ simnibs 4.6.0 - 2026-08-02 14:29:56,605 - 25110 ]INFO: Subject Path:       None
[ simnibs 4.6.0 - 2026-08-02 14:29:56,605 - 25110 ]INFO: Simulation Folder:  /Users/carl/CODELocalProjects/ear-emg-forward-model/results/convergence/coarse/e13
[ simnibs 4.6.0 - 2026-08-02 14:29:56,615 - 25110 ]INFO: Running simulations in the directory: /Users/carl/CODELocalProjects/ear-emg-forward-model/results/convergence/coarse/e13
[ simnibs 4.6.0 - 2026-08-02 14:29:56,693 - 25110 ]INFO: Running Poslist Number: 1
[ simnibs 4.6.0 - 2026-08-02 14:29:56,693 - 25110 ]INFO: Began to run tDCS simulation
[ simnibs 4.6.0 - 2026-08-02 14:29:56,693 - 25110 ]INFO: Channels: [1, 2]
[ simnibs 4.6.0 - 2026-08-02 14:29:56,693 - 25110 ]INFO: Currents (A): [0.001, -0.001]
[ simnibs 4.6.0 - 2026-08-02 14:29:57,000 - 25110 ]INFO: Placing Electrode:
definition: plane
shape: ellipse
centre: [np.float64(36.21070625221212), np.float64(-54.40835531162475), np.float64(-61.875)]
pos_ydir: []
dimensions: [15, 15]
thickness:2
channelnr: 1
number of holes: 0

[ simnibs 4.6.0 - 2026-08-02 14:29:57,326 - 25110 ]INFO: Placing Electrode:
definition: plane
shape: ellipse
centre: [np.float64(0.0), np.float64(0.0), np.float64(-90.0)]
pos_ydir: []
dimensions: [15, 15]
thickness:2
channelnr: 2
number of holes: 0

[ simnibs 4.6.0 - 2026-08-02 14:29:58,142 - 25110 ]INFO: Using isotropic conductivities
[ simnibs 4.6.0 - 2026-08-02 14:29:58,159 - 25110 ]INFO: Simulating electrode pair 2101 - 2102
[ simnibs 4.6.0 - 2026-08-02 14:29:58,161 - 25110 ]INFO: Assembling FEM Matrix
[ simnibs 4.6.0 - 2026-08-02 14:29:58,371 - 25110 ]INFO: 0.21 s to assemble FEM matrix
[ simnibs 4.6.0 - 2026-08-02 14:29:58,372 - 25110 ]DEBUG: Solving FEM System
[ simnibs 4.6.0 - 2026-08-02 14:29:58,372 - 25110 ]INFO: Using solver options: hypre
[ simnibs 4.6.0 - 2026-08-02 14:29:58,437 - 25110 ]INFO: Time to set up KSP:   0.0545 s
[ simnibs 4.6.0 - 2026-08-02 14:29:58,554 - 25110 ]INFO: Time to solve:   0.1164 s
[ simnibs 4.6.0 - 2026-08-02 14:29:58,637 - 25110 ]WARNING: The current calibration error exceeded 10%! Estimated error value: 31.15%
[ simnibs 4.6.0 - 2026-08-02 14:29:58,774 - 25110 ]INFO: Creating visualizations
[ simnibs 4.6.0 - 2026-08-02 14:29:58,944 - 25110 ]SUMMARY: 
val_sphere_coarse_TDCS_1
========================
Gray Matter

Field Percentiles
-----------------
Top percentiles of the field (or field magnitude for vector fields)
|Field |99.9%        |99.0%        |95.0%        |
|------|-------------|-------------|-------------|
|E     |3.49e-01 V/m |3.27e-01 V/m |2.17e-01 V/m |

Field Focality
---------------
Mesh volume or area with a field >= X% of the 99.9th percentile
|Field |75.0%        |50.0%        |
|------|-------------|-------------|
|E     |1.01e+04 mm³ |2.45e+04 mm³ |

[ simnibs 4.6.0 - 2026-08-02 14:29:58,979 - 25110 ]INFO: Finished Running Poslist Number: 1
[ simnibs 4.6.0 - 2026-08-02 14:29:58,979 - 25110 ]INFO: Result Files:
/Users/carl/CODELocalProjects/ear-emg-forward-model/results/convergence/coarse/e13/val_sphere_coarse_TDCS_1_scalar.msh
[ simnibs 4.6.0 - 2026-08-02 14:29:59,011 - 25110 ]INFO: =====================================
[ simnibs 4.6.0 - 2026-08-02 14:29:59,011 - 25110 ]INFO: SimNIBS finished running simulations
[ simnibs 4.6.0 - 2026-08-02 14:29:59,011 - 25110 ]INFO: Simulation Result Meshes:
[ simnibs 4.6.0 - 2026-08-02 14:29:59,011 - 25110 ]INFO: /Users/carl/CODELocalProjects/ear-emg-forward-model/results/convergence/coarse/e13/val_sphere_coarse_TDCS_1_scalar.msh
[ simnibs 4.6.0 - 2026-08-02 14:29:59,011 - 25110 ]INFO: =====================================
