[ simnibs 4.6.0 - 2026-08-02 14:29:32,777 - 25110 ]WARNING: Cannot locate subjects m2m folder
[ simnibs 4.6.0 - 2026-08-02 14:29:32,777 - 25110 ]WARNING: some postprocessing options might fail
[ simnibs 4.6.0 - 2026-08-02 14:29:32,777 - 25110 ]INFO: Head Mesh:          /Users/carl/CODELocalProjects/ear-emg-forward-model/data/val_sphere_coarse.msh
[ simnibs 4.6.0 - 2026-08-02 14:29:32,777 - 25110 ]INFO: Subject Path:       None
[ simnibs 4.6.0 - 2026-08-02 14:29:32,777 - 25110 ]INFO: Simulation Folder:  /Users/carl/CODELocalProjects/ear-emg-forward-model/results/convergence/coarse/e04
[ simnibs 4.6.0 - 2026-08-02 14:29:32,786 - 25110 ]INFO: Running simulations in the directory: /Users/carl/CODELocalProjects/ear-emg-forward-model/results/convergence/coarse/e04
[ simnibs 4.6.0 - 2026-08-02 14:29:32,871 - 25110 ]INFO: Running Poslist Number: 1
[ simnibs 4.6.0 - 2026-08-02 14:29:32,871 - 25110 ]INFO: Began to run tDCS simulation
[ simnibs 4.6.0 - 2026-08-02 14:29:32,871 - 25110 ]INFO: Channels: [1, 2]
[ simnibs 4.6.0 - 2026-08-02 14:29:32,871 - 25110 ]INFO: Currents (A): [0.001, -0.001]
[ simnibs 4.6.0 - 2026-08-02 14:29:33,194 - 25110 ]INFO: Placing Electrode:
definition: plane
shape: ellipse
centre: [np.float64(-15.74018828953797), np.float64(79.38422921216716), np.float64(39.375)]
pos_ydir: []
dimensions: [15, 15]
thickness:2
channelnr: 1
number of holes: 0

[ simnibs 4.6.0 - 2026-08-02 14:29:33,739 - 25110 ]INFO: Placing Electrode:
definition: plane
shape: ellipse
centre: [np.float64(0.0), np.float64(0.0), np.float64(-90.0)]
pos_ydir: []
dimensions: [15, 15]
thickness:2
channelnr: 2
number of holes: 0

[ simnibs 4.6.0 - 2026-08-02 14:29:34,676 - 25110 ]INFO: Using isotropic conductivities
[ simnibs 4.6.0 - 2026-08-02 14:29:34,693 - 25110 ]INFO: Simulating electrode pair 2101 - 2102
[ simnibs 4.6.0 - 2026-08-02 14:29:34,696 - 25110 ]INFO: Assembling FEM Matrix
[ simnibs 4.6.0 - 2026-08-02 14:29:34,907 - 25110 ]INFO: 0.21 s to assemble FEM matrix
[ simnibs 4.6.0 - 2026-08-02 14:29:34,908 - 25110 ]DEBUG: Solving FEM System
[ simnibs 4.6.0 - 2026-08-02 14:29:34,908 - 25110 ]INFO: Using solver options: hypre
[ simnibs 4.6.0 - 2026-08-02 14:29:34,975 - 25110 ]INFO: Time to set up KSP:   0.0557 s
[ simnibs 4.6.0 - 2026-08-02 14:29:35,086 - 25110 ]INFO: Time to solve:   0.1100 s
[ simnibs 4.6.0 - 2026-08-02 14:29:35,158 - 25110 ]WARNING: The current calibration error exceeded 10%! Estimated error value: 10.60%
[ simnibs 4.6.0 - 2026-08-02 14:29:35,294 - 25110 ]INFO: Creating visualizations
[ simnibs 4.6.0 - 2026-08-02 14:29:35,459 - 25110 ]SUMMARY: 
val_sphere_coarse_TDCS_1
========================
Gray Matter

Field Percentiles
-----------------
Top percentiles of the field (or field magnitude for vector fields)
|Field |99.9%        |99.0%        |95.0%        |
|------|-------------|-------------|-------------|
|E     |3.08e-01 V/m |2.77e-01 V/m |2.45e-01 V/m |

Field Focality
---------------
Mesh volume or area with a field >= X% of the 99.9th percentile
|Field |75.0%        |50.0%        |
|------|-------------|-------------|
|E     |2.56e+04 mm³ |1.15e+05 mm³ |

[ simnibs 4.6.0 - 2026-08-02 14:29:35,490 - 25110 ]INFO: Finished Running Poslist Number: 1
[ simnibs 4.6.0 - 2026-08-02 14:29:35,490 - 25110 ]INFO: Result Files:
/Users/carl/CODELocalProjects/ear-emg-forward-model/results/convergence/coarse/e04/val_sphere_coarse_TDCS_1_scalar.msh
[ simnibs 4.6.0 - 2026-08-02 14:29:35,524 - 25110 ]INFO: =====================================
[ simnibs 4.6.0 - 2026-08-02 14:29:35,524 - 25110 ]INFO: SimNIBS finished running simulations
[ simnibs 4.6.0 - 2026-08-02 14:29:35,524 - 25110 ]INFO: Simulation Result Meshes:
[ simnibs 4.6.0 - 2026-08-02 14:29:35,524 - 25110 ]INFO: /Users/carl/CODELocalProjects/ear-emg-forward-model/results/convergence/coarse/e04/val_sphere_coarse_TDCS_1_scalar.msh
[ simnibs 4.6.0 - 2026-08-02 14:29:35,524 - 25110 ]INFO: =====================================
