[ simnibs 4.6.0 - 2026-08-02 22:00:59,146 - 35663 ]WARNING: Cannot locate subjects m2m folder
[ simnibs 4.6.0 - 2026-08-02 22:00:59,146 - 35663 ]WARNING: some postprocessing options might fail
[ simnibs 4.6.0 - 2026-08-02 22:00:59,146 - 35663 ]INFO: Head Mesh:          /Users/carl/CODELocalProjects/ear-emg-forward-model/data/val_sphere_medium.msh
[ simnibs 4.6.0 - 2026-08-02 22:00:59,146 - 35663 ]INFO: Subject Path:       None
[ simnibs 4.6.0 - 2026-08-02 22:00:59,146 - 35663 ]INFO: Simulation Folder:  /Users/carl/CODELocalProjects/ear-emg-forward-model/results/e10mm_medium/e13
[ simnibs 4.6.0 - 2026-08-02 22:00:59,196 - 35663 ]INFO: Running simulations in the directory: /Users/carl/CODELocalProjects/ear-emg-forward-model/results/e10mm_medium/e13
[ simnibs 4.6.0 - 2026-08-02 22:00:59,319 - 35663 ]INFO: Running Poslist Number: 1
[ simnibs 4.6.0 - 2026-08-02 22:00:59,319 - 35663 ]INFO: Began to run tDCS simulation
[ simnibs 4.6.0 - 2026-08-02 22:00:59,319 - 35663 ]INFO: Channels: [1, 2]
[ simnibs 4.6.0 - 2026-08-02 22:00:59,319 - 35663 ]INFO: Currents (A): [0.001, -0.001]
[ simnibs 4.6.0 - 2026-08-02 22:01:00,884 - 35663 ]INFO: Placing Electrode:
definition: plane
shape: ellipse
centre: [np.float64(36.21070625221212), np.float64(-54.40835531162475), np.float64(-61.875)]
pos_ydir: []
dimensions: [10.0, 10.0]
thickness:2
channelnr: 1
number of holes: 0

[ simnibs 4.6.0 - 2026-08-02 22:01:03,119 - 35663 ]INFO: Placing Electrode:
definition: plane
shape: ellipse
centre: [np.float64(0.0), np.float64(0.0), np.float64(-90.0)]
pos_ydir: []
dimensions: [10.0, 10.0]
thickness:2
channelnr: 2
number of holes: 0

[ simnibs 4.6.0 - 2026-08-02 22:01:06,677 - 35663 ]INFO: Using isotropic conductivities
[ simnibs 4.6.0 - 2026-08-02 22:01:06,729 - 35663 ]INFO: Simulating electrode pair 2101 - 2102
[ simnibs 4.6.0 - 2026-08-02 22:01:06,738 - 35663 ]INFO: Assembling FEM Matrix
[ simnibs 4.6.0 - 2026-08-02 22:01:07,424 - 35663 ]INFO: 0.69 s to assemble FEM matrix
[ simnibs 4.6.0 - 2026-08-02 22:01:07,426 - 35663 ]DEBUG: Solving FEM System
[ simnibs 4.6.0 - 2026-08-02 22:01:07,426 - 35663 ]INFO: Using solver options: hypre
[ simnibs 4.6.0 - 2026-08-02 22:01:07,687 - 35663 ]INFO: Time to set up KSP:   0.2186 s
[ simnibs 4.6.0 - 2026-08-02 22:01:08,092 - 35663 ]INFO: Time to solve:   0.4025 s
[ simnibs 4.6.0 - 2026-08-02 22:01:08,235 - 35663 ]INFO: Estimated current calibration error: 7.9%
[ simnibs 4.6.0 - 2026-08-02 22:01:08,635 - 35663 ]INFO: Creating visualizations
[ simnibs 4.6.0 - 2026-08-02 22:01:09,242 - 35663 ]SUMMARY: 
val_sphere_medium_TDCS_1
========================
Gray Matter

Field Percentiles
-----------------
Top percentiles of the field (or field magnitude for vector fields)
|Field |99.9%        |99.0%        |95.0%        |
|------|-------------|-------------|-------------|
|E     |3.25e-01 V/m |3.05e-01 V/m |2.01e-01 V/m |

Field Focality
---------------
Mesh volume or area with a field >= X% of the 99.9th percentile
|Field |75.0%        |50.0%        |
|------|-------------|-------------|
|E     |1.01e+04 mm³ |2.41e+04 mm³ |

[ simnibs 4.6.0 - 2026-08-02 22:01:09,290 - 35663 ]INFO: Finished Running Poslist Number: 1
[ simnibs 4.6.0 - 2026-08-02 22:01:09,290 - 35663 ]INFO: Result Files:
/Users/carl/CODELocalProjects/ear-emg-forward-model/results/e10mm_medium/e13/val_sphere_medium_TDCS_1_scalar.msh
[ simnibs 4.6.0 - 2026-08-02 22:01:09,336 - 35663 ]INFO: =====================================
[ simnibs 4.6.0 - 2026-08-02 22:01:09,336 - 35663 ]INFO: SimNIBS finished running simulations
[ simnibs 4.6.0 - 2026-08-02 22:01:09,336 - 35663 ]INFO: Simulation Result Meshes:
[ simnibs 4.6.0 - 2026-08-02 22:01:09,336 - 35663 ]INFO: /Users/carl/CODELocalProjects/ear-emg-forward-model/results/e10mm_medium/e13/val_sphere_medium_TDCS_1_scalar.msh
[ simnibs 4.6.0 - 2026-08-02 22:01:09,336 - 35663 ]INFO: =====================================
