[ simnibs 4.6.0 - 2026-08-03 11:17:18,122 - 80710 ]WARNING: Cannot locate subjects m2m folder
[ simnibs 4.6.0 - 2026-08-03 11:17:18,122 - 80710 ]WARNING: some postprocessing options might fail
[ simnibs 4.6.0 - 2026-08-03 11:17:18,122 - 80710 ]INFO: Head Mesh:          /Users/carl/CODELocalProjects/ear-emg-forward-model/data/mida_headneck.msh
[ simnibs 4.6.0 - 2026-08-03 11:17:18,122 - 80710 ]INFO: Subject Path:       None
[ simnibs 4.6.0 - 2026-08-03 11:17:18,122 - 80710 ]INFO: Simulation Folder:  /Users/carl/CODELocalProjects/ear-emg-forward-model/results/leadfields/iso/cg08
[ simnibs 4.6.0 - 2026-08-03 11:17:18,620 - 80710 ]INFO: Running simulations in the directory: /Users/carl/CODELocalProjects/ear-emg-forward-model/results/leadfields/iso/cg08
[ simnibs 4.6.0 - 2026-08-03 11:17:18,704 - 80710 ]INFO: Running Poslist Number: 1
[ simnibs 4.6.0 - 2026-08-03 11:17:18,704 - 80710 ]INFO: Began to run tDCS simulation
[ simnibs 4.6.0 - 2026-08-03 11:17:18,704 - 80710 ]INFO: Channels: [1, 2]
[ simnibs 4.6.0 - 2026-08-03 11:17:18,704 - 80710 ]INFO: Currents (A): [0.001, -0.001]
[ simnibs 4.6.0 - 2026-08-03 11:17:56,195 - 80710 ]INFO: Placing Electrode:
definition: plane
shape: ellipse
centre: [np.float64(63.46), np.float64(-5.18), np.float64(-40.03)]
pos_ydir: []
dimensions: [10.0, 10.0]
thickness:2
channelnr: 1
number of holes: 0

[ simnibs 4.6.0 - 2026-08-03 11:18:03,408 - 80710 ]INFO: Placing Electrode:
definition: plane
shape: ellipse
centre: [np.float64(-71.65), np.float64(7.94), np.float64(-33.44)]
pos_ydir: []
dimensions: [10.0, 10.0]
thickness:2
channelnr: 2
number of holes: 0

[ simnibs 4.6.0 - 2026-08-03 11:18:51,573 - 80710 ]INFO: Using isotropic conductivities
[ simnibs 4.6.0 - 2026-08-03 11:18:54,822 - 80710 ]INFO: Simulating electrode pair 2101 - 2102
[ simnibs 4.6.0 - 2026-08-03 11:18:54,928 - 80710 ]INFO: Assembling FEM Matrix
[ simnibs 4.6.0 - 2026-08-03 11:19:05,227 - 80710 ]INFO: 10.30 s to assemble FEM matrix
[ simnibs 4.6.0 - 2026-08-03 11:19:05,239 - 80710 ]DEBUG: Solving FEM System
[ simnibs 4.6.0 - 2026-08-03 11:19:05,239 - 80710 ]INFO: Using solver options: hypre
[ simnibs 4.6.0 - 2026-08-03 11:19:08,974 - 80710 ]INFO: Time to set up KSP:   3.1870 s
[ simnibs 4.6.0 - 2026-08-03 11:19:22,174 - 80710 ]INFO: Time to solve:  13.1711 s
[ simnibs 4.6.0 - 2026-08-03 11:19:22,972 - 80710 ]WARNING: The current calibration error exceeded 10%! Estimated error value: 28.82%
[ simnibs 4.6.0 - 2026-08-03 11:19:28,164 - 80710 ]INFO: Creating visualizations
[ simnibs 4.6.0 - 2026-08-03 11:19:31,866 - 80710 ]SUMMARY: 
mida_headneck_TDCS_1
====================
Gray Matter

Field Percentiles
-----------------
Top percentiles of the field (or field magnitude for vector fields)
|Field |99.9%        |99.0%        |95.0%        |
|------|-------------|-------------|-------------|
|E     |2.91e-01 V/m |1.89e-01 V/m |1.43e-01 V/m |

Field Focality
---------------
Mesh volume or area with a field >= X% of the 99.9th percentile
|Field |75.0%        |50.0%        |
|------|-------------|-------------|
|E     |4.20e+02 mm³ |3.88e+03 mm³ |

[ simnibs 4.6.0 - 2026-08-03 11:19:31,925 - 80710 ]INFO: Finished Running Poslist Number: 1
[ simnibs 4.6.0 - 2026-08-03 11:19:31,925 - 80710 ]INFO: Result Files:
/Users/carl/CODELocalProjects/ear-emg-forward-model/results/leadfields/iso/cg08/mida_headneck_TDCS_1_scalar.msh
[ simnibs 4.6.0 - 2026-08-03 11:19:31,974 - 80710 ]INFO: =====================================
[ simnibs 4.6.0 - 2026-08-03 11:19:31,974 - 80710 ]INFO: SimNIBS finished running simulations
[ simnibs 4.6.0 - 2026-08-03 11:19:31,974 - 80710 ]INFO: Simulation Result Meshes:
[ simnibs 4.6.0 - 2026-08-03 11:19:31,974 - 80710 ]INFO: /Users/carl/CODELocalProjects/ear-emg-forward-model/results/leadfields/iso/cg08/mida_headneck_TDCS_1_scalar.msh
[ simnibs 4.6.0 - 2026-08-03 11:19:31,974 - 80710 ]INFO: =====================================
