[ simnibs 4.6.0 - 2026-08-02 22:23:46,740 - 65913 ]WARNING: Cannot locate subjects m2m folder
[ simnibs 4.6.0 - 2026-08-02 22:23:46,740 - 65913 ]WARNING: some postprocessing options might fail
[ simnibs 4.6.0 - 2026-08-02 22:23:46,740 - 65913 ]INFO: Head Mesh:          /Users/carl/CODELocalProjects/ear-emg-forward-model/data/val_sphere_medium.msh
[ simnibs 4.6.0 - 2026-08-02 22:23:46,740 - 65913 ]INFO: Subject Path:       None
[ simnibs 4.6.0 - 2026-08-02 22:23:46,740 - 65913 ]INFO: Simulation Folder:  /Users/carl/CODELocalProjects/ear-emg-forward-model/results/floor_draws/draw00/e08
[ simnibs 4.6.0 - 2026-08-02 22:23:46,770 - 65913 ]INFO: Running simulations in the directory: /Users/carl/CODELocalProjects/ear-emg-forward-model/results/floor_draws/draw00/e08
[ simnibs 4.6.0 - 2026-08-02 22:23:46,861 - 65913 ]INFO: Running Poslist Number: 1
[ simnibs 4.6.0 - 2026-08-02 22:23:46,861 - 65913 ]INFO: Began to run tDCS simulation
[ simnibs 4.6.0 - 2026-08-02 22:23:46,861 - 65913 ]INFO: Channels: [1, 2]
[ simnibs 4.6.0 - 2026-08-02 22:23:46,861 - 65913 ]INFO: Currents (A): [0.001, -0.001]
[ simnibs 4.6.0 - 2026-08-02 22:23:47,617 - 65913 ]INFO: Placing Electrode:
definition: plane
shape: ellipse
centre: [np.float64(1.8560634628273744), np.float64(-89.80486848396338), np.float64(-5.625)]
pos_ydir: []
dimensions: [10.0, 10.0]
thickness:2
channelnr: 1
number of holes: 0

[ simnibs 4.6.0 - 2026-08-02 22:23:49,094 - 65913 ]INFO: Placing Electrode:
definition: plane
shape: ellipse
centre: [np.float64(0.0), np.float64(0.0), np.float64(-90.0)]
pos_ydir: []
dimensions: [10.0, 10.0]
thickness:2
channelnr: 2
number of holes: 0

[ simnibs 4.6.0 - 2026-08-02 22:23:51,518 - 65913 ]INFO: Using isotropic conductivities
[ simnibs 4.6.0 - 2026-08-02 22:23:51,558 - 65913 ]INFO: Simulating electrode pair 2101 - 2102
[ simnibs 4.6.0 - 2026-08-02 22:23:51,565 - 65913 ]INFO: Assembling FEM Matrix
[ simnibs 4.6.0 - 2026-08-02 22:23:52,092 - 65913 ]INFO: 0.53 s to assemble FEM matrix
[ simnibs 4.6.0 - 2026-08-02 22:23:52,092 - 65913 ]DEBUG: Solving FEM System
[ simnibs 4.6.0 - 2026-08-02 22:23:52,092 - 65913 ]INFO: Using solver options: hypre
[ simnibs 4.6.0 - 2026-08-02 22:23:52,282 - 65913 ]INFO: Time to set up KSP:   0.1596 s
[ simnibs 4.6.0 - 2026-08-02 22:23:52,591 - 65913 ]INFO: Time to solve:   0.3070 s
[ simnibs 4.6.0 - 2026-08-02 22:23:52,704 - 65913 ]WARNING: The current calibration error exceeded 10%! Estimated error value: 20.18%
[ simnibs 4.6.0 - 2026-08-02 22:23:53,013 - 65913 ]INFO: Creating visualizations
[ simnibs 4.6.0 - 2026-08-02 22:23:53,488 - 65913 ]SUMMARY: 
val_sphere_medium_TDCS_1
========================
Gray Matter

Field Percentiles
-----------------
Top percentiles of the field (or field magnitude for vector fields)
|Field |99.9%        |99.0%        |95.0%        |
|------|-------------|-------------|-------------|
|E     |2.63e-01 V/m |2.35e-01 V/m |2.11e-01 V/m |

Field Focality
---------------
Mesh volume or area with a field >= X% of the 99.9th percentile
|Field |75.0%        |50.0%        |
|------|-------------|-------------|
|E     |2.41e+04 mm³ |6.93e+04 mm³ |

[ simnibs 4.6.0 - 2026-08-02 22:23:53,528 - 65913 ]INFO: Finished Running Poslist Number: 1
[ simnibs 4.6.0 - 2026-08-02 22:23:53,528 - 65913 ]INFO: Result Files:
/Users/carl/CODELocalProjects/ear-emg-forward-model/results/floor_draws/draw00/e08/val_sphere_medium_TDCS_1_scalar.msh
[ simnibs 4.6.0 - 2026-08-02 22:23:53,566 - 65913 ]INFO: =====================================
[ simnibs 4.6.0 - 2026-08-02 22:23:53,566 - 65913 ]INFO: SimNIBS finished running simulations
[ simnibs 4.6.0 - 2026-08-02 22:23:53,566 - 65913 ]INFO: Simulation Result Meshes:
[ simnibs 4.6.0 - 2026-08-02 22:23:53,566 - 65913 ]INFO: /Users/carl/CODELocalProjects/ear-emg-forward-model/results/floor_draws/draw00/e08/val_sphere_medium_TDCS_1_scalar.msh
[ simnibs 4.6.0 - 2026-08-02 22:23:53,566 - 65913 ]INFO: =====================================
