[ simnibs 4.6.0 - 2026-08-02 20:08:14,191 - 82043 ]WARNING: Cannot locate subjects m2m folder
[ simnibs 4.6.0 - 2026-08-02 20:08:14,191 - 82043 ]WARNING: some postprocessing options might fail
[ simnibs 4.6.0 - 2026-08-02 20:08:14,191 - 82043 ]INFO: Head Mesh:          /Users/carl/CODELocalProjects/ear-emg-forward-model/data/mida_headneck.msh
[ simnibs 4.6.0 - 2026-08-02 20:08:14,191 - 82043 ]INFO: Subject Path:       None
[ simnibs 4.6.0 - 2026-08-02 20:08:14,191 - 82043 ]INFO: Simulation Folder:  /Users/carl/CODELocalProjects/ear-emg-forward-model/results/cavity/air__hyoid
[ simnibs 4.6.0 - 2026-08-02 20:08:14,635 - 82043 ]INFO: Running simulations in the directory: /Users/carl/CODELocalProjects/ear-emg-forward-model/results/cavity/air__hyoid
[ simnibs 4.6.0 - 2026-08-02 20:08:14,712 - 82043 ]INFO: Running Poslist Number: 1
[ simnibs 4.6.0 - 2026-08-02 20:08:14,712 - 82043 ]INFO: Began to run tDCS simulation
[ simnibs 4.6.0 - 2026-08-02 20:08:14,712 - 82043 ]INFO: Channels: [1, 2]
[ simnibs 4.6.0 - 2026-08-02 20:08:14,713 - 82043 ]INFO: Currents (A): [0.001, -0.001]
[ simnibs 4.6.0 - 2026-08-02 20:08:47,448 - 82043 ]INFO: Placing Electrode:
definition: plane
shape: ellipse
centre: [np.float64(-9.33), np.float64(42.74), np.float64(-108.23)]
pos_ydir: []
dimensions: [10, 10]
thickness:2
channelnr: 1
number of holes: 0

[ simnibs 4.6.0 - 2026-08-02 20:08:54,316 - 82043 ]INFO: Placing Electrode:
definition: plane
shape: ellipse
centre: [np.float64(-71.65), np.float64(7.94), np.float64(-33.44)]
pos_ydir: []
dimensions: [10, 10]
thickness:2
channelnr: 2
number of holes: 0

[ simnibs 4.6.0 - 2026-08-02 20:09:36,736 - 82043 ]INFO: Using isotropic conductivities
[ simnibs 4.6.0 - 2026-08-02 20:09:39,928 - 82043 ]INFO: Simulating electrode pair 2101 - 2102
[ simnibs 4.6.0 - 2026-08-02 20:09:40,037 - 82043 ]INFO: Assembling FEM Matrix
[ simnibs 4.6.0 - 2026-08-02 20:09:49,828 - 82043 ]INFO: 9.79 s to assemble FEM matrix
[ simnibs 4.6.0 - 2026-08-02 20:09:49,843 - 82043 ]DEBUG: Solving FEM System
[ simnibs 4.6.0 - 2026-08-02 20:09:49,843 - 82043 ]INFO: Using solver options: hypre
[ simnibs 4.6.0 - 2026-08-02 20:09:53,459 - 82043 ]INFO: Time to set up KSP:   3.1116 s
[ simnibs 4.6.0 - 2026-08-02 20:10:06,262 - 82043 ]INFO: Time to solve:  12.7794 s
[ simnibs 4.6.0 - 2026-08-02 20:10:06,980 - 82043 ]INFO: Estimated current calibration error: 8.8%
[ simnibs 4.6.0 - 2026-08-02 20:10:11,915 - 82043 ]INFO: Creating visualizations
[ simnibs 4.6.0 - 2026-08-02 20:10:15,462 - 82043 ]SUMMARY: 
mida_headneck_TDCS_1
====================
Gray Matter

Field Percentiles
-----------------
Top percentiles of the field (or field magnitude for vector fields)
|Field |99.9%        |99.0%        |95.0%        |
|------|-------------|-------------|-------------|
|E     |1.55e-01 V/m |1.08e-01 V/m |7.78e-02 V/m |

Field Focality
---------------
Mesh volume or area with a field >= X% of the 99.9th percentile
|Field |75.0%        |50.0%        |
|------|-------------|-------------|
|E     |5.77e+02 mm³ |4.46e+03 mm³ |

[ simnibs 4.6.0 - 2026-08-02 20:10:15,508 - 82043 ]INFO: Finished Running Poslist Number: 1
[ simnibs 4.6.0 - 2026-08-02 20:10:15,508 - 82043 ]INFO: Result Files:
/Users/carl/CODELocalProjects/ear-emg-forward-model/results/cavity/air__hyoid/mida_headneck_TDCS_1_scalar.msh
[ simnibs 4.6.0 - 2026-08-02 20:10:15,547 - 82043 ]INFO: =====================================
[ simnibs 4.6.0 - 2026-08-02 20:10:15,547 - 82043 ]INFO: SimNIBS finished running simulations
[ simnibs 4.6.0 - 2026-08-02 20:10:15,547 - 82043 ]INFO: Simulation Result Meshes:
[ simnibs 4.6.0 - 2026-08-02 20:10:15,547 - 82043 ]INFO: /Users/carl/CODELocalProjects/ear-emg-forward-model/results/cavity/air__hyoid/mida_headneck_TDCS_1_scalar.msh
[ simnibs 4.6.0 - 2026-08-02 20:10:15,547 - 82043 ]INFO: =====================================
