[ simnibs 4.6.0 - 2026-08-02 20:28:15,120 - 91223 ]WARNING: Cannot locate subjects m2m folder
[ simnibs 4.6.0 - 2026-08-02 20:28:15,120 - 91223 ]WARNING: some postprocessing options might fail
[ simnibs 4.6.0 - 2026-08-02 20:28:15,120 - 91223 ]INFO: Head Mesh:          /Users/carl/CODELocalProjects/ear-emg-forward-model/data/mida_headneck.msh
[ simnibs 4.6.0 - 2026-08-02 20:28:15,120 - 91223 ]INFO: Subject Path:       None
[ simnibs 4.6.0 - 2026-08-02 20:28:15,120 - 91223 ]INFO: Simulation Folder:  /Users/carl/CODELocalProjects/ear-emg-forward-model/results/cavity/air__hyoid
[ simnibs 4.6.0 - 2026-08-02 20:28:15,557 - 91223 ]INFO: Running simulations in the directory: /Users/carl/CODELocalProjects/ear-emg-forward-model/results/cavity/air__hyoid
[ simnibs 4.6.0 - 2026-08-02 20:28:15,634 - 91223 ]INFO: Running Poslist Number: 1
[ simnibs 4.6.0 - 2026-08-02 20:28:15,634 - 91223 ]INFO: Began to run tDCS simulation
[ simnibs 4.6.0 - 2026-08-02 20:28:15,634 - 91223 ]INFO: Channels: [1, 2]
[ simnibs 4.6.0 - 2026-08-02 20:28:15,635 - 91223 ]INFO: Currents (A): [0.001, -0.001]
[ simnibs 4.6.0 - 2026-08-02 20:28:51,541 - 91223 ]INFO: Placing Electrode:
definition: plane
shape: ellipse
centre: [np.float64(-9.33), np.float64(42.74), np.float64(-108.23)]
pos_ydir: []
dimensions: [10, 10]
thickness:2
channelnr: 1
number of holes: 0

[ simnibs 4.6.0 - 2026-08-02 20:28:58,621 - 91223 ]INFO: Placing Electrode:
definition: plane
shape: ellipse
centre: [np.float64(-71.65), np.float64(7.94), np.float64(-33.44)]
pos_ydir: []
dimensions: [10, 10]
thickness:2
channelnr: 2
number of holes: 0

[ simnibs 4.6.0 - 2026-08-02 20:29:42,855 - 91223 ]INFO: Using isotropic conductivities
[ simnibs 4.6.0 - 2026-08-02 20:29:46,115 - 91223 ]INFO: Simulating electrode pair 2101 - 2102
[ simnibs 4.6.0 - 2026-08-02 20:29:46,221 - 91223 ]INFO: Assembling FEM Matrix
[ simnibs 4.6.0 - 2026-08-02 20:29:55,990 - 91223 ]INFO: 9.77 s to assemble FEM matrix
[ simnibs 4.6.0 - 2026-08-02 20:29:55,998 - 91223 ]DEBUG: Solving FEM System
[ simnibs 4.6.0 - 2026-08-02 20:29:55,998 - 91223 ]INFO: Using solver options: hypre
[ simnibs 4.6.0 - 2026-08-02 20:29:59,660 - 91223 ]INFO: Time to set up KSP:   3.1511 s
[ simnibs 4.6.0 - 2026-08-02 20:30:12,496 - 91223 ]INFO: Time to solve:  12.8123 s
[ simnibs 4.6.0 - 2026-08-02 20:30:13,186 - 91223 ]INFO: Estimated current calibration error: 8.8%
[ simnibs 4.6.0 - 2026-08-02 20:30:18,023 - 91223 ]INFO: Creating visualizations
[ simnibs 4.6.0 - 2026-08-02 20:30:21,678 - 91223 ]SUMMARY: 
mida_headneck_TDCS_1
====================
Gray Matter

Field Percentiles
-----------------
Top percentiles of the field (or field magnitude for vector fields)
|Field |99.9%        |99.0%        |95.0%        |
|------|-------------|-------------|-------------|
|E     |1.55e-01 V/m |1.08e-01 V/m |7.78e-02 V/m |

Field Focality
---------------
Mesh volume or area with a field >= X% of the 99.9th percentile
|Field |75.0%        |50.0%        |
|------|-------------|-------------|
|E     |5.77e+02 mm³ |4.46e+03 mm³ |

[ simnibs 4.6.0 - 2026-08-02 20:30:21,746 - 91223 ]INFO: Finished Running Poslist Number: 1
[ simnibs 4.6.0 - 2026-08-02 20:30:21,746 - 91223 ]INFO: Result Files:
/Users/carl/CODELocalProjects/ear-emg-forward-model/results/cavity/air__hyoid/mida_headneck_TDCS_1_scalar.msh
[ simnibs 4.6.0 - 2026-08-02 20:30:21,801 - 91223 ]INFO: =====================================
[ simnibs 4.6.0 - 2026-08-02 20:30:21,801 - 91223 ]INFO: SimNIBS finished running simulations
[ simnibs 4.6.0 - 2026-08-02 20:30:21,801 - 91223 ]INFO: Simulation Result Meshes:
[ simnibs 4.6.0 - 2026-08-02 20:30:21,801 - 91223 ]INFO: /Users/carl/CODELocalProjects/ear-emg-forward-model/results/cavity/air__hyoid/mida_headneck_TDCS_1_scalar.msh
[ simnibs 4.6.0 - 2026-08-02 20:30:21,801 - 91223 ]INFO: =====================================
