[ simnibs 4.6.0 - 2026-08-02 21:53:17,073 - 30868 ]WARNING: Cannot locate subjects m2m folder
[ simnibs 4.6.0 - 2026-08-02 21:53:17,073 - 30868 ]WARNING: some postprocessing options might fail
[ simnibs 4.6.0 - 2026-08-02 21:53:17,073 - 30868 ]INFO: Head Mesh:          /Users/carl/CODELocalProjects/ear-emg-forward-model/data/mida_headneck.msh
[ simnibs 4.6.0 - 2026-08-02 21:53:17,073 - 30868 ]INFO: Subject Path:       None
[ simnibs 4.6.0 - 2026-08-02 21:53:17,073 - 30868 ]INFO: Simulation Folder:  /Users/carl/CODELocalProjects/ear-emg-forward-model/results/cavity/air__hyoid
[ simnibs 4.6.0 - 2026-08-02 21:53:17,504 - 30868 ]INFO: Running simulations in the directory: /Users/carl/CODELocalProjects/ear-emg-forward-model/results/cavity/air__hyoid
[ simnibs 4.6.0 - 2026-08-02 21:53:17,584 - 30868 ]INFO: Running Poslist Number: 1
[ simnibs 4.6.0 - 2026-08-02 21:53:17,584 - 30868 ]INFO: Began to run tDCS simulation
[ simnibs 4.6.0 - 2026-08-02 21:53:17,584 - 30868 ]INFO: Channels: [1, 2]
[ simnibs 4.6.0 - 2026-08-02 21:53:17,584 - 30868 ]INFO: Currents (A): [0.001, -0.001]
[ simnibs 4.6.0 - 2026-08-02 21:53:56,984 - 30868 ]INFO: Placing Electrode:
definition: plane
shape: ellipse
centre: [np.float64(-9.33), np.float64(42.74), np.float64(-108.23)]
pos_ydir: []
dimensions: [10, 10]
thickness:2
channelnr: 1
number of holes: 0

[ simnibs 4.6.0 - 2026-08-02 21:54:04,872 - 30868 ]INFO: Placing Electrode:
definition: plane
shape: ellipse
centre: [np.float64(-71.65), np.float64(7.94), np.float64(-33.44)]
pos_ydir: []
dimensions: [10, 10]
thickness:2
channelnr: 2
number of holes: 0

[ simnibs 4.6.0 - 2026-08-02 21:54:56,141 - 30868 ]INFO: Using isotropic conductivities
[ simnibs 4.6.0 - 2026-08-02 21:54:59,504 - 30868 ]INFO: Simulating electrode pair 2101 - 2102
[ simnibs 4.6.0 - 2026-08-02 21:54:59,625 - 30868 ]INFO: Assembling FEM Matrix
[ simnibs 4.6.0 - 2026-08-02 21:55:09,878 - 30868 ]INFO: 10.25 s to assemble FEM matrix
[ simnibs 4.6.0 - 2026-08-02 21:55:09,891 - 30868 ]DEBUG: Solving FEM System
[ simnibs 4.6.0 - 2026-08-02 21:55:09,891 - 30868 ]INFO: Using solver options: hypre
[ simnibs 4.6.0 - 2026-08-02 21:55:13,817 - 30868 ]INFO: Time to set up KSP:   3.3607 s
[ simnibs 4.6.0 - 2026-08-02 21:55:27,449 - 30868 ]INFO: Time to solve:  13.6039 s
[ simnibs 4.6.0 - 2026-08-02 21:55:28,241 - 30868 ]INFO: Estimated current calibration error: 8.8%
[ simnibs 4.6.0 - 2026-08-02 21:55:33,407 - 30868 ]INFO: Creating visualizations
[ simnibs 4.6.0 - 2026-08-02 21:55:37,105 - 30868 ]SUMMARY: 
mida_headneck_TDCS_1
====================
Gray Matter

Field Percentiles
-----------------
Top percentiles of the field (or field magnitude for vector fields)
|Field |99.9%        |99.0%        |95.0%        |
|------|-------------|-------------|-------------|
|E     |1.55e-01 V/m |1.08e-01 V/m |7.78e-02 V/m |

Field Focality
---------------
Mesh volume or area with a field >= X% of the 99.9th percentile
|Field |75.0%        |50.0%        |
|------|-------------|-------------|
|E     |5.77e+02 mm³ |4.46e+03 mm³ |

[ simnibs 4.6.0 - 2026-08-02 21:55:37,159 - 30868 ]INFO: Finished Running Poslist Number: 1
[ simnibs 4.6.0 - 2026-08-02 21:55:37,159 - 30868 ]INFO: Result Files:
/Users/carl/CODELocalProjects/ear-emg-forward-model/results/cavity/air__hyoid/mida_headneck_TDCS_1_scalar.msh
[ simnibs 4.6.0 - 2026-08-02 21:55:37,211 - 30868 ]INFO: =====================================
[ simnibs 4.6.0 - 2026-08-02 21:55:37,211 - 30868 ]INFO: SimNIBS finished running simulations
[ simnibs 4.6.0 - 2026-08-02 21:55:37,211 - 30868 ]INFO: Simulation Result Meshes:
[ simnibs 4.6.0 - 2026-08-02 21:55:37,211 - 30868 ]INFO: /Users/carl/CODELocalProjects/ear-emg-forward-model/results/cavity/air__hyoid/mida_headneck_TDCS_1_scalar.msh
[ simnibs 4.6.0 - 2026-08-02 21:55:37,211 - 30868 ]INFO: =====================================
