[ simnibs 4.6.0 - 2026-08-02 16:03:47,091 - 74750 ]WARNING: Cannot locate subjects m2m folder
[ simnibs 4.6.0 - 2026-08-02 16:03:47,091 - 74750 ]WARNING: some postprocessing options might fail
[ simnibs 4.6.0 - 2026-08-02 16:03:47,091 - 74750 ]INFO: Head Mesh:          /Users/carl/CODELocalProjects/ear-emg-forward-model/data/val_sphere_vcoarse.msh
[ simnibs 4.6.0 - 2026-08-02 16:03:47,091 - 74750 ]INFO: Subject Path:       None
[ simnibs 4.6.0 - 2026-08-02 16:03:47,091 - 74750 ]INFO: Simulation Folder:  /Users/carl/CODELocalProjects/ear-emg-forward-model/results/convergence/vcoarse/e14
[ simnibs 4.6.0 - 2026-08-02 16:03:47,097 - 74750 ]INFO: Running simulations in the directory: /Users/carl/CODELocalProjects/ear-emg-forward-model/results/convergence/vcoarse/e14
[ simnibs 4.6.0 - 2026-08-02 16:03:47,193 - 74750 ]INFO: Running Poslist Number: 1
[ simnibs 4.6.0 - 2026-08-02 16:03:47,193 - 74750 ]INFO: Began to run tDCS simulation
[ simnibs 4.6.0 - 2026-08-02 16:03:47,193 - 74750 ]INFO: Channels: [1, 2]
[ simnibs 4.6.0 - 2026-08-02 16:03:47,193 - 74750 ]INFO: Currents (A): [0.001, -0.001]
[ simnibs 4.6.0 - 2026-08-02 16:03:47,386 - 74750 ]INFO: Placing Electrode:
definition: plane
shape: ellipse
centre: [np.float64(-50.93832431346133), np.float64(12.570659932423387), np.float64(-73.125)]
pos_ydir: []
dimensions: [15, 15]
thickness:2
channelnr: 1
number of holes: 0

[ simnibs 4.6.0 - 2026-08-02 16:03:47,814 - 74750 ]INFO: Placing Electrode:
definition: plane
shape: ellipse
centre: [np.float64(0.0), np.float64(0.0), np.float64(-90.0)]
pos_ydir: []
dimensions: [15, 15]
thickness:2
channelnr: 2
number of holes: 0

[ simnibs 4.6.0 - 2026-08-02 16:03:48,600 - 74750 ]INFO: Using isotropic conductivities
[ simnibs 4.6.0 - 2026-08-02 16:03:48,610 - 74750 ]INFO: Simulating electrode pair 2101 - 2102
[ simnibs 4.6.0 - 2026-08-02 16:03:48,611 - 74750 ]INFO: Assembling FEM Matrix
[ simnibs 4.6.0 - 2026-08-02 16:03:48,716 - 74750 ]INFO: 0.10 s to assemble FEM matrix
[ simnibs 4.6.0 - 2026-08-02 16:03:48,716 - 74750 ]DEBUG: Solving FEM System
[ simnibs 4.6.0 - 2026-08-02 16:03:48,716 - 74750 ]INFO: Using solver options: hypre
[ simnibs 4.6.0 - 2026-08-02 16:03:48,753 - 74750 ]INFO: Time to set up KSP:   0.0310 s
[ simnibs 4.6.0 - 2026-08-02 16:03:48,811 - 74750 ]INFO: Time to solve:   0.0575 s
[ simnibs 4.6.0 - 2026-08-02 16:03:48,917 - 74750 ]INFO: Estimated current calibration error: 9.9%
[ simnibs 4.6.0 - 2026-08-02 16:03:49,028 - 74750 ]INFO: Creating visualizations
[ simnibs 4.6.0 - 2026-08-02 16:03:49,130 - 74750 ]SUMMARY: 
val_sphere_vcoarse_TDCS_1
=========================
Gray Matter

Field Percentiles
-----------------
Top percentiles of the field (or field magnitude for vector fields)
|Field |99.9%        |99.0%        |95.0%        |
|------|-------------|-------------|-------------|
|E     |3.07e-01 V/m |2.64e-01 V/m |1.48e-01 V/m |

Field Focality
---------------
Mesh volume or area with a field >= X% of the 99.9th percentile
|Field |75.0%        |50.0%        |
|------|-------------|-------------|
|E     |5.73e+03 mm³ |1.52e+04 mm³ |

[ simnibs 4.6.0 - 2026-08-02 16:03:49,177 - 74750 ]INFO: Finished Running Poslist Number: 1
[ simnibs 4.6.0 - 2026-08-02 16:03:49,177 - 74750 ]INFO: Result Files:
/Users/carl/CODELocalProjects/ear-emg-forward-model/results/convergence/vcoarse/e14/val_sphere_vcoarse_TDCS_1_scalar.msh
[ simnibs 4.6.0 - 2026-08-02 16:03:49,231 - 74750 ]INFO: =====================================
[ simnibs 4.6.0 - 2026-08-02 16:03:49,231 - 74750 ]INFO: SimNIBS finished running simulations
[ simnibs 4.6.0 - 2026-08-02 16:03:49,231 - 74750 ]INFO: Simulation Result Meshes:
[ simnibs 4.6.0 - 2026-08-02 16:03:49,231 - 74750 ]INFO: /Users/carl/CODELocalProjects/ear-emg-forward-model/results/convergence/vcoarse/e14/val_sphere_vcoarse_TDCS_1_scalar.msh
[ simnibs 4.6.0 - 2026-08-02 16:03:49,231 - 74750 ]INFO: =====================================
